Archive member included to satisfy reference by file (symbol)

app/libapp.a(main.c.obj)      (--whole-archive)
zephyr/libzephyr.a(crc32c_sw.c.obj)
                              (--whole-archive)
zephyr/libzephyr.a(crc32_sw.c.obj)
                              (--whole-archive)
zephyr/libzephyr.a(crc16_sw.c.obj)
                              (--whole-archive)
zephyr/libzephyr.a(crc8_sw.c.obj)
                              (--whole-archive)
zephyr/libzephyr.a(crc7_sw.c.obj)
                              (--whole-archive)
zephyr/libzephyr.a(crc4_sw.c.obj)
                              (--whole-archive)
zephyr/libzephyr.a(cbprintf_packaged.c.obj)
                              (--whole-archive)
zephyr/libzephyr.a(dec.c.obj)
                              (--whole-archive)
zephyr/libzephyr.a(hex.c.obj)
                              (--whole-archive)
zephyr/libzephyr.a(printk.c.obj)
                              (--whole-archive)
zephyr/libzephyr.a(rb.c.obj)  (--whole-archive)
zephyr/libzephyr.a(sem.c.obj)
                              (--whole-archive)
zephyr/libzephyr.a(thread_entry.c.obj)
                              (--whole-archive)
zephyr/libzephyr.a(timeutil.c.obj)
                              (--whole-archive)
zephyr/libzephyr.a(heap.c.obj)
                              (--whole-archive)
zephyr/libzephyr.a(heap-validate.c.obj)
                              (--whole-archive)
zephyr/libzephyr.a(bitarray.c.obj)
                              (--whole-archive)
zephyr/libzephyr.a(multi_heap.c.obj)
                              (--whole-archive)
zephyr/libzephyr.a(onoff.c.obj)
                              (--whole-archive)
zephyr/libzephyr.a(notify.c.obj)
                              (--whole-archive)
zephyr/libzephyr.a(cbprintf_complete.c.obj)
                              (--whole-archive)
zephyr/libzephyr.a(ring_buffer.c.obj)
                              (--whole-archive)
zephyr/libzephyr.a(assert.c.obj)
                              (--whole-archive)
zephyr/libzephyr.a(reboot.c.obj)
                              (--whole-archive)
zephyr/libzephyr.a(configs.c.obj)
                              (--whole-archive)
zephyr/libzephyr.a(nvs.c.obj)
                              (--whole-archive)
zephyr/libzephyr.a(ipc_service.c.obj)
                              (--whole-archive)
zephyr/libzephyr.a(ipc_rpmsg_static_vrings.c.obj)
                              (--whole-archive)
zephyr/libzephyr.a(ipc_rpmsg.c.obj)
                              (--whole-archive)
zephyr/libzephyr.a(ipc_static_vrings.c.obj)
                              (--whole-archive)
zephyr/libzephyr.a(log_minimal.c.obj)
                              (--whole-archive)
zephyr/libzephyr.a(mem_attr.c.obj)
                              (--whole-archive)
zephyr/libzephyr.a(flash_map.c.obj)
                              (--whole-archive)
zephyr/libzephyr.a(flash_map_layout.c.obj)
                              (--whole-archive)
zephyr/libzephyr.a(tracing_none.c.obj)
                              (--whole-archive)
zephyr/libzephyr.a(dis.c.obj)
                              (--whole-archive)
zephyr/libzephyr.a(addr_utils.c.obj)
                              (--whole-archive)
zephyr/libzephyr.a(settings_store.c.obj)
                              (--whole-archive)
zephyr/libzephyr.a(settings.c.obj)
                              (--whole-archive)
zephyr/libzephyr.a(settings_init.c.obj)
                              (--whole-archive)
zephyr/libzephyr.a(settings_line.c.obj)
                              (--whole-archive)
zephyr/libzephyr.a(settings_nvs.c.obj)
                              (--whole-archive)
zephyr/libzephyr.a(ndef_file.c.obj)
                              (--whole-archive)
zephyr/libzephyr.a(flash_map_partition_manager.c.obj)
                              (--whole-archive)
zephyr/libzephyr.a(utils.c.obj)
                              (--whole-archive)
zephyr/libzephyr.a(aes_decrypt.c.obj)
                              (--whole-archive)
zephyr/libzephyr.a(aes_encrypt.c.obj)
                              (--whole-archive)
zephyr/libzephyr.a(cmac_mode.c.obj)
                              (--whole-archive)
zephyr/libzephyr.a(sha256.c.obj)
                              (--whole-archive)
zephyr/libzephyr.a(hmac.c.obj)
                              (--whole-archive)
zephyr/libzephyr.a(hmac_prng.c.obj)
                              (--whole-archive)
zephyr/libzephyr.a(nfc_nrfx_error_to_nfc.c.obj)
                              (--whole-archive)
zephyr/libzephyr.a(nrf_cc3xx_platform_abort_zephyr.c.obj)
                              (--whole-archive)
zephyr/libzephyr.a(nrf_cc3xx_platform_mutex_zephyr.c.obj)
                              (--whole-archive)
zephyr/arch/common/libarch__common.a(sw_isr_common.c.obj)
                              (--whole-archive)
zephyr/arch/arch/arm/core/libarch__arm__core.a(fatal.c.obj)
                              (--whole-archive)
zephyr/arch/arch/arm/core/libarch__arm__core.a(nmi.c.obj)
[...]
Memory Configuration

Name             Origin             Length             Attributes
FLASH            0x0000000000000000 0x00000000000fc000 xr
RAM              0x0000000020000000 0x0000000000070000 xw
IDT_LIST         0x00000000ffff7fff 0x0000000000008000 xw
*default*        0x0000000000000000 0xffffffffffffffff

Linker script and memory map

                0x0000000000018afc                vfprintf = __l_vfprintf
                0x0000000000000000                vfscanf = __l_vfscanf
LOAD zephyr/CMakeFiles/zephyr_final.dir/misc/empty_file.c.obj
LOAD zephyr/CMakeFiles/zephyr_final.dir/isr_tables.c.obj
LOAD zephyr/CMakeFiles/offsets.dir/./arch/arm/core/offsets/offsets.c.obj
LOAD app/libapp.a
LOAD zephyr/libzephyr.a
LOAD zephyr/arch/common/libarch__common.a
LOAD zephyr/arch/arch/arm/core/libarch__arm__core.a
LOAD zephyr/arch/arch/arm/core/cortex_m/libarch__arm__core__cortex_m.a
LOAD zephyr/arch/arch/arm/core/cortex_m/cmse/libarch__arm__core__cortex_m__cmse.a
LOAD zephyr/arch/arch/arm/core/mpu/libarch__arm__core__mpu.a
LOAD zephyr/lib/libc/picolibc/liblib__libc__picolibc.a
LOAD zephyr/lib/libc/common/liblib__libc__common.a
LOAD zephyr/soc/soc/arm/nordic_nrf/libsoc__arm__nordic_nrf.a
LOAD zephyr/boards/arm/nrf5340dk_nrf5340/libboards__arm__nrf5340dk_nrf5340.a
LOAD zephyr/subsys/bluetooth/common/libsubsys__bluetooth__common.a
LOAD zephyr/subsys/bluetooth/host/libsubsys__bluetooth__host.a
LOAD zephyr/subsys/bluetooth/crypto/libsubsys__bluetooth__crypto.a
LOAD zephyr/subsys/net/libsubsys__net.a
LOAD zephyr/drivers/bluetooth/libdrivers__bluetooth.a
LOAD zephyr/drivers/clock_control/libdrivers__clock_control.a
LOAD zephyr/drivers/console/libdrivers__console.a
LOAD zephyr/drivers/flash/libdrivers__flash.a
LOAD zephyr/drivers/gpio/libdrivers__gpio.a
LOAD zephyr/drivers/mbox/libdrivers__mbox.a
LOAD zephyr/drivers/pinctrl/libdrivers__pinctrl.a
LOAD zephyr/drivers/serial/libdrivers__serial.a
LOAD zephyr/drivers/timer/libdrivers__timer.a
LOAD modules/nrf/lib/dk_buttons_and_leds/lib..__nrf__lib__dk_buttons_and_leds.a
LOAD modules/nrf/lib/fatal_error/lib..__nrf__lib__fatal_error.a
LOAD modules/nrf/subsys/nfc/ndef/lib..__nrf__subsys__nfc__ndef.a
LOAD modules/nrf/subsys/nfc/lib/lib..__nrf__subsys__nfc__lib.a
LOAD modules/nrf/subsys/nfc/tnep/lib..__nrf__subsys__nfc__tnep.a
LOAD modules/nrf/drivers/hw_cc3xx/lib..__nrf__drivers__hw_cc3xx.a
LOAD modules/hal_nordic/nrfx/libmodules__hal_nordic__nrfx.a
LOAD modules/libmetal/libmetal/lib/libmetal.a
LOAD modules/open-amp/open-amp/lib/libopen_amp.a
LOAD zephyr/kernel/libkernel.a
LOAD c:/ncs/toolchains/cf2149caf2/opt/zephyr-sdk/arm-zephyr-eabi/bin/../lib/gcc/arm-zephyr-eabi/12.2.0/thumb/v8-m.main/nofp\libgcc.a
LOAD zephyr/arch/common/libisr_tables.a
LOAD C:/ncs/v2.6.0/nrfxlib/nfc/lib/cortex-m33/soft-float/libnfc_t4t.a
LOAD C:/ncs/v2.6.0/nrfxlib/crypto/nrf_cc312_platform/lib/cortex-m33/soft-float/no-interrupts/libnrf_cc312_platform_0.9.19.a
LOAD c:\ncs\toolchains\cf2149caf2\opt\zephyr-sdk\arm-zephyr-eabi\bin\../lib/gcc/../../picolibc/arm-zephyr-eabi/lib/thumb/v8-m.main/nofp\libc.a
LOAD c:/ncs/toolchains/cf2149caf2/opt/zephyr-sdk/arm-zephyr-eabi/bin/../lib/gcc/arm-zephyr-eabi/12.2.0/thumb/v8-m.main/nofp\libgcc.a
                0x0000000000000020                _region_min_align = 0x20

.rel.plt        0x0000000000000000        0x0
 *(SORT_BY_ALIGNMENT(.rel.plt))
                [!provide]                        PROVIDE (__rel_iplt_start = .)
 *(SORT_BY_ALIGNMENT(.rel.iplt))
 .rel.iplt      0x0000000000000000        0x0 zephyr/CMakeFiles/zephyr_final.dir/isr_tables.c.obj
                [!provide]                        PROVIDE (__rel_iplt_end = .)

.rela.plt       0x0000000000000000        0x0
 *(SORT_BY_ALIGNMENT(.rela.plt))
                [!provide]                        PROVIDE (__rela_iplt_start = .)
 *(SORT_BY_ALIGNMENT(.rela.iplt))
                [!provide]                        PROVIDE (__rela_iplt_end = .)

.rel.dyn
 *(SORT_BY_ALIGNMENT(.rel.*))

.rela.dyn
 *(SORT_BY_ALIGNMENT(.rela.*))

/DISCARD/
 *(SORT_BY_ALIGNMENT(.plt))

/DISCARD/
 *(SORT_BY_ALIGNMENT(.iplt))
                0x0000000000000000                __rom_region_start = 0x0

rom_start       0x0000000000000000      0x154
                0x0000000000000000                __rom_start_address = .
 FILL mask 0x00
                0x0000000000000000                . = (. + (0x0 - (. - __rom_start_address)))
                0x0000000000000000                . = ALIGN (0x4)
                0x0000000000000000                . = ALIGN (0x80)
                0x0000000000000000                . = ALIGN (0x200)
                0x0000000000000000                _vector_start = .
 *(SORT_BY_ALIGNMENT(.exc_vector_table))
 *(SORT_BY_ALIGNMENT(.exc_vector_table.*))
 .exc_vector_table._vector_table_section
                0x0000000000000000       0x40 zephyr/arch/arch/arm/core/cortex_m/libarch__arm__core__cortex_m.a(vector_table.S.obj)
                0x0000000000000000                _vector_table
 *(SORT_BY_ALIGNMENT(.vectors))
                0x0000000000000154                _vector_end = .
                0x0000000000000040                . = ALIGN (0x4)
 *(SORT_BY_ALIGNMENT(.gnu.linkonce.irq_vector_table*))
 .gnu.linkonce.irq_vector_table
                0x0000000000000040      0x114 zephyr/CMakeFiles/zephyr_final.dir/isr_tables.c.obj
                0x0000000000000040                _irq_vector_table
                0x0000000000000154                _vector_end = .

text            0x0000000000000158    0x1e858
                0x0000000000000158                __text_region_start = .
 *(SORT_BY_ALIGNMENT(.text))
 .text          0x0000000000000158       0x14 c:\ncs\toolchains\cf2149caf2\opt\zephyr-sdk\arm-zephyr-eabi\bin\../lib/gcc/../../picolibc/arm-zephyr-eabi/lib/thumb/v8-m.main/nofp\libc.a(strcmp.S.o)
                0x0000000000000158                strcmp
 .text          0x000000000000016c       0x10 c:\ncs\toolchains\cf2149caf2\opt\zephyr-sdk\arm-zephyr-eabi\bin\../lib/gcc/../../picolibc/arm-zephyr-eabi/lib/thumb/v8-m.main/nofp\libc.a(strcpy.S.o)
                0x000000000000016c                strcpy
 .text          0x000000000000017c       0x10 c:\ncs\toolchains\cf2149caf2\opt\zephyr-sdk\arm-zephyr-eabi\bin\../lib/gcc/../../picolibc/arm-zephyr-eabi/lib/thumb/v8-m.main/nofp\libc.a(strlen.S.o)
                0x000000000000017c                strlen
 *(SORT_BY_ALIGNMENT(.text.*))
 *fill*         0x000000000000018c        0x4 
 .text.bt_init  0x0000000000000190      0x54c zephyr/subsys/bluetooth/host/libsubsys__bluetooth__host.a(hci_core.c.obj)
 .text.paring_key_generate
                0x00000000000006dc       0x48 app/libapp.a(main.c.obj)
 .text.tnep_initial_msg_encode
                0x0000000000000724      0x108 app/libapp.a(main.c.obj)
 .text.button_changed
                0x000000000000082c       0x34 app/libapp.a(main.c.obj)
                0x000000000000082c                button_changed
 .text.advertising_start
                0x0000000000000860       0x28 app/libapp.a(main.c.obj)
 .text.nfc_callback
                0x0000000000000888       0x58 app/libapp.a(main.c.obj)
 .text.bond_find
                0x00000000000008e0       0x38 app/libapp.a(main.c.obj)
 .text.bt_addr_le_to_str.constprop.0.isra.0
                0x0000000000000918       0x78 app/libapp.a(main.c.obj)
 .text.security_changed
                0x0000000000000990       0x38 app/libapp.a(main.c.obj)
 .text.auth_cancel
                0x00000000000009c8       0x20 app/libapp.a(main.c.obj)
 .text.disconnected
                0x00000000000009e8       0x38 app/libapp.a(main.c.obj)
 .text.connected
                0x0000000000000a20       0x6c app/libapp.a(main.c.obj)
 .text.adv_handler
                0x0000000000000a8c       0xa8 app/libapp.a(main.c.obj)
 .text.pairing_failed
                0x0000000000000b34       0x3c app/libapp.a(main.c.obj)
 .text.pairing_complete
                0x0000000000000b70       0x3c app/libapp.a(main.c.obj)
 .text.auth_oob_data_request
                0x0000000000000bac       0xf4 app/libapp.a(main.c.obj)
 .text.tnep_ch_request_received
                0x0000000000000ca0      0x1e0 app/libapp.a(main.c.obj)
 .text.main     0x0000000000000e80      0x19c app/libapp.a(main.c.obj)
                0x0000000000000e80                main
 .text.crc8_ccitt
                0x000000000000101c       0x2c zephyr/libzephyr.a(crc8_sw.c.obj)
                0x000000000000101c                crc8_ccitt
 .text.char_out
                0x0000000000001048        0xc zephyr/libzephyr.a(printk.c.obj)
 .text.__printk_hook_install
                0x0000000000001054        0xc zephyr/libzephyr.a(printk.c.obj)
                0x0000000000001054                __printk_hook_install
 .text.vprintk  0x0000000000001060       0x30 zephyr/libzephyr.a(printk.c.obj)
                0x0000000000001060                vprintk
 .text.z_thread_entry
                0x0000000000001090       0x34 zephyr/libzephyr.a(thread_entry.c.obj)
                0x0000000000001090                z_thread_entry
 .text.sys_heap_free
                0x00000000000010c4       0x74 zephyr/libzephyr.a(heap.c.obj)
                0x00000000000010c4                sys_heap_free
 .text.sys_heap_aligned_alloc
                0x0000000000001138      0x108 zephyr/libzephyr.a(heap.c.obj)
                0x0000000000001138                sys_heap_aligned_alloc
 .text.sys_heap_init
                0x0000000000001240      0x10c zephyr/libzephyr.a(heap.c.obj)
                0x0000000000001240                sys_heap_init
 .text.process_event
                0x000000000000134c      0x33c zephyr/libzephyr.a(onoff.c.obj)
 .text.transition_complete
                0x0000000000001688       0x54 zephyr/libzephyr.a(onoff.c.obj)
 .text.onoff_request
                0x00000000000016dc      0x108 zephyr/libzephyr.a(onoff.c.obj)
                0x00000000000016dc                onoff_request
 .text.onoff_release
                0x00000000000017e4       0xb0 zephyr/libzephyr.a(onoff.c.obj)
                0x00000000000017e4                onoff_release
 .text.onoff_cancel
                0x0000000000001894       0xac zephyr/libzephyr.a(onoff.c.obj)
                0x0000000000001894                onoff_cancel
 .text.sys_notify_finalize
                0x0000000000001940       0x54 zephyr/libzephyr.a(notify.c.obj)
                0x0000000000001940                sys_notify_finalize
 .text.ring_buf_put
                0x0000000000001994       0x5c zephyr/libzephyr.a(ring_buffer.c.obj)
                0x0000000000001994                ring_buf_put
 .text.ring_buf_get
                0x00000000000019f0       0x5c zephyr/libzephyr.a(ring_buffer.c.obj)
                0x00000000000019f0                ring_buf_get
 .text.sys_reboot
                0x0000000000001a4c       0x30 zephyr/libzephyr.a(reboot.c.obj)
                0x0000000000001a4c                sys_reboot
 .text.nvs_recover_last_ate
                0x0000000000001a7c       0x64 zephyr/libzephyr.a(nvs.c.obj)
 .text.nvs_mount
                0x0000000000001ae0      0x334 zephyr/libzephyr.a(nvs.c.obj)
                0x0000000000001ae0                nvs_mount
 .text.nvs_write
                0x0000000000001e14      0x1ac zephyr/libzephyr.a(nvs.c.obj)
                0x0000000000001e14                nvs_write
 .text.nvs_read_hist
                0x0000000000001fc0       0xcc zephyr/libzephyr.a(nvs.c.obj)
                0x0000000000001fc0                nvs_read_hist
 .text.ipc_service_open_instance
                0x000000000000208c       0x3c zephyr/libzephyr.a(ipc_service.c.obj)
                0x000000000000208c                ipc_service_open_instance
 .text.ipc_service_close_instance
                0x00000000000020c8       0x3c zephyr/libzephyr.a(ipc_service.c.obj)
                0x00000000000020c8                ipc_service_close_instance
 .text.ipc_service_register_endpoint
                0x0000000000002104       0x40 zephyr/libzephyr.a(ipc_service.c.obj)
                0x0000000000002104                ipc_service_register_endpoint
 .text.ipc_service_deregister_endpoint
                0x0000000000002144       0x54 zephyr/libzephyr.a(ipc_service.c.obj)
                0x0000000000002144                ipc_service_deregister_endpoint
 .text.ipc_service_send
                0x0000000000002198       0x58 zephyr/libzephyr.a(ipc_service.c.obj)
                0x0000000000002198                ipc_service_send
 .text.shared_memory_prepare
                0x00000000000021f0       0x14 zephyr/libzephyr.a(ipc_rpmsg_static_vrings.c.obj)
 .text.advertise_ept
                0x0000000000002204       0x44 zephyr/libzephyr.a(ipc_rpmsg_static_vrings.c.obj)
 .text.get_ept  0x0000000000002248       0x28 zephyr/libzephyr.a(ipc_rpmsg_static_vrings.c.obj)
 .text.open     0x0000000000002270      0x1b0 zephyr/libzephyr.a(ipc_rpmsg_static_vrings.c.obj)
 .text.bound_cb
                0x0000000000002420       0x30 zephyr/libzephyr.a(ipc_rpmsg_static_vrings.c.obj)
 .text.send     0x0000000000002450       0x4c zephyr/libzephyr.a(ipc_rpmsg_static_vrings.c.obj)
 .text.register_ept
                0x000000000000249c       0xe0 zephyr/libzephyr.a(ipc_rpmsg_static_vrings.c.obj)
 .text.deregister_ept
                0x000000000000257c       0x44 zephyr/libzephyr.a(ipc_rpmsg_static_vrings.c.obj)
 .text.ns_bind_cb
                0x00000000000025c0       0x6c zephyr/libzephyr.a(ipc_rpmsg.c.obj)
 .text.ipc_rpmsg_register_ept
                0x000000000000262c       0x3c zephyr/libzephyr.a(ipc_rpmsg.c.obj)
                0x000000000000262c                ipc_rpmsg_register_ept
 .text.ipc_rpmsg_init
                0x0000000000002668       0x70 zephyr/libzephyr.a(ipc_rpmsg.c.obj)
                0x0000000000002668                ipc_rpmsg_init
 .text.ipc_static_vrings_init
                0x00000000000026d8      0x104 zephyr/libzephyr.a(ipc_static_vrings.c.obj)
                0x00000000000026d8                ipc_static_vrings_init
 .text.z_log_minimal_hexdump_print
                0x00000000000027dc       0xbc zephyr/libzephyr.a(log_minimal.c.obj)
                0x00000000000027dc                z_log_minimal_hexdump_print
 .text.mem_attr_get_regions
                0x0000000000002898        0xc zephyr/libzephyr.a(mem_attr.c.obj)
                0x0000000000002898                mem_attr_get_regions
 .text.flash_area_open
                0x00000000000028a4       0x50 zephyr/libzephyr.a(flash_map.c.obj)
                0x00000000000028a4                flash_area_open
 .text.flash_area_get_sectors
                0x00000000000028f4       0x60 zephyr/libzephyr.a(flash_map_layout.c.obj)
                0x00000000000028f4                flash_area_get_sectors
 .text.read_pnp_id
                0x0000000000002954       0x1c zephyr/libzephyr.a(dis.c.obj)
 .text.settings_save_one
                0x0000000000002970       0x4c zephyr/libzephyr.a(settings_store.c.obj)
                0x0000000000002970                settings_save_one
 .text.settings_src_register
                0x00000000000029bc       0x1c zephyr/libzephyr.a(settings_store.c.obj)
                0x00000000000029bc                settings_src_register
 .text.settings_dst_register
                0x00000000000029d8        0xc zephyr/libzephyr.a(settings_store.c.obj)
                0x00000000000029d8                settings_dst_register
 .text.settings_load_subtree
                0x00000000000029e4       0x4c zephyr/libzephyr.a(settings_store.c.obj)
                0x00000000000029e4                settings_load_subtree
 .text.settings_load_subtree_direct
                0x0000000000002a30       0x40 zephyr/libzephyr.a(settings_store.c.obj)
                0x0000000000002a30                settings_load_subtree_direct
 .text.settings_store_init
                0x0000000000002a70       0x10 zephyr/libzephyr.a(settings_store.c.obj)
                0x0000000000002a70                settings_store_init
 .text.settings_init
                0x0000000000002a80       0x10 zephyr/libzephyr.a(settings.c.obj)
                0x0000000000002a80                settings_init
 .text.settings_parse_and_lookup
                0x0000000000002a90       0xb4 zephyr/libzephyr.a(settings.c.obj)
                0x0000000000002a90                settings_parse_and_lookup
 .text.settings_call_set_handler
                0x0000000000002b44       0x80 zephyr/libzephyr.a(settings.c.obj)
                0x0000000000002b44                settings_call_set_handler
 .text.settings_commit_subtree
                0x0000000000002bc4       0x8c zephyr/libzephyr.a(settings.c.obj)
                0x0000000000002bc4                settings_commit_subtree
 .text.settings_subsys_init
                0x0000000000002c50       0x3c zephyr/libzephyr.a(settings_init.c.obj)
                0x0000000000002c50                settings_subsys_init
 .text.settings_nvs_load
                0x0000000000002c8c       0xbc zephyr/libzephyr.a(settings_nvs.c.obj)
 .text.settings_backend_init
                0x0000000000002d48       0x84 zephyr/libzephyr.a(settings_nvs.c.obj)
                0x0000000000002d48                settings_backend_init
 .text.sub_bytes
                0x0000000000002dcc       0x18 zephyr/libzephyr.a(aes_encrypt.c.obj)
 .text.tc_aes128_set_encrypt_key
                0x0000000000002de4       0xa8 zephyr/libzephyr.a(aes_encrypt.c.obj)
                0x0000000000002de4                tc_aes128_set_encrypt_key
 .text.compress
                0x0000000000002e8c      0x1d4 zephyr/libzephyr.a(sha256.c.obj)
 .text.tc_sha256_init
                0x0000000000003060       0x58 zephyr/libzephyr.a(sha256.c.obj)
                0x0000000000003060                tc_sha256_init
 .text.nfc_nrfx_error_to_nfc
                0x00000000000030b8       0x1c zephyr/libzephyr.a(nfc_nrfx_error_to_nfc.c.obj)
                0x00000000000030b8                nfc_nrfx_error_to_nfc
 .text.nrf_cc3xx_platform_abort_init
                0x00000000000030d4        0xc zephyr/libzephyr.a(nrf_cc3xx_platform_abort_zephyr.c.obj)
                0x00000000000030d4                nrf_cc3xx_platform_abort_init
 .text.mutex_free_platform
                0x00000000000030e0       0x54 zephyr/libzephyr.a(nrf_cc3xx_platform_mutex_zephyr.c.obj)
 .text.mutex_lock_platform
                0x0000000000003134       0x74 zephyr/libzephyr.a(nrf_cc3xx_platform_mutex_zephyr.c.obj)
 .text.mutex_unlock_platform
                0x00000000000031a8       0x68 zephyr/libzephyr.a(nrf_cc3xx_platform_mutex_zephyr.c.obj)
 .text.mutex_init_platform
                0x0000000000003210       0x94 zephyr/libzephyr.a(nrf_cc3xx_platform_mutex_zephyr.c.obj)
 .text.nrf_cc3xx_platform_mutex_init
                0x00000000000032a4       0x2c zephyr/libzephyr.a(nrf_cc3xx_platform_mutex_zephyr.c.obj)
                0x00000000000032a4                nrf_cc3xx_platform_mutex_init
 .text.z_arm_fatal_error
                0x00000000000032d0       0x5c zephyr/arch/arch/arm/core/libarch__arm__core.a(fatal.c.obj)
                0x00000000000032d0                z_arm_fatal_error
 .text.z_SysNmiOnReset
                0x000000000000332c        0x8 zephyr/arch/arch/arm/core/libarch__arm__core.a(nmi_on_reset.S.obj)
                0x000000000000332c                z_SysNmiOnReset
 .text.arch_tls_stack_setup
                0x0000000000003334       0x5c zephyr/arch/arch/arm/core/libarch__arm__core.a(tls.c.obj)
                0x0000000000003334                arch_tls_stack_setup
 .text._HandlerModeExit
                0x0000000000003390       0x1c zephyr/arch/arch/arm/core/cortex_m/libarch__arm__core__cortex_m.a(exc_exit.S.obj)
                0x0000000000003390                z_arm_int_exit
                0x0000000000003390                z_arm_exc_exit
 .text.usage_fault.constprop.0
                0x00000000000033ac       0xb8 zephyr/arch/arch/arm/core/cortex_m/libarch__arm__core__cortex_m.a(fault.c.obj)
 .text.bus_fault.constprop.0
                0x0000000000003464       0xc8 zephyr/arch/arch/arm/core/cortex_m/libarch__arm__core__cortex_m.a(fault.c.obj)
 .text.mem_manage_fault.constprop.0
                0x000000000000352c       0xf4 zephyr/arch/arch/arm/core/cortex_m/libarch__arm__core__cortex_m.a(fault.c.obj)
 .text.z_arm_fault
                0x0000000000003620      0x1e8 zephyr/arch/arch/arm/core/cortex_m/libarch__arm__core__cortex_m.a(fault.c.obj)
                0x0000000000003620                z_arm_fault
 .text.z_arm_fault_init
                0x0000000000003808       0x18 zephyr/arch/arch/arm/core/cortex_m/libarch__arm__core__cortex_m.a(fault.c.obj)
                0x0000000000003808                z_arm_fault_init
 .text.__fault  0x0000000000003820       0x14 zephyr/arch/arch/arm/core/cortex_m/libarch__arm__core__cortex_m.a(fault_s.S.obj)
                0x0000000000003820                z_arm_usage_fault
                0x0000000000003820                z_arm_mpu_fault
                0x0000000000003820                z_arm_exc_spurious
                0x0000000000003820                z_arm_debug_monitor
                0x0000000000003820                z_arm_hard_fault
                0x0000000000003820                z_arm_bus_fault
 .text._reset_section
                0x0000000000003834       0x60 zephyr/arch/arch/arm/core/cortex_m/libarch__arm__core__cortex_m.a(reset.S.obj)
                0x0000000000003834                __start
                0x0000000000003834                z_arm_reset
 .text.sys_arch_reboot
                0x0000000000003894       0x24 zephyr/arch/arch/arm/core/cortex_m/libarch__arm__core__cortex_m.a(scb.c.obj)
                0x0000000000003894                sys_arch_reboot
 .text.z_arm_clear_arm_mpu_config
                0x00000000000038b8       0x24 zephyr/arch/arch/arm/core/cortex_m/libarch__arm__core__cortex_m.a(scb.c.obj)
                0x00000000000038b8                z_arm_clear_arm_mpu_config
 .text.z_arm_init_arch_hw_at_boot
                0x00000000000038dc       0x4c zephyr/arch/arch/arm/core/cortex_m/libarch__arm__core__cortex_m.a(scb.c.obj)
                0x00000000000038dc                z_arm_init_arch_hw_at_boot
 .text.z_impl_k_thread_abort
                0x0000000000003928       0x2c zephyr/arch/arch/arm/core/cortex_m/libarch__arm__core__cortex_m.a(thread_abort.c.obj)
                0x0000000000003928                z_impl_k_thread_abort
 .text.arch_swap
                0x0000000000003954       0x30 zephyr/arch/arch/arm/core/cortex_m/libarch__arm__core__cortex_m.a(swap.c.obj)
                0x0000000000003954                arch_swap
 .text.z_arm_pendsv
                0x0000000000003984       0x68 zephyr/arch/arch/arm/core/cortex_m/libarch__arm__core__cortex_m.a(swap_helper.S.obj)
                0x0000000000003984                z_arm_pendsv
 .text.z_arm_svc
                0x00000000000039ec       0x20 zephyr/arch/arch/arm/core/cortex_m/libarch__arm__core__cortex_m.a(swap_helper.S.obj)
                0x00000000000039ec                z_arm_svc
 .text.arch_irq_enable
                0x0000000000003a0c       0x1c zephyr/arch/arch/arm/core/cortex_m/libarch__arm__core__cortex_m.a(irq_manage.c.obj)
                0x0000000000003a0c                arch_irq_enable
 .text.arch_irq_disable
                0x0000000000003a28       0x28 zephyr/arch/arch/arm/core/cortex_m/libarch__arm__core__cortex_m.a(irq_manage.c.obj)
                0x0000000000003a28                arch_irq_disable
 .text.arch_irq_is_enabled
                0x0000000000003a50       0x1c zephyr/arch/arch/arm/core/cortex_m/libarch__arm__core__cortex_m.a(irq_manage.c.obj)
                0x0000000000003a50                arch_irq_is_enabled
 .text.z_arm_irq_priority_set
                0x0000000000003a6c       0x50 zephyr/arch/arch/arm/core/cortex_m/libarch__arm__core__cortex_m.a(irq_manage.c.obj)
                0x0000000000003a6c                z_arm_irq_priority_set
 .text.z_arm_prep_c
                0x0000000000003abc       0x38 zephyr/arch/arch/arm/core/cortex_m/libarch__arm__core__cortex_m.a(prep_c.c.obj)
                0x0000000000003abc                z_arm_prep_c
 .text.arch_new_thread
                0x0000000000003af4       0x38 zephyr/arch/arch/arm/core/cortex_m/libarch__arm__core__cortex_m.a(thread.c.obj)
                0x0000000000003af4                arch_new_thread
 .text.arch_switch_to_main_thread
                0x0000000000003b2c       0x34 zephyr/arch/arch/arm/core/cortex_m/libarch__arm__core__cortex_m.a(thread.c.obj)
                0x0000000000003b2c                arch_switch_to_main_thread
 .text.z_arm_cpu_idle_init
                0x0000000000003b60        0xc zephyr/arch/arch/arm/core/cortex_m/libarch__arm__core__cortex_m.a(cpu_idle.S.obj)
                0x0000000000003b60                z_arm_cpu_idle_init
 .text.arch_cpu_idle
                0x0000000000003b6c       0x38 zephyr/arch/arch/arm/core/cortex_m/libarch__arm__core__cortex_m.a(cpu_idle.S.obj)
                0x0000000000003b6c                arch_cpu_idle
 .text.arch_cpu_atomic_idle
                0x0000000000003ba4       0x34 zephyr/arch/arch/arm/core/cortex_m/libarch__arm__core__cortex_m.a(cpu_idle.S.obj)
                0x0000000000003ba4                arch_cpu_atomic_idle
 .text.z_arm_interrupt_init
                0x0000000000003bd8       0x18 zephyr/arch/arch/arm/core/cortex_m/libarch__arm__core__cortex_m.a(irq_init.c.obj)
                0x0000000000003bd8                z_arm_interrupt_init
 .text._isr_wrapper
                0x0000000000003bf0       0x28 zephyr/arch/arch/arm/core/cortex_m/libarch__arm__core__cortex_m.a(isr_wrapper.S.obj)
                0x0000000000003bf0                _isr_wrapper
 .text.z_arm_configure_static_mpu_regions
                0x0000000000003c18       0x38 zephyr/arch/arch/arm/core/mpu/libarch__arm__core__mpu.a(arm_core_mpu.c.obj)
                0x0000000000003c18                z_arm_configure_static_mpu_regions
 .text.region_init
                0x0000000000003c50       0x34 zephyr/arch/arch/arm/core/mpu/libarch__arm__core__mpu.a(arm_mpu.c.obj)
 .text.region_allocate_and_init
                0x0000000000003c84       0x24 zephyr/arch/arch/arm/core/mpu/libarch__arm__core__mpu.a(arm_mpu.c.obj)
 .text.mpu_configure_regions_and_partition.constprop.0
                0x0000000000003ca8      0x160 zephyr/arch/arch/arm/core/mpu/libarch__arm__core__mpu.a(arm_mpu.c.obj)
 .text.arm_core_mpu_enable
                0x0000000000003e08       0x18 zephyr/arch/arch/arm/core/mpu/libarch__arm__core__mpu.a(arm_mpu.c.obj)
                0x0000000000003e08                arm_core_mpu_enable
 .text.arm_core_mpu_disable
                0x0000000000003e20       0x14 zephyr/arch/arch/arm/core/mpu/libarch__arm__core__mpu.a(arm_mpu.c.obj)
                0x0000000000003e20                arm_core_mpu_disable
 .text.arm_core_mpu_configure_static_mpu_regions
                0x0000000000003e34       0x34 zephyr/arch/arch/arm/core/mpu/libarch__arm__core__mpu.a(arm_mpu.c.obj)
                0x0000000000003e34                arm_core_mpu_configure_static_mpu_regions
 .text.arm_core_mpu_mark_areas_for_dynamic_regions
                0x0000000000003e68       0xd4 zephyr/arch/arch/arm/core/mpu/libarch__arm__core__mpu.a(arm_mpu.c.obj)
                0x0000000000003e68                arm_core_mpu_mark_areas_for_dynamic_regions
 .text.z_arm_mpu_init
                0x0000000000003f3c      0x15c zephyr/arch/arch/arm/core/mpu/libarch__arm__core__mpu.a(arm_mpu.c.obj)
                0x0000000000003f3c                z_arm_mpu_init
 .text.z_impl_zephyr_fputc
                0x0000000000004098       0x10 zephyr/lib/libc/picolibc/liblib__libc__picolibc.a(libc-hooks.c.obj)
                0x0000000000004098                z_impl_zephyr_fputc
 .text.__stdout_hook_install
                0x00000000000040a8       0x18 zephyr/lib/libc/picolibc/liblib__libc__picolibc.a(libc-hooks.c.obj)
                0x00000000000040a8                __stdout_hook_install
 .text.__chk_fail
                0x00000000000040c0       0x18 zephyr/lib/libc/picolibc/liblib__libc__picolibc.a(libc-hooks.c.obj)
                0x00000000000040c0                __chk_fail
 .text.malloc_prepare
                0x00000000000040d8       0x24 zephyr/lib/libc/common/liblib__libc__common.a(malloc.c.obj)
 .text.nrf_gpio_pin_control_select
                0x00000000000040fc       0x64 zephyr/soc/soc/arm/nordic_nrf/libsoc__arm__nordic_nrf.a(soc.c.obj)
 .text.nordicsemi_nrf53_init
                0x0000000000004160       0x5c zephyr/soc/soc/arm/nordic_nrf/libsoc__arm__nordic_nrf.a(soc.c.obj)
 .text.rtc_pretick_init
                0x00000000000041bc       0x60 zephyr/soc/soc/arm/nordic_nrf/libsoc__arm__nordic_nrf.a(soc.c.obj)
 .text.z_arm_on_enter_cpu_idle
                0x000000000000421c       0x64 zephyr/soc/soc/arm/nordic_nrf/libsoc__arm__nordic_nrf.a(soc.c.obj)
                0x000000000000421c                z_arm_on_enter_cpu_idle
 .text.arch_busy_wait
                0x0000000000004280       0x24 zephyr/soc/soc/arm/nordic_nrf/libsoc__arm__nordic_nrf.a(soc.c.obj)
                0x0000000000004280                arch_busy_wait
 .text.z_arm_platform_init
                0x00000000000042a4        0x4 zephyr/soc/soc/arm/nordic_nrf/libsoc__arm__nordic_nrf.a(soc_nrf_common.S.obj)
                0x00000000000042a4                z_arm_platform_init
 .text.remoteproc_mgr_boot
                0x00000000000042a8       0x68 zephyr/boards/arm/nrf5340dk_nrf5340/libboards__arm__nrf5340dk_nrf5340.a(nrf5340_cpunet_reset.c.obj)
 .text.bt_hex   0x0000000000004310       0x44 zephyr/subsys/bluetooth/common/libsubsys__bluetooth__common.a(bt_str.c.obj)
                0x0000000000004310                bt_hex
 .text.bt_addr_le_str
                0x0000000000004354       0x7c zephyr/subsys/bluetooth/common/libsubsys__bluetooth__common.a(bt_str.c.obj)
                0x0000000000004354                bt_addr_le_str
 .text.set_setting
                0x00000000000043d0       0x98 zephyr/subsys/bluetooth/host/libsubsys__bluetooth__host.a(settings.c.obj)
 .text.bt_settings_encode_key
                0x0000000000004468       0x60 zephyr/subsys/bluetooth/host/libsubsys__bluetooth__host.a(settings.c.obj)
                0x0000000000004468                bt_settings_encode_key
 .text.bt_settings_init
                0x00000000000044c8       0x1c zephyr/subsys/bluetooth/host/libsubsys__bluetooth__host.a(settings.c.obj)
                0x00000000000044c8                bt_settings_init
 .text.bt_settings_store
                0x00000000000044e4       0x50 zephyr/subsys/bluetooth/host/libsubsys__bluetooth__host.a(settings.c.obj)
                0x00000000000044e4                bt_settings_store
 .text.do_store_id
                0x0000000000004534       0x3c zephyr/subsys/bluetooth/host/libsubsys__bluetooth__host.a(settings.c.obj)
 .text.bt_settings_delete
                0x0000000000004570       0x4c zephyr/subsys/bluetooth/host/libsubsys__bluetooth__host.a(settings.c.obj)
                0x0000000000004570                bt_settings_delete
 .text.bt_settings_store_sc
                0x00000000000045bc       0x1c zephyr/subsys/bluetooth/host/libsubsys__bluetooth__host.a(settings.c.obj)
                0x00000000000045bc                bt_settings_store_sc
 .text.bt_settings_delete_sc
                0x00000000000045d8       0x10 zephyr/subsys/bluetooth/host/libsubsys__bluetooth__host.a(settings.c.obj)
                0x00000000000045d8                bt_settings_delete_sc
 .text.bt_settings_store_cf
                0x00000000000045e8       0x1c zephyr/subsys/bluetooth/host/libsubsys__bluetooth__host.a(settings.c.obj)
                0x00000000000045e8                bt_settings_store_cf
 .text.bt_settings_store_ccc
                0x0000000000004604       0x1c zephyr/subsys/bluetooth/host/libsubsys__bluetooth__host.a(settings.c.obj)
                0x0000000000004604                bt_settings_store_ccc
 .text.bt_settings_delete_ccc
                0x0000000000004620       0x10 zephyr/subsys/bluetooth/host/libsubsys__bluetooth__host.a(settings.c.obj)
                0x0000000000004620                bt_settings_delete_ccc
 .text.bt_settings_store_hash
                0x0000000000004630       0x1c zephyr/subsys/bluetooth/host/libsubsys__bluetooth__host.a(settings.c.obj)
                0x0000000000004630                bt_settings_store_hash
 .text.bt_settings_store_id
                0x000000000000464c       0x10 zephyr/subsys/bluetooth/host/libsubsys__bluetooth__host.a(settings.c.obj)
                0x000000000000464c                bt_settings_store_id
 .text.commit_settings
                0x000000000000465c       0x6c zephyr/subsys/bluetooth/host/libsubsys__bluetooth__host.a(settings.c.obj)
 .text.bt_settings_store_keys
                0x00000000000046c8       0x1c zephyr/subsys/bluetooth/host/libsubsys__bluetooth__host.a(settings.c.obj)
                0x00000000000046c8                bt_settings_store_keys
 .text.bt_settings_delete_keys
                0x00000000000046e4       0x10 zephyr/subsys/bluetooth/host/libsubsys__bluetooth__host.a(settings.c.obj)
                0x00000000000046e4                bt_settings_delete_keys
 .text.long_wq_init
                0x00000000000046f4       0x38 zephyr/subsys/bluetooth/host/libsubsys__bluetooth__host.a(long_wq.c.obj)
 .text.bt_long_wq_schedule
                0x000000000000472c        0xc zephyr/subsys/bluetooth/host/libsubsys__bluetooth__host.a(long_wq.c.obj)
                0x000000000000472c                bt_long_wq_schedule
 .text.uuid_to_uuid128
                0x0000000000004738       0x78 zephyr/subsys/bluetooth/host/libsubsys__bluetooth__host.a(uuid.c.obj)
 .text.bt_buf_get_rx
                0x00000000000047b0       0x58 zephyr/subsys/bluetooth/host/libsubsys__bluetooth__host.a(buf.c.obj)
                0x00000000000047b0                bt_buf_get_rx
 .text.bt_buf_get_cmd_complete
                0x0000000000004808       0x38 zephyr/subsys/bluetooth/host/libsubsys__bluetooth__host.a(buf.c.obj)
                0x0000000000004808                bt_buf_get_cmd_complete
 .text.bt_buf_get_evt
                0x0000000000004840       0x58 zephyr/subsys/bluetooth/host/libsubsys__bluetooth__host.a(buf.c.obj)
                0x0000000000004840                bt_buf_get_evt
 .text.hci_data_buf_overflow
                0x0000000000004898       0x10 zephyr/subsys/bluetooth/host/libsubsys__bluetooth__host.a(hci_core.c.obj)
 .text.unpair   0x00000000000048a8       0x8c zephyr/subsys/bluetooth/host/libsubsys__bluetooth__host.a(hci_core.c.obj)
 .text.hci_disconn_complete_prio
                0x0000000000004934       0x40 zephyr/subsys/bluetooth/host/libsubsys__bluetooth__host.a(hci_core.c.obj)
 .text.hci_disconn_complete
                0x0000000000004974       0x40 zephyr/subsys/bluetooth/host/libsubsys__bluetooth__host.a(hci_core.c.obj)
 .text.le_phy_update_complete
                0x00000000000049b4       0x2c zephyr/subsys/bluetooth/host/libsubsys__bluetooth__host.a(hci_core.c.obj)
 .text.le_data_len_change
                0x00000000000049e0       0x2c zephyr/subsys/bluetooth/host/libsubsys__bluetooth__host.a(hci_core.c.obj)
 .text.hci_hardware_error
                0x0000000000004a0c       0x1c zephyr/subsys/bluetooth/host/libsubsys__bluetooth__host.a(hci_core.c.obj)
 .text.rx_queue_put
                0x0000000000004a28       0x34 zephyr/subsys/bluetooth/host/libsubsys__bluetooth__host.a(hci_core.c.obj)
 .text.find_pending_connect.part.0
                0x0000000000004a5c       0x2c zephyr/subsys/bluetooth/host/libsubsys__bluetooth__host.a(hci_core.c.obj)
 .text.handle_event
                0x0000000000004a88       0x64 zephyr/subsys/bluetooth/host/libsubsys__bluetooth__host.a(hci_core.c.obj)
 .text.rx_work_handler
                0x0000000000004aec      0x120 zephyr/subsys/bluetooth/host/libsubsys__bluetooth__host.a(hci_core.c.obj)
 .text.hci_le_meta_event
                0x0000000000004c0c       0x20 zephyr/subsys/bluetooth/host/libsubsys__bluetooth__host.a(hci_core.c.obj)
 .text.le_remote_feat_complete
                0x0000000000004c2c       0x50 zephyr/subsys/bluetooth/host/libsubsys__bluetooth__host.a(hci_core.c.obj)
 .text.hci_cmd_done
                0x0000000000004c7c      0x104 zephyr/subsys/bluetooth/host/libsubsys__bluetooth__host.a(hci_core.c.obj)
 .text.hci_cmd_status
                0x0000000000004d80       0x2c zephyr/subsys/bluetooth/host/libsubsys__bluetooth__host.a(hci_core.c.obj)
 .text.hci_cmd_complete
                0x0000000000004dac       0x48 zephyr/subsys/bluetooth/host/libsubsys__bluetooth__host.a(hci_core.c.obj)
 .text.hci_num_completed_packets
                0x0000000000004df4      0x108 zephyr/subsys/bluetooth/host/libsubsys__bluetooth__host.a(hci_core.c.obj)
 .text.le_conn_update_complete
                0x0000000000004efc       0xc0 zephyr/subsys/bluetooth/host/libsubsys__bluetooth__host.a(hci_core.c.obj)
 .text.bt_hci_cmd_state_set_init
                0x0000000000004fbc       0x24 zephyr/subsys/bluetooth/host/libsubsys__bluetooth__host.a(hci_core.c.obj)
                0x0000000000004fbc                bt_hci_cmd_state_set_init
 .text.bt_hci_cmd_create
                0x0000000000004fe0       0x94 zephyr/subsys/bluetooth/host/libsubsys__bluetooth__host.a(hci_core.c.obj)
                0x0000000000004fe0                bt_hci_cmd_create
 .text.bt_hci_cmd_send_sync
                0x0000000000005074       0xcc zephyr/subsys/bluetooth/host/libsubsys__bluetooth__host.a(hci_core.c.obj)
                0x0000000000005074                bt_hci_cmd_send_sync
 .text.hci_le_read_max_data_len
                0x0000000000005140       0x40 zephyr/subsys/bluetooth/host/libsubsys__bluetooth__host.a(hci_core.c.obj)
 .text.bt_hci_le_rand
                0x0000000000005180       0x58 zephyr/subsys/bluetooth/host/libsubsys__bluetooth__host.a(hci_core.c.obj)
                0x0000000000005180                bt_hci_le_rand
 .text.bt_hci_le_enh_conn_complete
                0x00000000000051d8      0x260 zephyr/subsys/bluetooth/host/libsubsys__bluetooth__host.a(hci_core.c.obj)
                0x00000000000051d8                bt_hci_le_enh_conn_complete
 .text.le_legacy_conn_complete
                0x0000000000005438       0x64 zephyr/subsys/bluetooth/host/libsubsys__bluetooth__host.a(hci_core.c.obj)
 .text.bt_unpair
                0x000000000000549c       0x44 zephyr/subsys/bluetooth/host/libsubsys__bluetooth__host.a(hci_core.c.obj)
                0x000000000000549c                bt_unpair
 .text.bt_security_err_get
                0x00000000000054e0       0x10 zephyr/subsys/bluetooth/host/libsubsys__bluetooth__host.a(hci_core.c.obj)
                0x00000000000054e0                bt_security_err_get
 .text.hci_encrypt_key_refresh_complete
                0x00000000000054f0       0x80 zephyr/subsys/bluetooth/host/libsubsys__bluetooth__host.a(hci_core.c.obj)
 .text.hci_encrypt_change
                0x0000000000005570       0x90 zephyr/subsys/bluetooth/host/libsubsys__bluetooth__host.a(hci_core.c.obj)
 .text.bt_hci_get_ver_str
                0x0000000000005600       0x3c zephyr/subsys/bluetooth/host/libsubsys__bluetooth__host.a(hci_core.c.obj)
                0x0000000000005600                bt_hci_get_ver_str
 .text.bt_send  0x000000000000563c       0x10 zephyr/subsys/bluetooth/host/libsubsys__bluetooth__host.a(hci_core.c.obj)
                0x000000000000563c                bt_send
 .text.bt_hci_cmd_send
                0x000000000000564c       0x50 zephyr/subsys/bluetooth/host/libsubsys__bluetooth__host.a(hci_core.c.obj)
                0x000000000000564c                bt_hci_cmd_send
 .text.bt_hci_host_num_completed_packets
                0x000000000000569c       0xcc zephyr/subsys/bluetooth/host/libsubsys__bluetooth__host.a(hci_core.c.obj)
                0x000000000000569c                bt_hci_host_num_completed_packets
 .text.le_ltk_request
                0x0000000000005768       0xb8 zephyr/subsys/bluetooth/host/libsubsys__bluetooth__host.a(hci_core.c.obj)
 .text.le_conn_param_neg_reply
                0x0000000000005820       0x40 zephyr/subsys/bluetooth/host/libsubsys__bluetooth__host.a(hci_core.c.obj)
 .text.le_conn_param_req
                0x0000000000005860       0xbc zephyr/subsys/bluetooth/host/libsubsys__bluetooth__host.a(hci_core.c.obj)
 .text.hci_tx_thread
                0x000000000000591c      0x144 zephyr/subsys/bluetooth/host/libsubsys__bluetooth__host.a(hci_core.c.obj)
 .text.hci_event_prio
                0x0000000000005a60       0x90 zephyr/subsys/bluetooth/host/libsubsys__bluetooth__host.a(hci_core.c.obj)
                0x0000000000005a60                hci_event_prio
 .text.bt_recv  0x0000000000005af0       0x4c zephyr/subsys/bluetooth/host/libsubsys__bluetooth__host.a(hci_core.c.obj)
                0x0000000000005af0                bt_recv
 .text.bt_hci_driver_register
                0x0000000000005b3c       0x28 zephyr/subsys/bluetooth/host/libsubsys__bluetooth__host.a(hci_core.c.obj)
                0x0000000000005b3c                bt_hci_driver_register
 .text.bt_finalize_init
                0x0000000000005b64       0xb0 zephyr/subsys/bluetooth/host/libsubsys__bluetooth__host.a(hci_core.c.obj)
                0x0000000000005b64                bt_finalize_init
 .text.init_work
                0x0000000000005c14       0x18 zephyr/subsys/bluetooth/host/libsubsys__bluetooth__host.a(hci_core.c.obj)
 .text.bt_enable
                0x0000000000005c2c      0x104 zephyr/subsys/bluetooth/host/libsubsys__bluetooth__host.a(hci_core.c.obj)
                0x0000000000005c2c                bt_enable
 .text.bt_get_name
                0x0000000000005d30        0x8 zephyr/subsys/bluetooth/host/libsubsys__bluetooth__host.a(hci_core.c.obj)
                0x0000000000005d30                bt_get_name
 .text.id_find  0x0000000000005d38       0x30 zephyr/subsys/bluetooth/host/libsubsys__bluetooth__host.a(id.c.obj)
 .text.id_create.constprop.0
                0x0000000000005d68       0x70 zephyr/subsys/bluetooth/host/libsubsys__bluetooth__host.a(id.c.obj)
 .text.set_random_address
                0x0000000000005dd8       0x50 zephyr/subsys/bluetooth/host/libsubsys__bluetooth__host.a(id.c.obj)
 .text.find_rl_conflict
                0x0000000000005e28       0xb8 zephyr/subsys/bluetooth/host/libsubsys__bluetooth__host.a(id.c.obj)
                0x0000000000005e28                find_rl_conflict
 .text.bt_id_pending_keys_update
                0x0000000000005ee0       0x2c zephyr/subsys/bluetooth/host/libsubsys__bluetooth__host.a(id.c.obj)
                0x0000000000005ee0                bt_id_pending_keys_update
 .text.bt_id_find_conflict
                0x0000000000005f0c       0x20 zephyr/subsys/bluetooth/host/libsubsys__bluetooth__host.a(id.c.obj)
                0x0000000000005f0c                bt_id_find_conflict
 .text.bt_id_add
                0x0000000000005f2c      0x160 zephyr/subsys/bluetooth/host/libsubsys__bluetooth__host.a(id.c.obj)
                0x0000000000005f2c                bt_id_add
 .text.bt_id_del
                0x000000000000608c      0x13c zephyr/subsys/bluetooth/host/libsubsys__bluetooth__host.a(id.c.obj)
                0x000000000000608c                bt_id_del
 .text.bt_id_create
                0x00000000000061c8       0x94 zephyr/subsys/bluetooth/host/libsubsys__bluetooth__host.a(id.c.obj)
                0x00000000000061c8                bt_id_create
 .text.bt_id_read_public_addr
                0x000000000000625c       0x74 zephyr/subsys/bluetooth/host/libsubsys__bluetooth__host.a(id.c.obj)
                0x000000000000625c                bt_id_read_public_addr
 .text.bt_setup_public_id_addr
                0x00000000000062d0       0x20 zephyr/subsys/bluetooth/host/libsubsys__bluetooth__host.a(id.c.obj)
                0x00000000000062d0                bt_setup_public_id_addr
 .text.bt_read_static_addr
                0x00000000000062f0       0x8c zephyr/subsys/bluetooth/host/libsubsys__bluetooth__host.a(id.c.obj)
                0x00000000000062f0                bt_read_static_addr
 .text.bt_setup_random_id_addr
                0x000000000000637c       0x5c zephyr/subsys/bluetooth/host/libsubsys__bluetooth__host.a(id.c.obj)
                0x000000000000637c                bt_setup_random_id_addr
 .text.bt_id_set_adv_own_addr
                0x00000000000063d8       0xcc zephyr/subsys/bluetooth/host/libsubsys__bluetooth__host.a(id.c.obj)
                0x00000000000063d8                bt_id_set_adv_own_addr
 .text.bt_le_oob_get_local
                0x00000000000064a4       0x4c zephyr/subsys/bluetooth/host/libsubsys__bluetooth__host.a(id.c.obj)
                0x00000000000064a4                bt_le_oob_get_local
 .text.bt_le_oob_set_sc_data
                0x00000000000064f0       0x2c zephyr/subsys/bluetooth/host/libsubsys__bluetooth__host.a(id.c.obj)
                0x00000000000064f0                bt_le_oob_set_sc_data
 .text.hci_set_ad
                0x000000000000651c       0xcc zephyr/subsys/bluetooth/host/libsubsys__bluetooth__host.a(adv.c.obj)
 .text.valid_adv_param
                0x00000000000065e8       0x84 zephyr/subsys/bluetooth/host/libsubsys__bluetooth__host.a(adv.c.obj)
 .text.adv_is_directed
                0x000000000000666c       0x18 zephyr/subsys/bluetooth/host/libsubsys__bluetooth__host.a(adv.c.obj)
 .text.le_adv_start_add_conn
                0x0000000000006684       0x60 zephyr/subsys/bluetooth/host/libsubsys__bluetooth__host.a(adv.c.obj)
 .text.bt_le_ext_adv_foreach
                0x00000000000066e4        0xc zephyr/subsys/bluetooth/host/libsubsys__bluetooth__host.a(adv.c.obj)
                0x00000000000066e4                bt_le_ext_adv_foreach
 .text.bt_le_adv_lookup_legacy
                0x00000000000066f0        0x8 zephyr/subsys/bluetooth/host/libsubsys__bluetooth__host.a(adv.c.obj)
                0x00000000000066f0                bt_le_adv_lookup_legacy
 .text.bt_le_adv_start_legacy
                0x00000000000066f8      0x254 zephyr/subsys/bluetooth/host/libsubsys__bluetooth__host.a(adv.c.obj)
                0x00000000000066f8                bt_le_adv_start_legacy
 .text.bt_le_adv_start
                0x000000000000694c       0x64 zephyr/subsys/bluetooth/host/libsubsys__bluetooth__host.a(adv.c.obj)
                0x000000000000694c                bt_le_adv_start
 .text.bt_le_adv_stop
                0x00000000000069b0       0x78 zephyr/subsys/bluetooth/host/libsubsys__bluetooth__host.a(adv.c.obj)
                0x00000000000069b0                bt_le_adv_stop
 .text.adv_timeout
                0x0000000000006a28       0x1c zephyr/subsys/bluetooth/host/libsubsys__bluetooth__host.a(adv.c.obj)
 .text.bt_le_adv_resume
                0x0000000000006a44       0xd8 zephyr/subsys/bluetooth/host/libsubsys__bluetooth__host.a(adv.c.obj)
                0x0000000000006a44                bt_le_adv_resume
 .text.prng_reseed.constprop.0
                0x0000000000006b1c       0x58 zephyr/subsys/bluetooth/host/libsubsys__bluetooth__host.a(crypto.c.obj)
 .text.sys_memcpy_swap.constprop.0
                0x0000000000006b74       0x48 zephyr/subsys/bluetooth/host/libsubsys__bluetooth__host.a(crypto.c.obj)
 .text.prng_init
                0x0000000000006bbc       0x38 zephyr/subsys/bluetooth/host/libsubsys__bluetooth__host.a(crypto.c.obj)
                0x0000000000006bbc                prng_init
 .text.bt_rand  0x0000000000006bf4       0x3c zephyr/subsys/bluetooth/host/libsubsys__bluetooth__host.a(crypto.c.obj)
                0x0000000000006bf4                bt_rand
 .text.bt_pub_key_is_debug
                0x0000000000006c30       0x18 zephyr/subsys/bluetooth/host/libsubsys__bluetooth__host.a(ecc.c.obj)
                0x0000000000006c30                bt_pub_key_is_debug
 .text.bt_pub_key_gen
                0x0000000000006c48       0xe0 zephyr/subsys/bluetooth/host/libsubsys__bluetooth__host.a(ecc.c.obj)
                0x0000000000006c48                bt_pub_key_gen
 .text.bt_pub_key_get
                0x0000000000006d28       0x1c zephyr/subsys/bluetooth/host/libsubsys__bluetooth__host.a(ecc.c.obj)
                0x0000000000006d28                bt_pub_key_get
 .text.bt_dh_key_gen
                0x0000000000006d44       0x94 zephyr/subsys/bluetooth/host/libsubsys__bluetooth__host.a(ecc.c.obj)
                0x0000000000006d44                bt_dh_key_gen
 .text.bt_hci_evt_le_pkey_complete
                0x0000000000006dd8       0x74 zephyr/subsys/bluetooth/host/libsubsys__bluetooth__host.a(ecc.c.obj)
                0x0000000000006dd8                bt_hci_evt_le_pkey_complete
 .text.bt_hci_evt_le_dhkey_complete
                0x0000000000006e4c       0x1c zephyr/subsys/bluetooth/host/libsubsys__bluetooth__host.a(ecc.c.obj)
                0x0000000000006e4c                bt_hci_evt_le_dhkey_complete
 .text.notify_connected
                0x0000000000006e68       0x5c zephyr/subsys/bluetooth/host/libsubsys__bluetooth__host.a(conn.c.obj)
 .text.tx_notify
                0x0000000000006ec4       0x60 zephyr/subsys/bluetooth/host/libsubsys__bluetooth__host.a(conn.c.obj)
 .text.conn_tx_destroy
                0x0000000000006f24       0x48 zephyr/subsys/bluetooth/host/libsubsys__bluetooth__host.a(conn.c.obj)
 .text.send_frag
                0x0000000000006f6c      0x194 zephyr/subsys/bluetooth/host/libsubsys__bluetooth__host.a(conn.c.obj)
 .text.bt_conn_get_pkts
                0x0000000000007100       0x18 zephyr/subsys/bluetooth/host/libsubsys__bluetooth__host.a(conn.c.obj)
                0x0000000000007100                bt_conn_get_pkts
 .text.bt_conn_new
                0x0000000000007118       0x5c zephyr/subsys/bluetooth/host/libsubsys__bluetooth__host.a(conn.c.obj)
                0x0000000000007118                bt_conn_new
 .text.conn_cleanup
                0x0000000000007174       0x80 zephyr/subsys/bluetooth/host/libsubsys__bluetooth__host.a(conn.c.obj)
 .text.bt_conn_recv
                0x00000000000071f4       0xdc zephyr/subsys/bluetooth/host/libsubsys__bluetooth__host.a(conn.c.obj)
                0x00000000000071f4                bt_conn_recv
 .text.bt_conn_send_cb
                0x00000000000072d0       0xc0 zephyr/subsys/bluetooth/host/libsubsys__bluetooth__host.a(conn.c.obj)
                0x00000000000072d0                bt_conn_send_cb
 .text.bt_conn_prepare_events
                0x0000000000007390       0x90 zephyr/subsys/bluetooth/host/libsubsys__bluetooth__host.a(conn.c.obj)
                0x0000000000007390                bt_conn_prepare_events
 .text.bt_conn_ref
                0x0000000000007420       0x48 zephyr/subsys/bluetooth/host/libsubsys__bluetooth__host.a(conn.c.obj)
                0x0000000000007420                bt_conn_ref
 .text.bt_conn_unref
                0x0000000000007468       0x50 zephyr/subsys/bluetooth/host/libsubsys__bluetooth__host.a(conn.c.obj)
                0x0000000000007468                bt_conn_unref
 .text.bt_conn_set_state
                0x00000000000074b8      0x1c8 zephyr/subsys/bluetooth/host/libsubsys__bluetooth__host.a(conn.c.obj)
                0x00000000000074b8                bt_conn_set_state
 .text.bt_conn_lookup_handle
                0x0000000000007680       0x3c zephyr/subsys/bluetooth/host/libsubsys__bluetooth__host.a(conn.c.obj)
                0x0000000000007680                bt_conn_lookup_handle
 .text.bt_conn_foreach
                0x00000000000076bc       0x30 zephyr/subsys/bluetooth/host/libsubsys__bluetooth__host.a(conn.c.obj)
                0x00000000000076bc                bt_conn_foreach
 .text.bt_conn_index
                0x00000000000076ec       0x3c zephyr/subsys/bluetooth/host/libsubsys__bluetooth__host.a(conn.c.obj)
                0x00000000000076ec                bt_conn_index
 .text.bt_conn_create_pdu_timeout
                0x0000000000007728       0x64 zephyr/subsys/bluetooth/host/libsubsys__bluetooth__host.a(conn.c.obj)
                0x0000000000007728                bt_conn_create_pdu_timeout
 .text.bt_conn_disconnect
                0x000000000000778c       0x68 zephyr/subsys/bluetooth/host/libsubsys__bluetooth__host.a(conn.c.obj)
                0x000000000000778c                bt_conn_disconnect
 .text.notify_le_param_updated
                0x00000000000077f4       0xa0 zephyr/subsys/bluetooth/host/libsubsys__bluetooth__host.a(conn.c.obj)
                0x00000000000077f4                notify_le_param_updated
 .text.le_param_req
                0x0000000000007894       0x94 zephyr/subsys/bluetooth/host/libsubsys__bluetooth__host.a(conn.c.obj)
                0x0000000000007894                le_param_req
 .text.bt_conn_identity_resolved
                0x0000000000007928       0x7c zephyr/subsys/bluetooth/host/libsubsys__bluetooth__host.a(conn.c.obj)
                0x0000000000007928                bt_conn_identity_resolved
 .text.bt_conn_security_changed
                0x00000000000079a4       0x6c zephyr/subsys/bluetooth/host/libsubsys__bluetooth__host.a(conn.c.obj)
                0x00000000000079a4                bt_conn_security_changed
 .text.bt_conn_cb_register
                0x0000000000007a10       0x10 zephyr/subsys/bluetooth/host/libsubsys__bluetooth__host.a(conn.c.obj)
                0x0000000000007a10                bt_conn_cb_register
 .text.bt_conn_add_le
                0x0000000000007a20       0x3c zephyr/subsys/bluetooth/host/libsubsys__bluetooth__host.a(conn.c.obj)
                0x0000000000007a20                bt_conn_add_le
 .text.bt_conn_lookup_addr_le
                0x0000000000007a5c       0x34 zephyr/subsys/bluetooth/host/libsubsys__bluetooth__host.a(conn.c.obj)
                0x0000000000007a5c                bt_conn_lookup_addr_le
 .text.bt_conn_exists_le
                0x0000000000007a90       0x48 zephyr/subsys/bluetooth/host/libsubsys__bluetooth__host.a(conn.c.obj)
                0x0000000000007a90                bt_conn_exists_le
 .text.bt_conn_lookup_state_le
                0x0000000000007ad8       0x44 zephyr/subsys/bluetooth/host/libsubsys__bluetooth__host.a(conn.c.obj)
                0x0000000000007ad8                bt_conn_lookup_state_le
 .text.bt_conn_get_info
                0x0000000000007b1c       0xc0 zephyr/subsys/bluetooth/host/libsubsys__bluetooth__host.a(conn.c.obj)
                0x0000000000007b1c                bt_conn_get_info
 .text.send_conn_le_param_update
                0x0000000000007bdc       0x68 zephyr/subsys/bluetooth/host/libsubsys__bluetooth__host.a(conn.c.obj)
 .text.deferred_work
                0x0000000000007c44      0x10c zephyr/subsys/bluetooth/host/libsubsys__bluetooth__host.a(conn.c.obj)
 .text.bt_conn_create_frag_timeout
                0x0000000000007d50        0xc zephyr/subsys/bluetooth/host/libsubsys__bluetooth__host.a(conn.c.obj)
                0x0000000000007d50                bt_conn_create_frag_timeout
 .text.bt_conn_process_tx
                0x0000000000007d5c      0x10c zephyr/subsys/bluetooth/host/libsubsys__bluetooth__host.a(conn.c.obj)
                0x0000000000007d5c                bt_conn_process_tx
 .text.bt_conn_auth_cb_register
                0x0000000000007e68       0x34 zephyr/subsys/bluetooth/host/libsubsys__bluetooth__host.a(conn.c.obj)
                0x0000000000007e68                bt_conn_auth_cb_register
 .text.bt_conn_auth_info_cb_register
                0x0000000000007e9c       0x28 zephyr/subsys/bluetooth/host/libsubsys__bluetooth__host.a(conn.c.obj)
                0x0000000000007e9c                bt_conn_auth_info_cb_register
 .text.bt_conn_lookup_index
                0x0000000000007ec4       0x10 zephyr/subsys/bluetooth/host/libsubsys__bluetooth__host.a(conn.c.obj)
                0x0000000000007ec4                bt_conn_lookup_index
 .text.bt_conn_init
                0x0000000000007ed4       0x44 zephyr/subsys/bluetooth/host/libsubsys__bluetooth__host.a(conn.c.obj)
                0x0000000000007ed4                bt_conn_init
 .text.l2cap_accept
                0x0000000000007f18       0x30 zephyr/subsys/bluetooth/host/libsubsys__bluetooth__host.a(l2cap.c.obj)
 .text.l2cap_create_le_sig_pdu.constprop.0
                0x0000000000007f48       0x3c zephyr/subsys/bluetooth/host/libsubsys__bluetooth__host.a(l2cap.c.obj)
 .text.bt_l2cap_connected
                0x0000000000007f84       0xac zephyr/subsys/bluetooth/host/libsubsys__bluetooth__host.a(l2cap.c.obj)
                0x0000000000007f84                bt_l2cap_connected
 .text.l2cap_recv
                0x0000000000008030       0xac zephyr/subsys/bluetooth/host/libsubsys__bluetooth__host.a(l2cap.c.obj)
 .text.bt_l2cap_recv
                0x00000000000080dc       0x50 zephyr/subsys/bluetooth/host/libsubsys__bluetooth__host.a(l2cap.c.obj)
                0x00000000000080dc                bt_l2cap_recv
 .text.bt_l2cap_update_conn_param
                0x000000000000812c       0x64 zephyr/subsys/bluetooth/host/libsubsys__bluetooth__host.a(l2cap.c.obj)
                0x000000000000812c                bt_l2cap_update_conn_param
 .text.att_op_get_type
                0x0000000000008190       0x74 zephyr/subsys/bluetooth/host/libsubsys__bluetooth__host.a(att.c.obj)
 .text.att_get  0x0000000000008204       0x48 zephyr/subsys/bluetooth/host/libsubsys__bluetooth__host.a(att.c.obj)
 .text.bt_att_released
                0x000000000000824c        0xc zephyr/subsys/bluetooth/host/libsubsys__bluetooth__host.a(att.c.obj)
 .text.find_type_cb
                0x0000000000008258      0x160 zephyr/subsys/bluetooth/host/libsubsys__bluetooth__host.a(att.c.obj)
 .text.tx_meta_data_free
                0x00000000000083b8       0x38 zephyr/subsys/bluetooth/host/libsubsys__bluetooth__host.a(att.c.obj)
 .text.bt_att_connected
                0x00000000000083f0       0x38 zephyr/subsys/bluetooth/host/libsubsys__bluetooth__host.a(att.c.obj)
 .text.read_group_cb
                0x0000000000008428       0xb8 zephyr/subsys/bluetooth/host/libsubsys__bluetooth__host.a(att.c.obj)
 .text.tx_meta_data_alloc
                0x00000000000084e0       0x30 zephyr/subsys/bluetooth/host/libsubsys__bluetooth__host.a(att.c.obj)
 .text.bt_att_chan_create_pdu
                0x0000000000008510       0x9c zephyr/subsys/bluetooth/host/libsubsys__bluetooth__host.a(att.c.obj)
 .text.read_type_cb
                0x00000000000085ac       0xac zephyr/subsys/bluetooth/host/libsubsys__bluetooth__host.a(att.c.obj)
 .text.bt_att_accept
                0x0000000000008658       0xdc zephyr/subsys/bluetooth/host/libsubsys__bluetooth__host.a(att.c.obj)
 .text.chan_send
                0x0000000000008734       0xe4 zephyr/subsys/bluetooth/host/libsubsys__bluetooth__host.a(att.c.obj)
 .text.bt_att_chan_req_send
                0x0000000000008818       0x6c zephyr/subsys/bluetooth/host/libsubsys__bluetooth__host.a(att.c.obj)
 .text.bt_att_recv
                0x0000000000008884      0x104 zephyr/subsys/bluetooth/host/libsubsys__bluetooth__host.a(att.c.obj)
 .text.att_write_rsp.constprop.0
                0x0000000000008988       0xc8 zephyr/subsys/bluetooth/host/libsubsys__bluetooth__host.a(att.c.obj)
 .text.bt_att_create_pdu
                0x0000000000008a50       0x60 zephyr/subsys/bluetooth/host/libsubsys__bluetooth__host.a(att.c.obj)
                0x0000000000008a50                bt_att_create_pdu
 .text.bt_att_create_rsp_pdu
                0x0000000000008ab0       0x68 zephyr/subsys/bluetooth/host/libsubsys__bluetooth__host.a(att.c.obj)
                0x0000000000008ab0                bt_att_create_rsp_pdu
 .text.att_read_group_req
                0x0000000000008b18       0xfc zephyr/subsys/bluetooth/host/libsubsys__bluetooth__host.a(att.c.obj)
 .text.att_read_mult_vl_req
                0x0000000000008c14       0xa8 zephyr/subsys/bluetooth/host/libsubsys__bluetooth__host.a(att.c.obj)
 .text.att_read_mult_req
                0x0000000000008cbc       0xa8 zephyr/subsys/bluetooth/host/libsubsys__bluetooth__host.a(att.c.obj)
 .text.att_read_rsp
                0x0000000000008d64       0x9c zephyr/subsys/bluetooth/host/libsubsys__bluetooth__host.a(att.c.obj)
 .text.att_read_type_req
                0x0000000000008e00       0xc8 zephyr/subsys/bluetooth/host/libsubsys__bluetooth__host.a(att.c.obj)
 .text.att_find_type_req
                0x0000000000008ec8       0xcc zephyr/subsys/bluetooth/host/libsubsys__bluetooth__host.a(att.c.obj)
 .text.att_find_info_req
                0x0000000000008f94       0x74 zephyr/subsys/bluetooth/host/libsubsys__bluetooth__host.a(att.c.obj)
 .text.bt_att_init
                0x0000000000009008       0x38 zephyr/subsys/bluetooth/host/libsubsys__bluetooth__host.a(att.c.obj)
                0x0000000000009008                bt_att_init
 .text.bt_att_req_alloc
                0x0000000000009040       0x50 zephyr/subsys/bluetooth/host/libsubsys__bluetooth__host.a(att.c.obj)
                0x0000000000009040                bt_att_req_alloc
 .text.bt_att_req_free
                0x0000000000009090       0x28 zephyr/subsys/bluetooth/host/libsubsys__bluetooth__host.a(att.c.obj)
                0x0000000000009090                bt_att_req_free
 .text.att_handle_rsp
                0x00000000000090b8       0x78 zephyr/subsys/bluetooth/host/libsubsys__bluetooth__host.a(att.c.obj)
 .text.bt_att_disconnected
                0x0000000000009130       0xcc zephyr/subsys/bluetooth/host/libsubsys__bluetooth__host.a(att.c.obj)
 .text.att_timeout
                0x00000000000091fc       0x98 zephyr/subsys/bluetooth/host/libsubsys__bluetooth__host.a(att.c.obj)
 .text.bt_att_send
                0x0000000000009294       0x94 zephyr/subsys/bluetooth/host/libsubsys__bluetooth__host.a(att.c.obj)
                0x0000000000009294                bt_att_send
 .text.bt_att_req_send
                0x0000000000009328       0x70 zephyr/subsys/bluetooth/host/libsubsys__bluetooth__host.a(att.c.obj)
                0x0000000000009328                bt_att_req_send
 .text.db_hash_set
                0x0000000000009398       0x2c zephyr/subsys/bluetooth/host/libsubsys__bluetooth__host.a(gatt.c.obj)
 .text.find_cf_cfg_by_addr
                0x00000000000093c4       0x40 zephyr/subsys/bluetooth/host/libsubsys__bluetooth__host.a(gatt.c.obj)
 .text.gatt_delayed_store_find
                0x0000000000009404       0x44 zephyr/subsys/bluetooth/host/libsubsys__bluetooth__host.a(gatt.c.obj)
 .text.find_sc_cfg
                0x0000000000009448       0x40 zephyr/subsys/bluetooth/host/libsubsys__bluetooth__host.a(gatt.c.obj)
 .text.db_hash_store
                0x0000000000009488       0x24 zephyr/subsys/bluetooth/host/libsubsys__bluetooth__host.a(gatt.c.obj)
 .text.find_cf_cfg
                0x00000000000094ac       0x5c zephyr/subsys/bluetooth/host/libsubsys__bluetooth__host.a(gatt.c.obj)
 .text.find_ccc_cfg
                0x0000000000009508       0x28 zephyr/subsys/bluetooth/host/libsubsys__bluetooth__host.a(gatt.c.obj)
 .text.sc_store
                0x0000000000009530       0x28 zephyr/subsys/bluetooth/host/libsubsys__bluetooth__host.a(gatt.c.obj)
 .text.gatt_delayed_store_enqueue
                0x0000000000009558       0x9c zephyr/subsys/bluetooth/host/libsubsys__bluetooth__host.a(gatt.c.obj)
 .text.ccc_load
                0x00000000000095f4       0x8c zephyr/subsys/bluetooth/host/libsubsys__bluetooth__host.a(gatt.c.obj)
 .text.sc_save  0x0000000000009680       0x74 zephyr/subsys/bluetooth/host/libsubsys__bluetooth__host.a(gatt.c.obj)
 .text.cf_write
                0x00000000000096f4       0x94 zephyr/subsys/bluetooth/host/libsubsys__bluetooth__host.a(gatt.c.obj)
 .text.sc_set   0x0000000000009788       0xcc zephyr/subsys/bluetooth/host/libsubsys__bluetooth__host.a(gatt.c.obj)
 .text.bt_gatt_clear_sc
                0x0000000000009854       0x30 zephyr/subsys/bluetooth/host/libsubsys__bluetooth__host.a(gatt.c.obj)
 .text.sc_clear
                0x0000000000009884       0x40 zephyr/subsys/bluetooth/host/libsubsys__bluetooth__host.a(gatt.c.obj)
 .text.sc_indicate_rsp
                0x00000000000098c4       0x4c zephyr/subsys/bluetooth/host/libsubsys__bluetooth__host.a(gatt.c.obj)
 .text.read_ppcp
                0x0000000000009910       0x28 zephyr/subsys/bluetooth/host/libsubsys__bluetooth__host.a(gatt.c.obj)
 .text.remove_peer_from_attr
                0x0000000000009938       0x28 zephyr/subsys/bluetooth/host/libsubsys__bluetooth__host.a(gatt.c.obj)
 .text.convert_to_id_on_match
                0x0000000000009960       0x2c zephyr/subsys/bluetooth/host/libsubsys__bluetooth__host.a(gatt.c.obj)
 .text.ccc_save
                0x000000000000998c       0x38 zephyr/subsys/bluetooth/host/libsubsys__bluetooth__host.a(gatt.c.obj)
 .text.sc_indicate.part.0
                0x00000000000099c4       0x10 zephyr/subsys/bluetooth/host/libsubsys__bluetooth__host.a(gatt.c.obj)
 .text.sc_commit
                0x00000000000099d4       0x2c zephyr/subsys/bluetooth/host/libsubsys__bluetooth__host.a(gatt.c.obj)
 .text.clear_cf_cfg
                0x0000000000009a00       0x28 zephyr/subsys/bluetooth/host/libsubsys__bluetooth__host.a(gatt.c.obj)
 .text.cf_set   0x0000000000009a28      0x104 zephyr/subsys/bluetooth/host/libsubsys__bluetooth__host.a(gatt.c.obj)
 .text.disconnected_cb
                0x0000000000009b2c       0xa0 zephyr/subsys/bluetooth/host/libsubsys__bluetooth__host.a(gatt.c.obj)
 .text.bt_gatt_attr_write_ccc
                0x0000000000009bcc       0xc8 zephyr/subsys/bluetooth/host/libsubsys__bluetooth__host.a(gatt.c.obj)
                0x0000000000009bcc                bt_gatt_attr_write_ccc
 .text.sc_indicate.constprop.0
                0x0000000000009c94       0x58 zephyr/subsys/bluetooth/host/libsubsys__bluetooth__host.a(gatt.c.obj)
 .text.bt_gatt_store_cf.isra.0
                0x0000000000009cec       0x48 zephyr/subsys/bluetooth/host/libsubsys__bluetooth__host.a(gatt.c.obj)
 .text.set_all_change_unaware
                0x0000000000009d34       0x58 zephyr/subsys/bluetooth/host/libsubsys__bluetooth__host.a(gatt.c.obj)
 .text.bt_gatt_init
                0x0000000000009d8c       0xcc zephyr/subsys/bluetooth/host/libsubsys__bluetooth__host.a(gatt.c.obj)
                0x0000000000009d8c                bt_gatt_init
 .text.bt_gatt_attr_get_handle
                0x0000000000009e58       0x80 zephyr/subsys/bluetooth/host/libsubsys__bluetooth__host.a(gatt.c.obj)
                0x0000000000009e58                bt_gatt_attr_get_handle
 .text.bt_gatt_foreach_attr_type
                0x0000000000009ed8       0xd0 zephyr/subsys/bluetooth/host/libsubsys__bluetooth__host.a(gatt.c.obj)
                0x0000000000009ed8                bt_gatt_foreach_attr_type
 .text.db_hash_gen
                0x0000000000009fa8       0x7c zephyr/subsys/bluetooth/host/libsubsys__bluetooth__host.a(gatt.c.obj)
 .text.db_hash_read
                0x000000000000a024       0x74 zephyr/subsys/bluetooth/host/libsubsys__bluetooth__host.a(gatt.c.obj)
 .text.do_db_hash
                0x000000000000a098       0x78 zephyr/subsys/bluetooth/host/libsubsys__bluetooth__host.a(gatt.c.obj)
 .text.db_hash_commit
                0x000000000000a110       0x18 zephyr/subsys/bluetooth/host/libsubsys__bluetooth__host.a(gatt.c.obj)
 .text.ccc_set_direct
                0x000000000000a128       0xd8 zephyr/subsys/bluetooth/host/libsubsys__bluetooth__host.a(gatt.c.obj)
 .text.bt_gatt_attr_next
                0x000000000000a200       0x24 zephyr/subsys/bluetooth/host/libsubsys__bluetooth__host.a(gatt.c.obj)
                0x000000000000a200                bt_gatt_attr_next
 .text.bt_gatt_is_subscribed
                0x000000000000a224      0x164 zephyr/subsys/bluetooth/host/libsubsys__bluetooth__host.a(gatt.c.obj)
                0x000000000000a224                bt_gatt_is_subscribed
 .text.gatt_indicate
                0x000000000000a388       0xdc zephyr/subsys/bluetooth/host/libsubsys__bluetooth__host.a(gatt.c.obj)
 .text.bt_gatt_indicate
                0x000000000000a464      0x128 zephyr/subsys/bluetooth/host/libsubsys__bluetooth__host.a(gatt.c.obj)
                0x000000000000a464                bt_gatt_indicate
 .text.sc_process
                0x000000000000a58c       0x88 zephyr/subsys/bluetooth/host/libsubsys__bluetooth__host.a(gatt.c.obj)
 .text.update_ccc
                0x000000000000a614      0x100 zephyr/subsys/bluetooth/host/libsubsys__bluetooth__host.a(gatt.c.obj)
 .text.gatt_notify
                0x000000000000a714       0xa4 zephyr/subsys/bluetooth/host/libsubsys__bluetooth__host.a(gatt.c.obj)
 .text.notify_cb
                0x000000000000a7b8      0x124 zephyr/subsys/bluetooth/host/libsubsys__bluetooth__host.a(gatt.c.obj)
 .text.bt_gatt_connected
                0x000000000000a8dc       0x88 zephyr/subsys/bluetooth/host/libsubsys__bluetooth__host.a(gatt.c.obj)
                0x000000000000a8dc                bt_gatt_connected
 .text.bt_gatt_att_max_mtu_changed
                0x000000000000a964       0x28 zephyr/subsys/bluetooth/host/libsubsys__bluetooth__host.a(gatt.c.obj)
                0x000000000000a964                bt_gatt_att_max_mtu_changed
 .text.bt_gatt_encrypt_change
                0x000000000000a98c       0x30 zephyr/subsys/bluetooth/host/libsubsys__bluetooth__host.a(gatt.c.obj)
                0x000000000000a98c                bt_gatt_encrypt_change
 .text.bt_gatt_store_ccc
                0x000000000000a9bc       0x50 zephyr/subsys/bluetooth/host/libsubsys__bluetooth__host.a(gatt.c.obj)
                0x000000000000a9bc                bt_gatt_store_ccc
 .text.bt_gatt_identity_resolved
                0x000000000000aa0c       0x5c zephyr/subsys/bluetooth/host/libsubsys__bluetooth__host.a(gatt.c.obj)
 .text.bt_gatt_clear
                0x000000000000aa68       0x54 zephyr/subsys/bluetooth/host/libsubsys__bluetooth__host.a(gatt.c.obj)
                0x000000000000aa68                bt_gatt_clear
 .text.bt_gatt_disconnected
                0x000000000000aabc       0x78 zephyr/subsys/bluetooth/host/libsubsys__bluetooth__host.a(gatt.c.obj)
                0x000000000000aabc                bt_gatt_disconnected
 .text.smp_find
                0x000000000000ab34       0x1c zephyr/subsys/bluetooth/host/libsubsys__bluetooth__host.a(smp.c.obj)
 .text.latch_auth_cb
                0x000000000000ab50       0x2c zephyr/subsys/bluetooth/host/libsubsys__bluetooth__host.a(smp.c.obj)
 .text.get_io_capa
                0x000000000000ab7c       0x4c zephyr/subsys/bluetooth/host/libsubsys__bluetooth__host.a(smp.c.obj)
 .text.smp_chan_get
                0x000000000000abc8       0x24 zephyr/subsys/bluetooth/host/libsubsys__bluetooth__host.a(smp.c.obj)
 .text.bt_smp_accept
                0x000000000000abec       0x30 zephyr/subsys/bluetooth/host/libsubsys__bluetooth__host.a(smp.c.obj)
 .text.smp_send.constprop.0
                0x000000000000ac1c       0x4c zephyr/subsys/bluetooth/host/libsubsys__bluetooth__host.a(smp.c.obj)
 .text.smp_init
                0x000000000000ac68       0x38 zephyr/subsys/bluetooth/host/libsubsys__bluetooth__host.a(smp.c.obj)
 .text.smp_dhkey_generate
                0x000000000000aca0       0x38 zephyr/subsys/bluetooth/host/libsubsys__bluetooth__host.a(smp.c.obj)
 .text.smp_ident_info
                0x000000000000acd8       0x60 zephyr/subsys/bluetooth/host/libsubsys__bluetooth__host.a(smp.c.obj)
 .text.smp_encrypt_info
                0x000000000000ad38       0x60 zephyr/subsys/bluetooth/host/libsubsys__bluetooth__host.a(smp.c.obj)
 .text.smp_send_pairing_confirm
                0x000000000000ad98       0x88 zephyr/subsys/bluetooth/host/libsubsys__bluetooth__host.a(smp.c.obj)
 .text.smp_public_key_periph
                0x000000000000ae20      0x154 zephyr/subsys/bluetooth/host/libsubsys__bluetooth__host.a(smp.c.obj)
 .text.smp_public_key
                0x000000000000af74       0xa4 zephyr/subsys/bluetooth/host/libsubsys__bluetooth__host.a(smp.c.obj)
 .text.compute_and_check_and_send_periph_dhcheck
                0x000000000000b018      0x180 zephyr/subsys/bluetooth/host/libsubsys__bluetooth__host.a(smp.c.obj)
 .text.smp_pairing_accept_query
                0x000000000000b198       0x58 zephyr/subsys/bluetooth/host/libsubsys__bluetooth__host.a(smp.c.obj)
 .text.bt_smp_connected
                0x000000000000b1f0       0x44 zephyr/subsys/bluetooth/host/libsubsys__bluetooth__host.a(smp.c.obj)
 .text.smp_pairing_confirm
                0x000000000000b234       0x7c zephyr/subsys/bluetooth/host/libsubsys__bluetooth__host.a(smp.c.obj)
 .text.smp_pairing_random
                0x000000000000b2b0      0x20c zephyr/subsys/bluetooth/host/libsubsys__bluetooth__host.a(smp.c.obj)
 .text.get_auth
                0x000000000000b4bc       0x58 zephyr/subsys/bluetooth/host/libsubsys__bluetooth__host.a(smp.c.obj)
 .text.smp_pairing_req
                0x000000000000b514      0x37c zephyr/subsys/bluetooth/host/libsubsys__bluetooth__host.a(smp.c.obj)
 .text.bt_le_oob_set_sc_flag
                0x000000000000b890        0xc zephyr/subsys/bluetooth/host/libsubsys__bluetooth__host.a(smp.c.obj)
                0x000000000000b890                bt_le_oob_set_sc_flag
 .text.bt_le_oob_set_legacy_flag
                0x000000000000b89c        0xc zephyr/subsys/bluetooth/host/libsubsys__bluetooth__host.a(smp.c.obj)
                0x000000000000b89c                bt_le_oob_set_legacy_flag
 .text.bt_smp_le_oob_generate_sc_data
                0x000000000000b8a8       0x60 zephyr/subsys/bluetooth/host/libsubsys__bluetooth__host.a(smp.c.obj)
                0x000000000000b8a8                bt_smp_le_oob_generate_sc_data
 .text.bt_smp_start_security
                0x000000000000b908      0x18c zephyr/subsys/bluetooth/host/libsubsys__bluetooth__host.a(smp.c.obj)
                0x000000000000b908                bt_smp_start_security
 .text.smp_pairing_complete
                0x000000000000ba94      0x128 zephyr/subsys/bluetooth/host/libsubsys__bluetooth__host.a(smp.c.obj)
 .text.smp_error
                0x000000000000bbbc       0xa0 zephyr/subsys/bluetooth/host/libsubsys__bluetooth__host.a(smp.c.obj)
 .text.bt_smp_auth_cancel
                0x000000000000bc5c       0x58 zephyr/subsys/bluetooth/host/libsubsys__bluetooth__host.a(smp.c.obj)
                0x000000000000bc5c                bt_smp_auth_cancel
 .text.bt_smp_recv
                0x000000000000bcb4       0xd4 zephyr/subsys/bluetooth/host/libsubsys__bluetooth__host.a(smp.c.obj)
 .text.bt_smp_pkey_ready
                0x000000000000bd88       0x48 zephyr/subsys/bluetooth/host/libsubsys__bluetooth__host.a(smp.c.obj)
 .text.smp_ident_addr_info
                0x000000000000bdd0      0x190 zephyr/subsys/bluetooth/host/libsubsys__bluetooth__host.a(smp.c.obj)
 .text.smp_central_ident
                0x000000000000bf60       0x84 zephyr/subsys/bluetooth/host/libsubsys__bluetooth__host.a(smp.c.obj)
 .text.smp_pairing_failed
                0x000000000000bfe4       0x58 zephyr/subsys/bluetooth/host/libsubsys__bluetooth__host.a(smp.c.obj)
 .text.bt_smp_encrypt_change
                0x000000000000c03c      0x20c zephyr/subsys/bluetooth/host/libsubsys__bluetooth__host.a(smp.c.obj)
 .text.smp_timeout
                0x000000000000c248       0x28 zephyr/subsys/bluetooth/host/libsubsys__bluetooth__host.a(smp.c.obj)
 .text.smp_ident_sent
                0x000000000000c270       0x50 zephyr/subsys/bluetooth/host/libsubsys__bluetooth__host.a(smp.c.obj)
 .text.bt_smp_update_keys
                0x000000000000c2c0      0x118 zephyr/subsys/bluetooth/host/libsubsys__bluetooth__host.a(smp.c.obj)
                0x000000000000c2c0                bt_smp_update_keys
 .text.bt_smp_init
                0x000000000000c3d8       0x2c zephyr/subsys/bluetooth/host/libsubsys__bluetooth__host.a(smp.c.obj)
                0x000000000000c3d8                bt_smp_init
 .text.id_add   0x000000000000c404       0x2c zephyr/subsys/bluetooth/host/libsubsys__bluetooth__host.a(keys.c.obj)
 .text.bt_keys_get_addr.part.0
                0x000000000000c430       0x5c zephyr/subsys/bluetooth/host/libsubsys__bluetooth__host.a(keys.c.obj)
 .text.bt_keys_get_addr
                0x000000000000c48c       0x28 zephyr/subsys/bluetooth/host/libsubsys__bluetooth__host.a(keys.c.obj)
                0x000000000000c48c                bt_keys_get_addr
 .text.bt_foreach_bond
                0x000000000000c4b4       0x60 zephyr/subsys/bluetooth/host/libsubsys__bluetooth__host.a(keys.c.obj)
                0x000000000000c4b4                bt_foreach_bond
 .text.bt_keys_foreach_type
                0x000000000000c514       0x38 zephyr/subsys/bluetooth/host/libsubsys__bluetooth__host.a(keys.c.obj)
                0x000000000000c514                bt_keys_foreach_type
 .text.keys_commit
                0x000000000000c54c       0x14 zephyr/subsys/bluetooth/host/libsubsys__bluetooth__host.a(keys.c.obj)
 .text.bt_keys_find
                0x000000000000c560       0x50 zephyr/subsys/bluetooth/host/libsubsys__bluetooth__host.a(keys.c.obj)
                0x000000000000c560                bt_keys_find
 .text.bt_keys_find_irk
                0x000000000000c5b0       0x9c zephyr/subsys/bluetooth/host/libsubsys__bluetooth__host.a(keys.c.obj)
                0x000000000000c5b0                bt_keys_find_irk
 .text.bt_keys_find_addr
                0x000000000000c64c       0x44 zephyr/subsys/bluetooth/host/libsubsys__bluetooth__host.a(keys.c.obj)
                0x000000000000c64c                bt_keys_find_addr
 .text.bt_keys_add_type
                0x000000000000c690       0x2c zephyr/subsys/bluetooth/host/libsubsys__bluetooth__host.a(keys.c.obj)
                0x000000000000c690                bt_keys_add_type
 .text.bt_keys_get_type
                0x000000000000c6bc       0x44 zephyr/subsys/bluetooth/host/libsubsys__bluetooth__host.a(keys.c.obj)
                0x000000000000c6bc                bt_keys_get_type
 .text.bt_keys_clear
                0x000000000000c700       0x48 zephyr/subsys/bluetooth/host/libsubsys__bluetooth__host.a(keys.c.obj)
                0x000000000000c700                bt_keys_clear
 .text.keys_set
                0x000000000000c748       0xf4 zephyr/subsys/bluetooth/host/libsubsys__bluetooth__host.a(keys.c.obj)
 .text.bt_keys_store
                0x000000000000c83c       0x48 zephyr/subsys/bluetooth/host/libsubsys__bluetooth__host.a(keys.c.obj)
                0x000000000000c83c                bt_keys_store
 .text.sys_memcpy_swap
                0x000000000000c884       0x48 zephyr/subsys/bluetooth/crypto/libsubsys__bluetooth__crypto.a(bt_crypto.c.obj)
 .text.bt_crypto_f5
                0x000000000000c8cc       0xd0 zephyr/subsys/bluetooth/crypto/libsubsys__bluetooth__crypto.a(bt_crypto.c.obj)
                0x000000000000c8cc                bt_crypto_f5
 .text.bt_crypto_g2
                0x000000000000c99c       0x5c zephyr/subsys/bluetooth/crypto/libsubsys__bluetooth__crypto.a(bt_crypto.c.obj)
                0x000000000000c99c                bt_crypto_g2
 .text.net_buf_destroy
                0x000000000000c9f8       0x38 zephyr/subsys/net/libsubsys__net.a(buf.c.obj)
 .text.net_buf_pool_get
                0x000000000000ca30       0x10 zephyr/subsys/net/libsubsys__net.a(buf.c.obj)
                0x000000000000ca30                net_buf_pool_get
 .text.net_buf_id
                0x000000000000ca40       0x24 zephyr/subsys/net/libsubsys__net.a(buf.c.obj)
                0x000000000000ca40                net_buf_id
 .text.fixed_data_alloc
                0x000000000000ca64       0x30 zephyr/subsys/net/libsubsys__net.a(buf.c.obj)
 .text.net_buf_alloc_len
                0x000000000000ca94      0x180 zephyr/subsys/net/libsubsys__net.a(buf.c.obj)
                0x000000000000ca94                net_buf_alloc_len
 .text.net_buf_slist_put
                0x000000000000cc14       0xa8 zephyr/subsys/net/libsubsys__net.a(buf.c.obj)
                0x000000000000cc14                net_buf_slist_put
 .text.net_buf_slist_get
                0x000000000000ccbc       0x90 zephyr/subsys/net/libsubsys__net.a(buf.c.obj)
                0x000000000000ccbc                net_buf_slist_get
 .text.net_buf_put
                0x000000000000cd4c       0x40 zephyr/subsys/net/libsubsys__net.a(buf.c.obj)
                0x000000000000cd4c                net_buf_put
 .text.net_buf_unref
                0x000000000000cd8c       0x58 zephyr/subsys/net/libsubsys__net.a(buf.c.obj)
                0x000000000000cd8c                net_buf_unref
 .text.net_buf_ref
                0x000000000000cde4       0x2c zephyr/subsys/net/libsubsys__net.a(buf.c.obj)
                0x000000000000cde4                net_buf_ref
 .text.net_buf_frag_last
                0x000000000000ce10       0x30 zephyr/subsys/net/libsubsys__net.a(buf.c.obj)
                0x000000000000ce10                net_buf_frag_last
 .text.net_buf_frag_insert
                0x000000000000ce40       0x4c zephyr/subsys/net/libsubsys__net.a(buf.c.obj)
                0x000000000000ce40                net_buf_frag_insert
 .text.net_buf_frag_add
                0x000000000000ce8c       0x40 zephyr/subsys/net/libsubsys__net.a(buf.c.obj)
                0x000000000000ce8c                net_buf_frag_add
 .text.net_buf_simple_reserve
                0x000000000000cecc       0x38 zephyr/subsys/net/libsubsys__net.a(buf_simple.c.obj)
                0x000000000000cecc                net_buf_simple_reserve
 .text.net_buf_simple_push
                0x000000000000cf04       0x38 zephyr/subsys/net/libsubsys__net.a(buf_simple.c.obj)
                0x000000000000cf04                net_buf_simple_push
 .text.net_buf_simple_pull
                0x000000000000cf3c       0x34 zephyr/subsys/net/libsubsys__net.a(buf_simple.c.obj)
                0x000000000000cf3c                net_buf_simple_pull
 .text.net_buf_simple_pull_mem
                0x000000000000cf70       0x34 zephyr/subsys/net/libsubsys__net.a(buf_simple.c.obj)
                0x000000000000cf70                net_buf_simple_pull_mem
 .text.net_buf_simple_add
                0x000000000000cfa4       0x38 zephyr/subsys/net/libsubsys__net.a(buf_simple.c.obj)
                0x000000000000cfa4                net_buf_simple_add
 .text.bt_ipc_init
                0x000000000000cfdc       0x24 zephyr/drivers/bluetooth/libdrivers__bluetooth.a(ipc.c.obj)
 .text.bt_ipc_send
                0x000000000000d000       0x54 zephyr/drivers/bluetooth/libdrivers__bluetooth.a(ipc.c.obj)
 .text.hci_ept_bound
                0x000000000000d054        0xc zephyr/drivers/bluetooth/libdrivers__bluetooth.a(ipc.c.obj)
 .text.hci_ept_recv
                0x000000000000d060      0x1bc zephyr/drivers/bluetooth/libdrivers__bluetooth.a(ipc.c.obj)
 .text.bt_ipc_open
                0x000000000000d21c       0x84 zephyr/drivers/bluetooth/libdrivers__bluetooth.a(ipc.c.obj)
 .text.bt_ipc_close
                0x000000000000d2a0       0x70 zephyr/drivers/bluetooth/libdrivers__bluetooth.a(ipc.c.obj)
 .text.bt_hci_transport_setup
                0x000000000000d310       0x18 zephyr/drivers/bluetooth/libdrivers__bluetooth.a(nrf53_support.c.obj)
                0x000000000000d310                bt_hci_transport_setup
 .text.onoff_start
                0x000000000000d328       0x3c zephyr/drivers/clock_control/libdrivers__clock_control.a(clock_control_nrf.c.obj)
 .text.get_status
                0x000000000000d364       0x34 zephyr/drivers/clock_control/libdrivers__clock_control.a(clock_control_nrf.c.obj)
 .text.stop     0x000000000000d398       0x78 zephyr/drivers/clock_control/libdrivers__clock_control.a(clock_control_nrf.c.obj)
 .text.onoff_stop
                0x000000000000d410       0x28 zephyr/drivers/clock_control/libdrivers__clock_control.a(clock_control_nrf.c.obj)
 .text.clk_init
                0x000000000000d438       0x64 zephyr/drivers/clock_control/libdrivers__clock_control.a(clock_control_nrf.c.obj)
 .text.clkstarted_handle.constprop.0
                0x000000000000d49c       0x38 zephyr/drivers/clock_control/libdrivers__clock_control.a(clock_control_nrf.c.obj)
 .text.clock_event_handler
                0x000000000000d4d4       0x68 zephyr/drivers/clock_control/libdrivers__clock_control.a(clock_control_nrf.c.obj)
 .text.generic_hfclk_start
                0x000000000000d53c       0x64 zephyr/drivers/clock_control/libdrivers__clock_control.a(clock_control_nrf.c.obj)
 .text.api_blocking_start
                0x000000000000d5a0       0x3c zephyr/drivers/clock_control/libdrivers__clock_control.a(clock_control_nrf.c.obj)
 .text.generic_hfclk_stop
                0x000000000000d5dc       0x34 zephyr/drivers/clock_control/libdrivers__clock_control.a(clock_control_nrf.c.obj)
 .text.z_nrf_clock_control_get_onoff
                0x000000000000d610       0x10 zephyr/drivers/clock_control/libdrivers__clock_control.a(clock_control_nrf.c.obj)
                0x000000000000d610                z_nrf_clock_control_get_onoff
 .text.z_nrf_clock_control_lf_on
                0x000000000000d620      0x130 zephyr/drivers/clock_control/libdrivers__clock_control.a(clock_control_nrf.c.obj)
                0x000000000000d620                z_nrf_clock_control_lf_on
 .text.uart_console_init
                0x000000000000d750       0x28 zephyr/drivers/console/libdrivers__console.a(uart_console.c.obj)
 .text.console_out
                0x000000000000d778       0x28 zephyr/drivers/console/libdrivers__console.a(uart_console.c.obj)
 .text.qspi_get_zephyr_ret_code
                0x000000000000d7a0       0x1c zephyr/drivers/flash/libdrivers__flash.a(nrf_qspi_nor.c.obj)
 .text.qspi_nor_pages_layout
                0x000000000000d7bc       0x10 zephyr/drivers/flash/libdrivers__flash.a(nrf_qspi_nor.c.obj)
 .text.qspi_flash_get_parameters
                0x000000000000d7cc        0x8 zephyr/drivers/flash/libdrivers__flash.a(nrf_qspi_nor.c.obj)
 .text.qspi_send_cmd.constprop.0
                0x000000000000d7d4       0x70 zephyr/drivers/flash/libdrivers__flash.a(nrf_qspi_nor.c.obj)
 .text.nrf_qspi_pins_set.constprop.0
                0x000000000000d844       0x5c zephyr/drivers/flash/libdrivers__flash.a(nrf_qspi_nor.c.obj)
 .text.qspi_nor_init
                0x000000000000d8a0      0x20c zephyr/drivers/flash/libdrivers__flash.a(nrf_qspi_nor.c.obj)
 .text.qspi_wait_for_completion.isra.0
                0x000000000000daac       0x1c zephyr/drivers/flash/libdrivers__flash.a(nrf_qspi_nor.c.obj)
 .text.qspi_nor_erase
                0x000000000000dac8      0x108 zephyr/drivers/flash/libdrivers__flash.a(nrf_qspi_nor.c.obj)
 .text.qspi_nor_write
                0x000000000000dbd0      0x11c zephyr/drivers/flash/libdrivers__flash.a(nrf_qspi_nor.c.obj)
 .text.qspi_nor_read
                0x000000000000dcec      0x144 zephyr/drivers/flash/libdrivers__flash.a(nrf_qspi_nor.c.obj)
 .text.flash_nrf_pages_layout
                0x000000000000de30       0x10 zephyr/drivers/flash/libdrivers__flash.a(soc_flash_nrf.c.obj)
 .text.flash_nrf_get_parameters
                0x000000000000de40        0x8 zephyr/drivers/flash/libdrivers__flash.a(soc_flash_nrf.c.obj)
 .text.flash_nrf_read
                0x000000000000de48       0x38 zephyr/drivers/flash/libdrivers__flash.a(soc_flash_nrf.c.obj)
 .text.nrf_flash_init
                0x000000000000de80       0x28 zephyr/drivers/flash/libdrivers__flash.a(soc_flash_nrf.c.obj)
 .text.flash_nrf_erase
                0x000000000000dea8       0x84 zephyr/drivers/flash/libdrivers__flash.a(soc_flash_nrf.c.obj)
 .text.flash_nrf_write
                0x000000000000df2c       0x84 zephyr/drivers/flash/libdrivers__flash.a(soc_flash_nrf.c.obj)
 .text.gpio_nrfx_manage_callback
                0x000000000000dfb0       0x80 zephyr/drivers/gpio/libdrivers__gpio.a(gpio_nrfx.c.obj)
 .text.gpio_nrfx_init
                0x000000000000e030       0x48 zephyr/drivers/gpio/libdrivers__gpio.a(gpio_nrfx.c.obj)
 .text.nrf_gpio_pin_port_decode
                0x000000000000e078       0x58 zephyr/drivers/gpio/libdrivers__gpio.a(gpio_nrfx.c.obj)
 .text.gpio_nrfx_pin_interrupt_configure
                0x000000000000e0d0       0xe4 zephyr/drivers/gpio/libdrivers__gpio.a(gpio_nrfx.c.obj)
 .text.gpio_nrfx_pin_configure
                0x000000000000e1b4      0x194 zephyr/drivers/gpio/libdrivers__gpio.a(gpio_nrfx.c.obj)
 .text.nrfx_gpio_handler
                0x000000000000e348       0x68 zephyr/drivers/gpio/libdrivers__gpio.a(gpio_nrfx.c.obj)
 .text.mbox_nrf_init
                0x000000000000e3b0       0x94 zephyr/drivers/mbox/libdrivers__mbox.a(mbox_nrfx_ipc.c.obj)
 .text.mbox_nrf_send
                0x000000000000e444       0x3c zephyr/drivers/mbox/libdrivers__mbox.a(mbox_nrfx_ipc.c.obj)
 .text.mbox_nrf_set_enabled
                0x000000000000e480       0x8c zephyr/drivers/mbox/libdrivers__mbox.a(mbox_nrfx_ipc.c.obj)
 .text.mbox_dispatcher
                0x000000000000e50c       0x58 zephyr/drivers/mbox/libdrivers__mbox.a(mbox_nrfx_ipc.c.obj)
 .text.nrf_gpio_pin_port_decode
                0x000000000000e564       0x58 zephyr/drivers/pinctrl/libdrivers__pinctrl.a(pinctrl_nrf.c.obj)
 .text.pinctrl_configure_pins
                0x000000000000e5bc      0x1a4 zephyr/drivers/pinctrl/libdrivers__pinctrl.a(pinctrl_nrf.c.obj)
                0x000000000000e5bc                pinctrl_configure_pins
 .text.uarte_0_init
                0x000000000000e760      0x26c zephyr/drivers/serial/libdrivers__serial.a(uart_nrfx_uarte.c.obj)
 .text.uarte_nrfx_poll_out
                0x000000000000e9cc       0xcc zephyr/drivers/serial/libdrivers__serial.a(uart_nrfx_uarte.c.obj)
 .text.sys_clock_timeout_handler
                0x000000000000ea98       0x48 zephyr/drivers/timer/libdrivers__timer.a(nrf_rtc_timer.c.obj)
 .text.z_nrf_rtc_timer_read
                0x000000000000eae0       0x44 zephyr/drivers/timer/libdrivers__timer.a(nrf_rtc_timer.c.obj)
                0x000000000000eae0                z_nrf_rtc_timer_read
 .text.rtc_nrf_isr
                0x000000000000eb24       0xc0 zephyr/drivers/timer/libdrivers__timer.a(nrf_rtc_timer.c.obj)
                0x000000000000eb24                rtc_nrf_isr
 .text.compare_set.constprop.0.isra.0
                0x000000000000ebe4      0x138 zephyr/drivers/timer/libdrivers__timer.a(nrf_rtc_timer.c.obj)
 .text.sys_clock_driver_init
                0x000000000000ed1c       0x80 zephyr/drivers/timer/libdrivers__timer.a(nrf_rtc_timer.c.obj)
 .text.sys_clock_set_timeout
                0x000000000000ed9c       0x4c zephyr/drivers/timer/libdrivers__timer.a(nrf_rtc_timer.c.obj)
                0x000000000000ed9c                sys_clock_set_timeout
 .text.sys_clock_elapsed
                0x000000000000ede8       0x14 zephyr/drivers/timer/libdrivers__timer.a(nrf_rtc_timer.c.obj)
                0x000000000000ede8                sys_clock_elapsed
 .text.sys_clock_disable
                0x000000000000edfc       0x30 zephyr/drivers/timer/libdrivers__timer.a(nrf_rtc_timer.c.obj)
                0x000000000000edfc                sys_clock_disable
 .text.z_impl_gpio_pin_configure
                0x000000000000ee2c      0x100 modules/nrf/lib/dk_buttons_and_leds/lib..__nrf__lib__dk_buttons_and_leds.a(dk_buttons_and_leds.c.obj)
 .text.z_impl_gpio_pin_interrupt_configure
                0x000000000000ef2c       0xc4 modules/nrf/lib/dk_buttons_and_leds/lib..__nrf__lib__dk_buttons_and_leds.a(dk_buttons_and_leds.c.obj)
 .text.gpio_pin_set
                0x000000000000eff0       0x4c modules/nrf/lib/dk_buttons_and_leds/lib..__nrf__lib__dk_buttons_and_leds.a(dk_buttons_and_leds.c.obj)
 .text.get_buttons
                0x000000000000f03c       0x88 modules/nrf/lib/dk_buttons_and_leds/lib..__nrf__lib__dk_buttons_and_leds.a(dk_buttons_and_leds.c.obj)
 .text.dk_set_leds_state.part.0
                0x000000000000f0c4       0x54 modules/nrf/lib/dk_buttons_and_leds/lib..__nrf__lib__dk_buttons_and_leds.a(dk_buttons_and_leds.c.obj)
 .text.callback_ctrl
                0x000000000000f118       0x68 modules/nrf/lib/dk_buttons_and_leds/lib..__nrf__lib__dk_buttons_and_leds.a(dk_buttons_and_leds.c.obj)
 .text.button_pressed
                0x000000000000f180       0xb4 modules/nrf/lib/dk_buttons_and_leds/lib..__nrf__lib__dk_buttons_and_leds.a(dk_buttons_and_leds.c.obj)
 .text.buttons_scan_fn
                0x000000000000f234      0x140 modules/nrf/lib/dk_buttons_and_leds/lib..__nrf__lib__dk_buttons_and_leds.a(dk_buttons_and_leds.c.obj)
 .text.dk_leds_init
                0x000000000000f374       0x40 modules/nrf/lib/dk_buttons_and_leds/lib..__nrf__lib__dk_buttons_and_leds.a(dk_buttons_and_leds.c.obj)
                0x000000000000f374                dk_leds_init
 .text.dk_read_buttons
                0x000000000000f3b4       0x20 modules/nrf/lib/dk_buttons_and_leds/lib..__nrf__lib__dk_buttons_and_leds.a(dk_buttons_and_leds.c.obj)
                0x000000000000f3b4                dk_read_buttons
 .text.dk_buttons_init
                0x000000000000f3d4      0x120 modules/nrf/lib/dk_buttons_and_leds/lib..__nrf__lib__dk_buttons_and_leds.a(dk_buttons_and_leds.c.obj)
                0x000000000000f3d4                dk_buttons_init
 .text.dk_set_led
                0x000000000000f4f4       0x44 modules/nrf/lib/dk_buttons_and_leds/lib..__nrf__lib__dk_buttons_and_leds.a(dk_buttons_and_leds.c.obj)
                0x000000000000f4f4                dk_set_led
 .text.k_sys_fatal_error_handler
                0x000000000000f538       0x14 modules/nrf/lib/fatal_error/lib..__nrf__lib__fatal_error.a(fatal_error.c.obj)
                0x000000000000f538                k_sys_fatal_error_handler
 .text.nfc_ndef_le_oob_rec_check
                0x000000000000f54c       0x2c modules/nrf/subsys/nfc/ndef/lib..__nrf__subsys__nfc__ndef.a(le_oob_rec_parser.c.obj)
                0x000000000000f54c                nfc_ndef_le_oob_rec_check
 .text.nfc_ndef_le_oob_rec_parse
                0x000000000000f578      0x20c modules/nrf/subsys/nfc/ndef/lib..__nrf__subsys__nfc__ndef.a(le_oob_rec_parser.c.obj)
                0x000000000000f578                nfc_ndef_le_oob_rec_parse
 .text.nfc_ndef_le_oob_rec_printout
                0x000000000000f784      0x14c modules/nrf/subsys/nfc/ndef/lib..__nrf__subsys__nfc__ndef.a(le_oob_rec_parser.c.obj)
                0x000000000000f784                nfc_ndef_le_oob_rec_printout
 .text.nfc_ndef_msg_parse
                0x000000000000f8d0       0x3c modules/nrf/subsys/nfc/ndef/lib..__nrf__subsys__nfc__ndef.a(msg_parser.c.obj)
                0x000000000000f8d0                nfc_ndef_msg_parse
 .text.nfc_ndef_record_parse
                0x000000000000f90c       0xac modules/nrf/subsys/nfc/ndef/lib..__nrf__subsys__nfc__ndef.a(record_parser.c.obj)
                0x000000000000f90c                nfc_ndef_record_parse
 .text.nfc_ndef_ch_hc_rec_check
                0x000000000000f9b8        0xc modules/nrf/subsys/nfc/ndef/lib..__nrf__subsys__nfc__ndef.a(ch_rec_parser.c.obj)
                0x000000000000f9b8                nfc_ndef_ch_hc_rec_check
 .text.nfc_ndef_ch_cr_rec_check
                0x000000000000f9c4        0xc modules/nrf/subsys/nfc/ndef/lib..__nrf__subsys__nfc__ndef.a(ch_rec_parser.c.obj)
                0x000000000000f9c4                nfc_ndef_ch_cr_rec_check
 .text.nfc_ndef_ch_ac_rec_check