Archive member included to satisfy reference by file (symbol)

app/libapp.a(main.c.obj)      (--whole-archive)
zephyr/libzephyr.a(cbprintf_packaged.c.obj)
                              (--whole-archive)
zephyr/libzephyr.a(dec.c.obj)
                              (--whole-archive)
zephyr/libzephyr.a(hex.c.obj)
                              (--whole-archive)
zephyr/libzephyr.a(printk.c.obj)
                              (--whole-archive)
zephyr/libzephyr.a(rb.c.obj)  (--whole-archive)
zephyr/libzephyr.a(sem.c.obj)
                              (--whole-archive)
zephyr/libzephyr.a(thread_entry.c.obj)
                              (--whole-archive)
zephyr/libzephyr.a(timeutil.c.obj)
                              (--whole-archive)
zephyr/libzephyr.a(heap.c.obj)
                              (--whole-archive)
zephyr/libzephyr.a(heap-validate.c.obj)
                              (--whole-archive)
zephyr/libzephyr.a(bitarray.c.obj)
                              (--whole-archive)
zephyr/libzephyr.a(multi_heap.c.obj)
                              (--whole-archive)
zephyr/libzephyr.a(onoff.c.obj)
                              (--whole-archive)
zephyr/libzephyr.a(notify.c.obj)
                              (--whole-archive)
zephyr/libzephyr.a(cbprintf_complete.c.obj)
                              (--whole-archive)
zephyr/libzephyr.a(assert.c.obj)
                              (--whole-archive)
zephyr/libzephyr.a(mpsc_pbuf.c.obj)
                              (--whole-archive)
zephyr/libzephyr.a(reboot.c.obj)
                              (--whole-archive)
zephyr/libzephyr.a(configs.c.obj)
                              (--whole-archive)
zephyr/libzephyr.a(ipc_service.c.obj)
                              (--whole-archive)
zephyr/libzephyr.a(ipc_rpmsg_static_vrings.c.obj)
                              (--whole-archive)
zephyr/libzephyr.a(ipc_rpmsg.c.obj)
                              (--whole-archive)
zephyr/libzephyr.a(ipc_static_vrings.c.obj)
                              (--whole-archive)
zephyr/libzephyr.a(log_core.c.obj)
                              (--whole-archive)
zephyr/libzephyr.a(log_mgmt.c.obj)
                              (--whole-archive)
zephyr/libzephyr.a(log_cache.c.obj)
                              (--whole-archive)
zephyr/libzephyr.a(log_msg.c.obj)
                              (--whole-archive)
zephyr/libzephyr.a(log_output.c.obj)
                              (--whole-archive)
zephyr/libzephyr.a(log_backend_uart.c.obj)
                              (--whole-archive)
zephyr/libzephyr.a(mem_attr.c.obj)
                              (--whole-archive)
zephyr/libzephyr.a(tracing_none.c.obj)
                              (--whole-archive)
zephyr/libzephyr.a(addr_utils.c.obj)
                              (--whole-archive)
zephyr/libzephyr.a(flash_map_partition_manager.c.obj)
                              (--whole-archive)
zephyr/libzephyr.a(utils.c.obj)
                              (--whole-archive)
zephyr/libzephyr.a(ecc_dh.c.obj)
                              (--whole-archive)
zephyr/libzephyr.a(ecc.c.obj)
                              (--whole-archive)
zephyr/libzephyr.a(aes_decrypt.c.obj)
                              (--whole-archive)
zephyr/libzephyr.a(aes_encrypt.c.obj)
                              (--whole-archive)
zephyr/libzephyr.a(cmac_mode.c.obj)
                              (--whole-archive)
zephyr/libzephyr.a(sha256.c.obj)
                              (--whole-archive)
zephyr/libzephyr.a(hmac.c.obj)
                              (--whole-archive)
zephyr/libzephyr.a(hmac_prng.c.obj)
                              (--whole-archive)
zephyr/libzephyr.a(nrf_cc3xx_platform_abort_zephyr.c.obj)
                              (--whole-archive)
zephyr/libzephyr.a(nrf_cc3xx_platform_mutex_zephyr.c.obj)
                              (--whole-archive)
zephyr/arch/common/libarch__common.a(sw_isr_common.c.obj)
                              (--whole-archive)
zephyr/arch/arch/arm/core/libarch__arm__core.a(fatal.c.obj)
                              (--whole-archive)
zephyr/arch/arch/arm/core/libarch__arm__core.a(nmi.c.obj)
                              (--whole-archive)
zephyr/arch/arch/arm/core/libarch__arm__core.a(nmi_on_reset.S.obj)
                              (--whole-archive)
zephyr/arch/arch/arm/core/libarch__arm__core.a(tls.c.obj)
                              (--whole-archive)
zephyr/arch/arch/arm/core/cortex_m/libarch__arm__core__cortex_m.a(exc_exit.S.obj)
                              (--whole-archive)
zephyr/arch/arch/arm/core/cortex_m/libarch__arm__core__cortex_m.a(fault.c.obj)
                              (--whole-archive)
zephyr/arch/arch/arm/core/cortex_m/libarch__arm__core__cortex_m.a(fault_s.S.obj)
                              (--whole-archive)
zephyr/arch/arch/arm/core/cortex_m/libarch__arm__core__cortex_m.a(fpu.c.obj)
                              (--whole-archive)
zephyr/arch/arch/arm/core/cortex_m/libarch__arm__core__cortex_m.a(reset.S.obj)
[...]
Memory Configuration

Name             Origin             Length             Attributes
FLASH            0x0000000000000000 0x0000000000100000 xr
RAM              0x0000000020000000 0x0000000000070000 xw
IDT_LIST         0x00000000ffff7fff 0x0000000000008000 xw
*default*        0x0000000000000000 0xffffffffffffffff

Linker script and memory map

                0x0000000000018d0c                vfprintf = __d_vfprintf
                0x0000000000000000                vfscanf = __d_vfscanf
LOAD zephyr/CMakeFiles/zephyr_final.dir/misc/empty_file.c.obj
LOAD zephyr/CMakeFiles/zephyr_final.dir/isr_tables.c.obj
LOAD zephyr/CMakeFiles/offsets.dir/./arch/arm/core/offsets/offsets.c.obj
LOAD app/libapp.a
LOAD zephyr/libzephyr.a
LOAD zephyr/arch/common/libarch__common.a
LOAD zephyr/arch/arch/arm/core/libarch__arm__core.a
LOAD zephyr/arch/arch/arm/core/cortex_m/libarch__arm__core__cortex_m.a
LOAD zephyr/arch/arch/arm/core/cortex_m/cmse/libarch__arm__core__cortex_m__cmse.a
LOAD zephyr/arch/arch/arm/core/mpu/libarch__arm__core__mpu.a
LOAD zephyr/lib/libc/picolibc/liblib__libc__picolibc.a
LOAD zephyr/lib/libc/common/liblib__libc__common.a
LOAD zephyr/soc/soc/arm/nordic_nrf/libsoc__arm__nordic_nrf.a
LOAD zephyr/boards/boards/arm/nrf5340dk_nrf5340_cpuapp/libboards__arm__nrf5340dk_nrf5340.a
LOAD zephyr/subsys/bluetooth/common/libsubsys__bluetooth__common.a
LOAD zephyr/subsys/bluetooth/host/libsubsys__bluetooth__host.a
LOAD zephyr/subsys/bluetooth/audio/libsubsys__bluetooth__audio.a
LOAD zephyr/subsys/bluetooth/crypto/libsubsys__bluetooth__crypto.a
LOAD zephyr/subsys/net/libsubsys__net.a
LOAD zephyr/drivers/bluetooth/libdrivers__bluetooth.a
LOAD zephyr/drivers/clock_control/libdrivers__clock_control.a
LOAD zephyr/drivers/console/libdrivers__console.a
LOAD zephyr/drivers/gpio/libdrivers__gpio.a
LOAD zephyr/drivers/mbox/libdrivers__mbox.a
LOAD zephyr/drivers/pinctrl/libdrivers__pinctrl.a
LOAD zephyr/drivers/serial/libdrivers__serial.a
LOAD zephyr/drivers/timer/libdrivers__timer.a
LOAD modules/nrf/lib/fatal_error/lib..__nrf__lib__fatal_error.a
LOAD modules/nrf/drivers/hw_cc3xx/lib..__nrf__drivers__hw_cc3xx.a
LOAD modules/hal_nordic/nrfx/libmodules__hal_nordic__nrfx.a
LOAD modules/libmetal/libmetal/lib/libmetal.a
LOAD modules/liblc3/libliblc3.a
LOAD modules/open-amp/open-amp/lib/libopen_amp.a
LOAD zephyr/kernel/libkernel.a
LOAD c:/ncs/toolchains/cf2149caf2/opt/zephyr-sdk/arm-zephyr-eabi/bin/../lib/gcc/arm-zephyr-eabi/12.2.0/thumb/v8-m.main+fp/hard\libgcc.a
LOAD zephyr/arch/common/libisr_tables.a
LOAD C:/ncs/v2.6.0/nrfxlib/crypto/nrf_cc312_platform/lib/cortex-m33/hard-float/no-interrupts/libnrf_cc312_platform_0.9.19.a
LOAD c:\ncs\toolchains\cf2149caf2\opt\zephyr-sdk\arm-zephyr-eabi\bin\../lib/gcc/../../picolibc/arm-zephyr-eabi/lib/thumb/v8-m.main+fp/hard\libc.a
LOAD c:/ncs/toolchains/cf2149caf2/opt/zephyr-sdk/arm-zephyr-eabi/bin/../lib/gcc/arm-zephyr-eabi/12.2.0/thumb/v8-m.main+fp/hard\libgcc.a
                0x0000000000000020                _region_min_align = 0x20

.rel.plt        0x0000000000000000        0x0
 *(SORT_BY_ALIGNMENT(.rel.plt))
                [!provide]                        PROVIDE (__rel_iplt_start = .)
 *(SORT_BY_ALIGNMENT(.rel.iplt))
 .rel.iplt      0x0000000000000000        0x0 zephyr/CMakeFiles/zephyr_final.dir/isr_tables.c.obj
                [!provide]                        PROVIDE (__rel_iplt_end = .)

.rela.plt       0x0000000000000000        0x0
 *(SORT_BY_ALIGNMENT(.rela.plt))
                [!provide]                        PROVIDE (__rela_iplt_start = .)
 *(SORT_BY_ALIGNMENT(.rela.iplt))
                [!provide]                        PROVIDE (__rela_iplt_end = .)

.rel.dyn
 *(SORT_BY_ALIGNMENT(.rel.*))

.rela.dyn
 *(SORT_BY_ALIGNMENT(.rela.*))

/DISCARD/
 *(SORT_BY_ALIGNMENT(.plt))

/DISCARD/
 *(SORT_BY_ALIGNMENT(.iplt))
                0x0000000000000000                __rom_region_start = 0x0

rom_start       0x0000000000000000      0x154
                0x0000000000000000                __rom_start_address = .
 FILL mask 0x00
                0x0000000000000000                . = (. + (0x0 - (. - __rom_start_address)))
                0x0000000000000000                . = ALIGN (0x4)
                0x0000000000000000                . = ALIGN (0x80)
                0x0000000000000000                . = ALIGN (0x200)
                0x0000000000000000                _vector_start = .
 *(SORT_BY_ALIGNMENT(.exc_vector_table))
 *(SORT_BY_ALIGNMENT(.exc_vector_table.*))
 .exc_vector_table._vector_table_section
                0x0000000000000000       0x40 zephyr/arch/arch/arm/core/cortex_m/libarch__arm__core__cortex_m.a(vector_table.S.obj)
                0x0000000000000000                _vector_table
 *(SORT_BY_ALIGNMENT(.vectors))
                0x0000000000000154                _vector_end = .
                0x0000000000000040                . = ALIGN (0x4)
 *(SORT_BY_ALIGNMENT(.gnu.linkonce.irq_vector_table*))
 .gnu.linkonce.irq_vector_table
                0x0000000000000040      0x114 zephyr/CMakeFiles/zephyr_final.dir/isr_tables.c.obj
                0x0000000000000040                _irq_vector_table
                0x0000000000000154                _vector_end = .

text            0x0000000000000158    0x21890
                0x0000000000000158                __text_region_start = .
 *(SORT_BY_ALIGNMENT(.text))
 .text          0x0000000000000158       0x30 c:/ncs/toolchains/cf2149caf2/opt/zephyr-sdk/arm-zephyr-eabi/bin/../lib/gcc/arm-zephyr-eabi/12.2.0/thumb/v8-m.main+fp/hard\libgcc.a(_aeabi_uldivmod.o)
                0x0000000000000158                __aeabi_uldivmod
 .text          0x0000000000000188        0x4 c:/ncs/toolchains/cf2149caf2/opt/zephyr-sdk/arm-zephyr-eabi/bin/../lib/gcc/arm-zephyr-eabi/12.2.0/thumb/v8-m.main+fp/hard\libgcc.a(_dvmd_tls.o)
                0x0000000000000188                __aeabi_idiv0
                0x0000000000000188                __aeabi_ldiv0
 .text          0x000000000000018c      0x29c c:/ncs/toolchains/cf2149caf2/opt/zephyr-sdk/arm-zephyr-eabi/bin/../lib/gcc/arm-zephyr-eabi/12.2.0/thumb/v8-m.main+fp/hard\libgcc.a(_udivmoddi4.o)
                0x000000000000018c                __udivmoddi4
 .text          0x0000000000000428       0x14 c:\ncs\toolchains\cf2149caf2\opt\zephyr-sdk\arm-zephyr-eabi\bin\../lib/gcc/../../picolibc/arm-zephyr-eabi/lib/thumb/v8-m.main+fp/hard\libc.a(strcmp.S.o)
                0x0000000000000428                strcmp
 .text          0x000000000000043c       0x10 c:\ncs\toolchains\cf2149caf2\opt\zephyr-sdk\arm-zephyr-eabi\bin\../lib/gcc/../../picolibc/arm-zephyr-eabi/lib/thumb/v8-m.main+fp/hard\libc.a(strcpy.S.o)
                0x000000000000043c                strcpy
 .text          0x000000000000044c       0x10 c:\ncs\toolchains\cf2149caf2\opt\zephyr-sdk\arm-zephyr-eabi\bin\../lib/gcc/../../picolibc/arm-zephyr-eabi/lib/thumb/v8-m.main+fp/hard\libc.a(strlen.S.o)
                0x000000000000044c                strlen
 *(SORT_BY_ALIGNMENT(.text.*))
 *fill*         0x000000000000045c        0x4 
 .text.bt_init  0x0000000000000460      0x694 zephyr/subsys/bluetooth/host/libsubsys__bluetooth__host.a(hci_core.c.obj)
 *fill*         0x0000000000000af4        0x4 
 .text.rtc_nrf_isr
                0x0000000000000af8      0x104 zephyr/drivers/timer/libdrivers__timer.a(nrf_rtc_timer.c.obj)
                0x0000000000000af8                rtc_nrf_isr
 *fill*         0x0000000000000bfc        0x4 
 .text.work_queue_main
                0x0000000000000c00      0x140 zephyr/kernel/libkernel.a(work.c.obj)
 .text.stream_started_cb
                0x0000000000000d40       0x44 app/libapp.a(main.c.obj)
 .text.bis_sync_req_cb
                0x0000000000000d84       0x6c app/libapp.a(main.c.obj)
 .text.broadcast_code_cb
                0x0000000000000df0       0x44 app/libapp.a(main.c.obj)
 .text.pa_sync_term_req_cb
                0x0000000000000e34       0x1c app/libapp.a(main.c.obj)
 .text.pa_sync_req_cb
                0x0000000000000e50       0xcc app/libapp.a(main.c.obj)
 .text.pa_timer_handler
                0x0000000000000f1c       0x2c app/libapp.a(main.c.obj)
 .text.stream_stopped_cb
                0x0000000000000f48       0x34 app/libapp.a(main.c.obj)
 .text.bap_pa_sync_synced_cb
                0x0000000000000f7c       0x30 app/libapp.a(main.c.obj)
 .text.broadcast_scan_recv
                0x0000000000000fac       0x14 app/libapp.a(main.c.obj)
 .text.syncable_cb
                0x0000000000000fc0       0x28 app/libapp.a(main.c.obj)
 .text.base_recv_cb
                0x0000000000000fe8      0x15c app/libapp.a(main.c.obj)
 .text.bt_addr_le_to_str.constprop.0.isra.0
                0x0000000000001144       0x78 app/libapp.a(main.c.obj)
 .text.disconnected
                0x00000000000011bc       0x44 app/libapp.a(main.c.obj)
 .text.connected
                0x0000000000001200       0x50 app/libapp.a(main.c.obj)
 .text.scan_check_and_sync_broadcast
                0x0000000000001250       0xdc app/libapp.a(main.c.obj)
 .text.bap_pa_sync_terminated_cb
                0x000000000000132c       0x30 app/libapp.a(main.c.obj)
 .text.stream_recv_cb
                0x000000000000135c       0xa4 app/libapp.a(main.c.obj)
 .text.lc3_decode_handler
                0x0000000000001400       0xc0 app/libapp.a(main.c.obj)
 .text.main     0x00000000000014c0      0x5a0 app/libapp.a(main.c.obj)
                0x00000000000014c0                main
 .text.cbvprintf_package
                0x0000000000001a60      0x3a4 zephyr/libzephyr.a(cbprintf_packaged.c.obj)
                0x0000000000001a60                cbvprintf_package
 .text.cbprintf_package_convert
                0x0000000000001e04      0x3b4 zephyr/libzephyr.a(cbprintf_packaged.c.obj)
                0x0000000000001e04                cbprintf_package_convert
 .text.__printk_hook_install
                0x00000000000021b8        0xc zephyr/libzephyr.a(printk.c.obj)
                0x00000000000021b8                __printk_hook_install
 .text.z_thread_entry
                0x00000000000021c4       0x34 zephyr/libzephyr.a(thread_entry.c.obj)
                0x00000000000021c4                z_thread_entry
 .text.process_event
                0x00000000000021f8      0x21c zephyr/libzephyr.a(onoff.c.obj)
 .text.sys_reboot
                0x0000000000002414       0x30 zephyr/libzephyr.a(reboot.c.obj)
                0x0000000000002414                sys_reboot
 .text.ipc_service_open_instance
                0x0000000000002444       0x40 zephyr/libzephyr.a(ipc_service.c.obj)
                0x0000000000002444                ipc_service_open_instance
 .text.ipc_service_close_instance
                0x0000000000002484       0x40 zephyr/libzephyr.a(ipc_service.c.obj)
                0x0000000000002484                ipc_service_close_instance
 .text.ipc_service_register_endpoint
                0x00000000000024c4       0x44 zephyr/libzephyr.a(ipc_service.c.obj)
                0x00000000000024c4                ipc_service_register_endpoint
 .text.ipc_service_deregister_endpoint
                0x0000000000002508       0x58 zephyr/libzephyr.a(ipc_service.c.obj)
                0x0000000000002508                ipc_service_deregister_endpoint
 .text.ipc_service_send
                0x0000000000002560       0x5c zephyr/libzephyr.a(ipc_service.c.obj)
                0x0000000000002560                ipc_service_send
 .text.shared_memory_prepare
                0x00000000000025bc       0x14 zephyr/libzephyr.a(ipc_rpmsg_static_vrings.c.obj)
 .text.advertise_ept
                0x00000000000025d0       0x44 zephyr/libzephyr.a(ipc_rpmsg_static_vrings.c.obj)
 .text.get_ept  0x0000000000002614       0x28 zephyr/libzephyr.a(ipc_rpmsg_static_vrings.c.obj)
 .text.open     0x000000000000263c      0x1b0 zephyr/libzephyr.a(ipc_rpmsg_static_vrings.c.obj)
 .text.bound_cb
                0x00000000000027ec       0x30 zephyr/libzephyr.a(ipc_rpmsg_static_vrings.c.obj)
 .text.send     0x000000000000281c       0x4c zephyr/libzephyr.a(ipc_rpmsg_static_vrings.c.obj)
 .text.register_ept
                0x0000000000002868       0xe0 zephyr/libzephyr.a(ipc_rpmsg_static_vrings.c.obj)
 .text.deregister_ept
                0x0000000000002948       0x44 zephyr/libzephyr.a(ipc_rpmsg_static_vrings.c.obj)
 .text.ns_bind_cb
                0x000000000000298c       0x6c zephyr/libzephyr.a(ipc_rpmsg.c.obj)
 .text.ipc_rpmsg_register_ept
                0x00000000000029f8       0x3c zephyr/libzephyr.a(ipc_rpmsg.c.obj)
                0x00000000000029f8                ipc_rpmsg_register_ept
 .text.ipc_rpmsg_init
                0x0000000000002a34       0x70 zephyr/libzephyr.a(ipc_rpmsg.c.obj)
                0x0000000000002a34                ipc_rpmsg_init
 .text.ipc_static_vrings_init
                0x0000000000002aa4      0x104 zephyr/libzephyr.a(ipc_static_vrings.c.obj)
                0x0000000000002aa4                ipc_static_vrings_init
 .text.activate_foreach_backend
                0x0000000000002ba8       0x64 zephyr/libzephyr.a(log_core.c.obj)
 .text.enable_logger
                0x0000000000002c0c       0x5c zephyr/libzephyr.a(log_core.c.obj)
 .text.log_process_thread_timer_expiry_fn
                0x0000000000002c68        0xc zephyr/libzephyr.a(log_core.c.obj)
 .text.z_log_init
                0x0000000000002c74       0x90 zephyr/libzephyr.a(log_core.c.obj)
 .text.log_format_func_t_get
                0x0000000000002d04        0xc zephyr/libzephyr.a(log_core.c.obj)
                0x0000000000002d04                log_format_func_t_get
 .text.log_set_timestamp_func
                0x0000000000002d10       0x20 zephyr/libzephyr.a(log_core.c.obj)
                0x0000000000002d10                log_set_timestamp_func
 .text.z_log_notify_backend_enabled
                0x0000000000002d30       0x1c zephyr/libzephyr.a(log_core.c.obj)
                0x0000000000002d30                z_log_notify_backend_enabled
 .text.z_log_dropped
                0x0000000000002d4c       0x28 zephyr/libzephyr.a(log_core.c.obj)
                0x0000000000002d4c                z_log_dropped
 .text.z_log_dropped_read_and_clear
                0x0000000000002d74       0x18 zephyr/libzephyr.a(log_core.c.obj)
                0x0000000000002d74                z_log_dropped_read_and_clear
 .text.dropped_notify
                0x0000000000002d8c       0x30 zephyr/libzephyr.a(log_core.c.obj)
                0x0000000000002d8c                dropped_notify
 .text.z_log_msg_init
                0x0000000000002dbc       0x20 zephyr/libzephyr.a(log_core.c.obj)
                0x0000000000002dbc                z_log_msg_init
 .text.log_core_init
                0x0000000000002ddc       0x34 zephyr/libzephyr.a(log_core.c.obj)
                0x0000000000002ddc                log_core_init
 .text.z_log_msg_alloc
                0x0000000000002e10       0x10 zephyr/libzephyr.a(log_core.c.obj)
                0x0000000000002e10                z_log_msg_alloc
 .text.z_log_msg_local_claim
                0x0000000000002e20        0xc zephyr/libzephyr.a(log_core.c.obj)
                0x0000000000002e20                z_log_msg_local_claim
 .text.z_log_msg_free
                0x0000000000002e2c       0x10 zephyr/libzephyr.a(log_core.c.obj)
                0x0000000000002e2c                z_log_msg_free
 .text.z_log_msg_pending
                0x0000000000002e3c        0xc zephyr/libzephyr.a(log_core.c.obj)
                0x0000000000002e3c                z_log_msg_pending
 .text.z_impl_log_process
                0x0000000000002e48       0xb4 zephyr/libzephyr.a(log_core.c.obj)
                0x0000000000002e48                z_impl_log_process
 .text.z_impl_log_panic
                0x0000000000002efc       0x44 zephyr/libzephyr.a(log_core.c.obj)
                0x0000000000002efc                z_impl_log_panic
 .text.log_process_thread_func
                0x0000000000002f40       0xa4 zephyr/libzephyr.a(log_core.c.obj)
 .text.z_log_msg_post_finalize
                0x0000000000002fe4       0x78 zephyr/libzephyr.a(log_core.c.obj)
 .text.z_log_msg_commit
                0x000000000000305c       0x24 zephyr/libzephyr.a(log_core.c.obj)
                0x000000000000305c                z_log_msg_commit
 .text.log_source_name_get
                0x0000000000003080       0x1c zephyr/libzephyr.a(log_mgmt.c.obj)
                0x0000000000003080                log_source_name_get
 .text.log_backend_enable
                0x000000000000309c       0x28 zephyr/libzephyr.a(log_mgmt.c.obj)
                0x000000000000309c                log_backend_enable
 .text.z_impl_z_log_msg_static_create
                0x00000000000030c4      0x108 zephyr/libzephyr.a(log_msg.c.obj)
                0x00000000000030c4                z_impl_z_log_msg_static_create
 .text.z_log_msg_runtime_vcreate
                0x00000000000031cc       0x8c zephyr/libzephyr.a(log_msg.c.obj)
                0x00000000000031cc                z_log_msg_runtime_vcreate
 .text.print_formatted
                0x0000000000003258       0x24 zephyr/libzephyr.a(log_output.c.obj)
 .text.newline_print
                0x000000000000327c       0x1c zephyr/libzephyr.a(log_output.c.obj)
 .text.log_output_process
                0x0000000000003298      0x2a4 zephyr/libzephyr.a(log_output.c.obj)
                0x0000000000003298                log_output_process
 .text.log_output_msg_process
                0x000000000000353c       0x70 zephyr/libzephyr.a(log_output.c.obj)
                0x000000000000353c                log_output_msg_process
 .text.log_output_dropped_process
                0x00000000000035ac       0x58 zephyr/libzephyr.a(log_output.c.obj)
                0x00000000000035ac                log_output_dropped_process
 .text.log_output_timestamp_freq_set
                0x0000000000003604       0x2c zephyr/libzephyr.a(log_output.c.obj)
                0x0000000000003604                log_output_timestamp_freq_set
 .text.char_out
                0x0000000000003630       0x24 zephyr/libzephyr.a(log_backend_uart.c.obj)
 .text.mem_attr_get_regions
                0x0000000000003654        0xc zephyr/libzephyr.a(mem_attr.c.obj)
                0x0000000000003654                mem_attr_get_regions
 .text.uECC_get_rng
                0x0000000000003660        0xc zephyr/libzephyr.a(ecc.c.obj)
                0x0000000000003660                uECC_get_rng
 .text.vli_mmod_fast_secp256r1
                0x000000000000366c      0x180 zephyr/libzephyr.a(ecc.c.obj)
                0x000000000000366c                vli_mmod_fast_secp256r1
 .text.sub_bytes
                0x00000000000037ec       0x18 zephyr/libzephyr.a(aes_encrypt.c.obj)
 .text.tc_aes128_set_encrypt_key
                0x0000000000003804       0xa8 zephyr/libzephyr.a(aes_encrypt.c.obj)
                0x0000000000003804                tc_aes128_set_encrypt_key
 .text.compress
                0x00000000000038ac      0x1c4 zephyr/libzephyr.a(sha256.c.obj)
 .text.tc_sha256_init
                0x0000000000003a70       0x58 zephyr/libzephyr.a(sha256.c.obj)
                0x0000000000003a70                tc_sha256_init
 .text.nrf_cc3xx_platform_abort_init
                0x0000000000003ac8        0xc zephyr/libzephyr.a(nrf_cc3xx_platform_abort_zephyr.c.obj)
                0x0000000000003ac8                nrf_cc3xx_platform_abort_init
 .text.mutex_free_platform
                0x0000000000003ad4       0x54 zephyr/libzephyr.a(nrf_cc3xx_platform_mutex_zephyr.c.obj)
 .text.mutex_lock_platform
                0x0000000000003b28       0x74 zephyr/libzephyr.a(nrf_cc3xx_platform_mutex_zephyr.c.obj)
 .text.mutex_unlock_platform
                0x0000000000003b9c       0x68 zephyr/libzephyr.a(nrf_cc3xx_platform_mutex_zephyr.c.obj)
 .text.mutex_init_platform
                0x0000000000003c04       0x94 zephyr/libzephyr.a(nrf_cc3xx_platform_mutex_zephyr.c.obj)
 .text.nrf_cc3xx_platform_mutex_init
                0x0000000000003c98       0x2c zephyr/libzephyr.a(nrf_cc3xx_platform_mutex_zephyr.c.obj)
                0x0000000000003c98                nrf_cc3xx_platform_mutex_init
 .text.z_arm_fatal_error
                0x0000000000003cc4      0x104 zephyr/arch/arch/arm/core/libarch__arm__core.a(fatal.c.obj)
                0x0000000000003cc4                z_arm_fatal_error
 .text.z_SysNmiOnReset
                0x0000000000003dc8        0x8 zephyr/arch/arch/arm/core/libarch__arm__core.a(nmi_on_reset.S.obj)
                0x0000000000003dc8                z_SysNmiOnReset
 .text.arch_tls_stack_setup
                0x0000000000003dd0       0x5c zephyr/arch/arch/arm/core/libarch__arm__core.a(tls.c.obj)
                0x0000000000003dd0                arch_tls_stack_setup
 .text._HandlerModeExit
                0x0000000000003e2c       0x1c zephyr/arch/arch/arm/core/cortex_m/libarch__arm__core__cortex_m.a(exc_exit.S.obj)
                0x0000000000003e2c                z_arm_int_exit
                0x0000000000003e2c                z_arm_exc_exit
 .text.mem_manage_fault.constprop.0
                0x0000000000003e48       0xd0 zephyr/arch/arch/arm/core/cortex_m/libarch__arm__core__cortex_m.a(fault.c.obj)
 .text.usage_fault.constprop.0
                0x0000000000003f18       0xbc zephyr/arch/arch/arm/core/cortex_m/libarch__arm__core__cortex_m.a(fault.c.obj)
 .text.bus_fault.constprop.0
                0x0000000000003fd4       0xd0 zephyr/arch/arch/arm/core/cortex_m/libarch__arm__core__cortex_m.a(fault.c.obj)
 .text.z_arm_fault
                0x00000000000040a4      0x1c4 zephyr/arch/arch/arm/core/cortex_m/libarch__arm__core__cortex_m.a(fault.c.obj)
                0x00000000000040a4                z_arm_fault
 .text.z_arm_fault_init
                0x0000000000004268       0x18 zephyr/arch/arch/arm/core/cortex_m/libarch__arm__core__cortex_m.a(fault.c.obj)
                0x0000000000004268                z_arm_fault_init
 .text.__fault  0x0000000000004280       0x14 zephyr/arch/arch/arm/core/cortex_m/libarch__arm__core__cortex_m.a(fault_s.S.obj)
                0x0000000000004280                z_arm_usage_fault
                0x0000000000004280                z_arm_mpu_fault
                0x0000000000004280                z_arm_exc_spurious
                0x0000000000004280                z_arm_debug_monitor
                0x0000000000004280                z_arm_hard_fault
                0x0000000000004280                z_arm_bus_fault
 .text._reset_section
                0x0000000000004294       0x60 zephyr/arch/arch/arm/core/cortex_m/libarch__arm__core__cortex_m.a(reset.S.obj)
                0x0000000000004294                __start
                0x0000000000004294                z_arm_reset
 .text.sys_arch_reboot
                0x00000000000042f4       0x24 zephyr/arch/arch/arm/core/cortex_m/libarch__arm__core__cortex_m.a(scb.c.obj)
                0x00000000000042f4                sys_arch_reboot
 .text.z_arm_clear_arm_mpu_config
                0x0000000000004318       0x24 zephyr/arch/arch/arm/core/cortex_m/libarch__arm__core__cortex_m.a(scb.c.obj)
                0x0000000000004318                z_arm_clear_arm_mpu_config
 .text.z_arm_init_arch_hw_at_boot
                0x000000000000433c       0x4c zephyr/arch/arch/arm/core/cortex_m/libarch__arm__core__cortex_m.a(scb.c.obj)
                0x000000000000433c                z_arm_init_arch_hw_at_boot
 .text.z_impl_k_thread_abort
                0x0000000000004388       0x2c zephyr/arch/arch/arm/core/cortex_m/libarch__arm__core__cortex_m.a(thread_abort.c.obj)
                0x0000000000004388                z_impl_k_thread_abort
 .text.arch_swap
                0x00000000000043b4       0x30 zephyr/arch/arch/arm/core/cortex_m/libarch__arm__core__cortex_m.a(swap.c.obj)
                0x00000000000043b4                arch_swap
 .text.z_arm_pendsv
                0x00000000000043e4       0xa4 zephyr/arch/arch/arm/core/cortex_m/libarch__arm__core__cortex_m.a(swap_helper.S.obj)
                0x00000000000043e4                z_arm_pendsv
 .text.z_arm_svc
                0x0000000000004488       0x20 zephyr/arch/arch/arm/core/cortex_m/libarch__arm__core__cortex_m.a(swap_helper.S.obj)
                0x0000000000004488                z_arm_svc
 .text.arch_irq_enable
                0x00000000000044a8       0x1c zephyr/arch/arch/arm/core/cortex_m/libarch__arm__core__cortex_m.a(irq_manage.c.obj)
                0x00000000000044a8                arch_irq_enable
 .text.arch_irq_disable
                0x00000000000044c4       0x28 zephyr/arch/arch/arm/core/cortex_m/libarch__arm__core__cortex_m.a(irq_manage.c.obj)
                0x00000000000044c4                arch_irq_disable
 .text.arch_irq_is_enabled
                0x00000000000044ec       0x1c zephyr/arch/arch/arm/core/cortex_m/libarch__arm__core__cortex_m.a(irq_manage.c.obj)
                0x00000000000044ec                arch_irq_is_enabled
 .text.z_arm_irq_priority_set
                0x0000000000004508       0x2c zephyr/arch/arch/arm/core/cortex_m/libarch__arm__core__cortex_m.a(irq_manage.c.obj)
                0x0000000000004508                z_arm_irq_priority_set
 .text.z_arm_prep_c
                0x0000000000004534       0x5c zephyr/arch/arch/arm/core/cortex_m/libarch__arm__core__cortex_m.a(prep_c.c.obj)
                0x0000000000004534                z_arm_prep_c
 .text.arch_new_thread
                0x0000000000004590       0x40 zephyr/arch/arch/arm/core/cortex_m/libarch__arm__core__cortex_m.a(thread.c.obj)
                0x0000000000004590                arch_new_thread
 .text.arch_float_disable
                0x00000000000045d0       0x4c zephyr/arch/arch/arm/core/cortex_m/libarch__arm__core__cortex_m.a(thread.c.obj)
                0x00000000000045d0                arch_float_disable
 .text.arch_switch_to_main_thread
                0x000000000000461c       0x4c zephyr/arch/arch/arm/core/cortex_m/libarch__arm__core__cortex_m.a(thread.c.obj)
                0x000000000000461c                arch_switch_to_main_thread
 .text.z_arm_cpu_idle_init
                0x0000000000004668        0xc zephyr/arch/arch/arm/core/cortex_m/libarch__arm__core__cortex_m.a(cpu_idle.S.obj)
                0x0000000000004668                z_arm_cpu_idle_init
 .text.arch_cpu_idle
                0x0000000000004674       0x38 zephyr/arch/arch/arm/core/cortex_m/libarch__arm__core__cortex_m.a(cpu_idle.S.obj)
                0x0000000000004674                arch_cpu_idle
 .text.arch_cpu_atomic_idle
                0x00000000000046ac       0x34 zephyr/arch/arch/arm/core/cortex_m/libarch__arm__core__cortex_m.a(cpu_idle.S.obj)
                0x00000000000046ac                arch_cpu_atomic_idle
 .text.z_arm_interrupt_init
                0x00000000000046e0       0x18 zephyr/arch/arch/arm/core/cortex_m/libarch__arm__core__cortex_m.a(irq_init.c.obj)
                0x00000000000046e0                z_arm_interrupt_init
 .text._isr_wrapper
                0x00000000000046f8       0x28 zephyr/arch/arch/arm/core/cortex_m/libarch__arm__core__cortex_m.a(isr_wrapper.S.obj)
                0x00000000000046f8                _isr_wrapper
 .text.z_arm_configure_static_mpu_regions
                0x0000000000004720       0x38 zephyr/arch/arch/arm/core/mpu/libarch__arm__core__mpu.a(arm_core_mpu.c.obj)
                0x0000000000004720                z_arm_configure_static_mpu_regions
 .text.region_init
                0x0000000000004758       0x34 zephyr/arch/arch/arm/core/mpu/libarch__arm__core__mpu.a(arm_mpu.c.obj)
 .text.region_allocate_and_init
                0x000000000000478c       0x28 zephyr/arch/arch/arm/core/mpu/libarch__arm__core__mpu.a(arm_mpu.c.obj)
 .text.mpu_configure_regions_and_partition.constprop.0
                0x00000000000047b4      0x164 zephyr/arch/arch/arm/core/mpu/libarch__arm__core__mpu.a(arm_mpu.c.obj)
 .text.arm_core_mpu_enable
                0x0000000000004918       0x18 zephyr/arch/arch/arm/core/mpu/libarch__arm__core__mpu.a(arm_mpu.c.obj)
                0x0000000000004918                arm_core_mpu_enable
 .text.arm_core_mpu_disable
                0x0000000000004930       0x14 zephyr/arch/arch/arm/core/mpu/libarch__arm__core__mpu.a(arm_mpu.c.obj)
                0x0000000000004930                arm_core_mpu_disable
 .text.arm_core_mpu_configure_static_mpu_regions
                0x0000000000004944       0x14 zephyr/arch/arch/arm/core/mpu/libarch__arm__core__mpu.a(arm_mpu.c.obj)
                0x0000000000004944                arm_core_mpu_configure_static_mpu_regions
 .text.arm_core_mpu_mark_areas_for_dynamic_regions
                0x0000000000004958       0xb8 zephyr/arch/arch/arm/core/mpu/libarch__arm__core__mpu.a(arm_mpu.c.obj)
                0x0000000000004958                arm_core_mpu_mark_areas_for_dynamic_regions
 .text.z_arm_mpu_init
                0x0000000000004a10      0x108 zephyr/arch/arch/arm/core/mpu/libarch__arm__core__mpu.a(arm_mpu.c.obj)
                0x0000000000004a10                z_arm_mpu_init
 .text.z_impl_zephyr_fputc
                0x0000000000004b18       0x10 zephyr/lib/libc/picolibc/liblib__libc__picolibc.a(libc-hooks.c.obj)
                0x0000000000004b18                z_impl_zephyr_fputc
 .text.__stdout_hook_install
                0x0000000000004b28       0x18 zephyr/lib/libc/picolibc/liblib__libc__picolibc.a(libc-hooks.c.obj)
                0x0000000000004b28                __stdout_hook_install
 .text.cbvprintf
                0x0000000000004b40       0x38 zephyr/lib/libc/picolibc/liblib__libc__picolibc.a(libc-hooks.c.obj)
                0x0000000000004b40                cbvprintf
 .text.malloc_prepare
                0x0000000000004b78       0x24 zephyr/lib/libc/common/liblib__libc__common.a(malloc.c.obj)
 .text.nrf_gpio_pin_control_select
                0x0000000000004b9c       0x3c zephyr/soc/soc/arm/nordic_nrf/libsoc__arm__nordic_nrf.a(soc.c.obj)
 .text.nordicsemi_nrf53_init
                0x0000000000004bd8       0x5c zephyr/soc/soc/arm/nordic_nrf/libsoc__arm__nordic_nrf.a(soc.c.obj)
 .text.rtc_pretick_init
                0x0000000000004c34       0x60 zephyr/soc/soc/arm/nordic_nrf/libsoc__arm__nordic_nrf.a(soc.c.obj)
 .text.z_arm_on_enter_cpu_idle
                0x0000000000004c94       0x64 zephyr/soc/soc/arm/nordic_nrf/libsoc__arm__nordic_nrf.a(soc.c.obj)
                0x0000000000004c94                z_arm_on_enter_cpu_idle
 .text.arch_busy_wait
                0x0000000000004cf8       0x24 zephyr/soc/soc/arm/nordic_nrf/libsoc__arm__nordic_nrf.a(soc.c.obj)
                0x0000000000004cf8                arch_busy_wait
 .text.rtc_cb   0x0000000000004d1c       0x40 zephyr/soc/soc/arm/nordic_nrf/libsoc__arm__nordic_nrf.a(sync_rtc.c.obj)
 .text.sync_rtc_setup
                0x0000000000004d5c       0xbc zephyr/soc/soc/arm/nordic_nrf/libsoc__arm__nordic_nrf.a(sync_rtc.c.obj)
 .text.mbox_callback
                0x0000000000004e18       0x80 zephyr/soc/soc/arm/nordic_nrf/libsoc__arm__nordic_nrf.a(sync_rtc.c.obj)
 .text.z_arm_platform_init
                0x0000000000004e98        0x4 zephyr/soc/soc/arm/nordic_nrf/libsoc__arm__nordic_nrf.a(soc_nrf_common.S.obj)
                0x0000000000004e98                z_arm_platform_init
 .text.remoteproc_mgr_boot
                0x0000000000004e9c       0x68 zephyr/boards/boards/arm/nrf5340dk_nrf5340_cpuapp/libboards__arm__nrf5340dk_nrf5340.a(nrf5340_cpunet_reset.c.obj)
 .text.bt_hex   0x0000000000004f04       0x44 zephyr/subsys/bluetooth/common/libsubsys__bluetooth__common.a(bt_str.c.obj)
                0x0000000000004f04                bt_hex
 .text.bt_addr_le_str
                0x0000000000004f48       0x7c zephyr/subsys/bluetooth/common/libsubsys__bluetooth__common.a(bt_str.c.obj)
                0x0000000000004f48                bt_addr_le_str
 .text.ecc_process
                0x0000000000004fc4      0x17c zephyr/subsys/bluetooth/host/libsubsys__bluetooth__host.a(hci_ecc.c.obj)
 .text.le_gen_dhkey
                0x0000000000005140       0x80 zephyr/subsys/bluetooth/host/libsubsys__bluetooth__host.a(hci_ecc.c.obj)
 .text.bt_hci_ecc_send
                0x00000000000051c0       0xd0 zephyr/subsys/bluetooth/host/libsubsys__bluetooth__host.a(hci_ecc.c.obj)
                0x00000000000051c0                bt_hci_ecc_send
 .text.long_wq_init
                0x0000000000005290       0x38 zephyr/subsys/bluetooth/host/libsubsys__bluetooth__host.a(long_wq.c.obj)
 .text.bt_long_wq_schedule
                0x00000000000052c8        0xc zephyr/subsys/bluetooth/host/libsubsys__bluetooth__host.a(long_wq.c.obj)
                0x00000000000052c8                bt_long_wq_schedule
 .text.bt_long_wq_submit
                0x00000000000052d4        0xc zephyr/subsys/bluetooth/host/libsubsys__bluetooth__host.a(long_wq.c.obj)
                0x00000000000052d4                bt_long_wq_submit
 .text.uuid_to_uuid128
                0x00000000000052e0       0x78 zephyr/subsys/bluetooth/host/libsubsys__bluetooth__host.a(uuid.c.obj)
 .text.bt_buf_get_rx
                0x0000000000005358       0x3c zephyr/subsys/bluetooth/host/libsubsys__bluetooth__host.a(buf.c.obj)
                0x0000000000005358                bt_buf_get_rx
 .text.bt_buf_get_cmd_complete
                0x0000000000005394       0x38 zephyr/subsys/bluetooth/host/libsubsys__bluetooth__host.a(buf.c.obj)
                0x0000000000005394                bt_buf_get_cmd_complete
 .text.bt_buf_get_evt
                0x00000000000053cc       0x58 zephyr/subsys/bluetooth/host/libsubsys__bluetooth__host.a(buf.c.obj)
                0x00000000000053cc                bt_buf_get_evt
 .text.bt_data_parse
                0x0000000000005424       0x64 zephyr/subsys/bluetooth/host/libsubsys__bluetooth__host.a(data.c.obj)
                0x0000000000005424                bt_data_parse
 .text.hci_data_buf_overflow
                0x0000000000005488       0x18 zephyr/subsys/bluetooth/host/libsubsys__bluetooth__host.a(hci_core.c.obj)
 .text.hci_disconn_complete_prio
                0x00000000000054a0       0x40 zephyr/subsys/bluetooth/host/libsubsys__bluetooth__host.a(hci_core.c.obj)
 .text.hci_disconn_complete
                0x00000000000054e0       0x4c zephyr/subsys/bluetooth/host/libsubsys__bluetooth__host.a(hci_core.c.obj)
 .text.le_phy_update_complete
                0x000000000000552c       0x34 zephyr/subsys/bluetooth/host/libsubsys__bluetooth__host.a(hci_core.c.obj)
 .text.le_data_len_change
                0x0000000000005560       0x30 zephyr/subsys/bluetooth/host/libsubsys__bluetooth__host.a(hci_core.c.obj)
 .text.hci_hardware_error
                0x0000000000005590       0x24 zephyr/subsys/bluetooth/host/libsubsys__bluetooth__host.a(hci_core.c.obj)
 .text.rx_queue_put
                0x00000000000055b4       0x3c zephyr/subsys/bluetooth/host/libsubsys__bluetooth__host.a(hci_core.c.obj)
 .text.le_conn_param_neg_reply.part.0
                0x00000000000055f0       0x14 zephyr/subsys/bluetooth/host/libsubsys__bluetooth__host.a(hci_core.c.obj)
 .text.handle_event.part.0
                0x0000000000005604       0x48 zephyr/subsys/bluetooth/host/libsubsys__bluetooth__host.a(hci_core.c.obj)
 .text.handle_event
                0x000000000000564c       0x50 zephyr/subsys/bluetooth/host/libsubsys__bluetooth__host.a(hci_core.c.obj)
 .text.hci_le_meta_event
                0x000000000000569c       0x20 zephyr/subsys/bluetooth/host/libsubsys__bluetooth__host.a(hci_core.c.obj)
 .text.le_remote_feat_complete
                0x00000000000056bc       0x54 zephyr/subsys/bluetooth/host/libsubsys__bluetooth__host.a(hci_core.c.obj)
 .text.le_read_buffer_size_complete
                0x0000000000005710       0x24 zephyr/subsys/bluetooth/host/libsubsys__bluetooth__host.a(hci_core.c.obj)
 .text.rx_work_handler
                0x0000000000005734      0x13c zephyr/subsys/bluetooth/host/libsubsys__bluetooth__host.a(hci_core.c.obj)
 .text.hci_cmd_done
                0x0000000000005870      0x124 zephyr/subsys/bluetooth/host/libsubsys__bluetooth__host.a(hci_core.c.obj)
 .text.hci_cmd_status
                0x0000000000005994       0x2c zephyr/subsys/bluetooth/host/libsubsys__bluetooth__host.a(hci_core.c.obj)
 .text.hci_cmd_complete
                0x00000000000059c0       0x50 zephyr/subsys/bluetooth/host/libsubsys__bluetooth__host.a(hci_core.c.obj)
 .text.hci_tx_thread
                0x0000000000005a10      0x15c zephyr/subsys/bluetooth/host/libsubsys__bluetooth__host.a(hci_core.c.obj)
 .text.hci_num_completed_packets
                0x0000000000005b6c      0x130 zephyr/subsys/bluetooth/host/libsubsys__bluetooth__host.a(hci_core.c.obj)
 .text.le_conn_update_complete
                0x0000000000005c9c       0xc4 zephyr/subsys/bluetooth/host/libsubsys__bluetooth__host.a(hci_core.c.obj)
 .text.bt_hci_cmd_state_set_init
                0x0000000000005d60       0x24 zephyr/subsys/bluetooth/host/libsubsys__bluetooth__host.a(hci_core.c.obj)
                0x0000000000005d60                bt_hci_cmd_state_set_init
 .text.bt_hci_cmd_create
                0x0000000000005d84       0x74 zephyr/subsys/bluetooth/host/libsubsys__bluetooth__host.a(hci_core.c.obj)
                0x0000000000005d84                bt_hci_cmd_create
 .text.bt_hci_cmd_send
                0x0000000000005df8       0x58 zephyr/subsys/bluetooth/host/libsubsys__bluetooth__host.a(hci_core.c.obj)
                0x0000000000005df8                bt_hci_cmd_send
 .text.bt_hci_host_num_completed_packets
                0x0000000000005e50       0xd8 zephyr/subsys/bluetooth/host/libsubsys__bluetooth__host.a(hci_core.c.obj)
                0x0000000000005e50                bt_hci_host_num_completed_packets
 .text.le_ltk_request
                0x0000000000005f28       0xc0 zephyr/subsys/bluetooth/host/libsubsys__bluetooth__host.a(hci_core.c.obj)
 .text.le_conn_param_req
                0x0000000000005fe8       0xc0 zephyr/subsys/bluetooth/host/libsubsys__bluetooth__host.a(hci_core.c.obj)
 .text.bt_hci_cmd_send_sync
                0x00000000000060a8       0xf0 zephyr/subsys/bluetooth/host/libsubsys__bluetooth__host.a(hci_core.c.obj)
                0x00000000000060a8                bt_hci_cmd_send_sync
 .text.hci_le_read_max_data_len
                0x0000000000006198       0x44 zephyr/subsys/bluetooth/host/libsubsys__bluetooth__host.a(hci_core.c.obj)
 .text.bt_hci_le_rand
                0x00000000000061dc       0x58 zephyr/subsys/bluetooth/host/libsubsys__bluetooth__host.a(hci_core.c.obj)
                0x00000000000061dc                bt_hci_le_rand
 .text.bt_get_phy
                0x0000000000006234       0x14 zephyr/subsys/bluetooth/host/libsubsys__bluetooth__host.a(hci_core.c.obj)
                0x0000000000006234                bt_get_phy
 .text.bt_get_df_cte_type
                0x0000000000006248       0x10 zephyr/subsys/bluetooth/host/libsubsys__bluetooth__host.a(hci_core.c.obj)
                0x0000000000006248                bt_get_df_cte_type
 .text.bt_hci_le_enh_conn_complete
                0x0000000000006258      0x24c zephyr/subsys/bluetooth/host/libsubsys__bluetooth__host.a(hci_core.c.obj)
                0x0000000000006258                bt_hci_le_enh_conn_complete
 .text.le_legacy_conn_complete
                0x00000000000064a4       0x64 zephyr/subsys/bluetooth/host/libsubsys__bluetooth__host.a(hci_core.c.obj)
 .text.bt_security_err_get
                0x0000000000006508       0x10 zephyr/subsys/bluetooth/host/libsubsys__bluetooth__host.a(hci_core.c.obj)
                0x0000000000006508                bt_security_err_get
 .text.hci_encrypt_key_refresh_complete
                0x0000000000006518       0x88 zephyr/subsys/bluetooth/host/libsubsys__bluetooth__host.a(hci_core.c.obj)
 .text.hci_encrypt_change
                0x00000000000065a0       0x9c zephyr/subsys/bluetooth/host/libsubsys__bluetooth__host.a(hci_core.c.obj)
 .text.bt_hci_get_ver_str
                0x000000000000663c       0x3c zephyr/subsys/bluetooth/host/libsubsys__bluetooth__host.a(hci_core.c.obj)
                0x000000000000663c                bt_hci_get_ver_str
 .text.hci_event_prio
                0x0000000000006678       0x9c zephyr/subsys/bluetooth/host/libsubsys__bluetooth__host.a(hci_core.c.obj)
                0x0000000000006678                hci_event_prio
 .text.bt_recv  0x0000000000006714       0x54 zephyr/subsys/bluetooth/host/libsubsys__bluetooth__host.a(hci_core.c.obj)
                0x0000000000006714                bt_recv
 .text.bt_hci_driver_register
                0x0000000000006768       0x28 zephyr/subsys/bluetooth/host/libsubsys__bluetooth__host.a(hci_core.c.obj)
                0x0000000000006768                bt_hci_driver_register
 .text.bt_finalize_init
                0x0000000000006790      0x134 zephyr/subsys/bluetooth/host/libsubsys__bluetooth__host.a(hci_core.c.obj)
                0x0000000000006790                bt_finalize_init
 .text.init_work
                0x00000000000068c4       0x18 zephyr/subsys/bluetooth/host/libsubsys__bluetooth__host.a(hci_core.c.obj)
 .text.bt_enable
                0x00000000000068dc      0x104 zephyr/subsys/bluetooth/host/libsubsys__bluetooth__host.a(hci_core.c.obj)
                0x00000000000068dc                bt_enable
 .text.bt_get_name
                0x00000000000069e0        0x8 zephyr/subsys/bluetooth/host/libsubsys__bluetooth__host.a(hci_core.c.obj)
                0x00000000000069e0                bt_get_name
 .text.id_find  0x00000000000069e8       0x30 zephyr/subsys/bluetooth/host/libsubsys__bluetooth__host.a(id.c.obj)
 .text.id_create.constprop.0
                0x0000000000006a18       0x5c zephyr/subsys/bluetooth/host/libsubsys__bluetooth__host.a(id.c.obj)
 .text.set_random_address
                0x0000000000006a74       0x50 zephyr/subsys/bluetooth/host/libsubsys__bluetooth__host.a(id.c.obj)
 .text.bt_id_pending_keys_update_set
                0x0000000000006ac4       0x20 zephyr/subsys/bluetooth/host/libsubsys__bluetooth__host.a(id.c.obj)
 .text.bt_id_del.part.0
                0x0000000000006ae4      0x160 zephyr/subsys/bluetooth/host/libsubsys__bluetooth__host.a(id.c.obj)
 .text.bt_id_add.part.0
                0x0000000000006c44      0x198 zephyr/subsys/bluetooth/host/libsubsys__bluetooth__host.a(id.c.obj)
 .text.bt_id_pending_keys_update
                0x0000000000006ddc       0x2c zephyr/subsys/bluetooth/host/libsubsys__bluetooth__host.a(id.c.obj)
                0x0000000000006ddc                bt_id_pending_keys_update
 .text.bt_id_find_conflict
                0x0000000000006e08       0x20 zephyr/subsys/bluetooth/host/libsubsys__bluetooth__host.a(id.c.obj)
                0x0000000000006e08                bt_id_find_conflict
 .text.bt_id_add
                0x0000000000006e28       0x38 zephyr/subsys/bluetooth/host/libsubsys__bluetooth__host.a(id.c.obj)
                0x0000000000006e28                bt_id_add
 .text.bt_id_del
                0x0000000000006e60       0x3c zephyr/subsys/bluetooth/host/libsubsys__bluetooth__host.a(id.c.obj)
                0x0000000000006e60                bt_id_del
 .text.bt_id_create
                0x0000000000006e9c       0x9c zephyr/subsys/bluetooth/host/libsubsys__bluetooth__host.a(id.c.obj)
                0x0000000000006e9c                bt_id_create
 .text.bt_id_read_public_addr
                0x0000000000006f38       0x78 zephyr/subsys/bluetooth/host/libsubsys__bluetooth__host.a(id.c.obj)
                0x0000000000006f38                bt_id_read_public_addr
 .text.bt_setup_public_id_addr
                0x0000000000006fb0       0x20 zephyr/subsys/bluetooth/host/libsubsys__bluetooth__host.a(id.c.obj)
                0x0000000000006fb0                bt_setup_public_id_addr
 .text.bt_read_static_addr
                0x0000000000006fd0       0x94 zephyr/subsys/bluetooth/host/libsubsys__bluetooth__host.a(id.c.obj)
                0x0000000000006fd0                bt_read_static_addr
 .text.bt_setup_random_id_addr
                0x0000000000007064       0x5c zephyr/subsys/bluetooth/host/libsubsys__bluetooth__host.a(id.c.obj)
                0x0000000000007064                bt_setup_random_id_addr
 .text.bt_id_set_scan_own_addr
                0x00000000000070c0       0x24 zephyr/subsys/bluetooth/host/libsubsys__bluetooth__host.a(id.c.obj)
                0x00000000000070c0                bt_id_set_scan_own_addr
 .text.bt_id_set_adv_own_addr
                0x00000000000070e4       0xd4 zephyr/subsys/bluetooth/host/libsubsys__bluetooth__host.a(id.c.obj)
                0x00000000000070e4                bt_id_set_adv_own_addr
 .text.bt_id_init
                0x00000000000071b8       0x54 zephyr/subsys/bluetooth/host/libsubsys__bluetooth__host.a(id.c.obj)
                0x00000000000071b8                bt_id_init
 .text.hci_set_ad_ext
                0x000000000000720c      0x2c0 zephyr/subsys/bluetooth/host/libsubsys__bluetooth__host.a(adv.c.obj)
 .text.valid_adv_ext_param
                0x00000000000074cc       0xa0 zephyr/subsys/bluetooth/host/libsubsys__bluetooth__host.a(adv.c.obj)
 .text.adv_is_directed
                0x000000000000756c       0x18 zephyr/subsys/bluetooth/host/libsubsys__bluetooth__host.a(adv.c.obj)
 .text.le_adv_start_add_conn
                0x0000000000007584       0x60 zephyr/subsys/bluetooth/host/libsubsys__bluetooth__host.a(adv.c.obj)
 .text.le_adv_stop_free_conn
                0x00000000000075e4       0x3c zephyr/subsys/bluetooth/host/libsubsys__bluetooth__host.a(adv.c.obj)
 .text.adv_new  0x0000000000007620       0x40 zephyr/subsys/bluetooth/host/libsubsys__bluetooth__host.a(adv.c.obj)
 .text.le_ext_adv_param_set
                0x0000000000007660      0x244 zephyr/subsys/bluetooth/host/libsubsys__bluetooth__host.a(adv.c.obj)
 .text.bt_le_ext_adv_foreach
                0x00000000000078a4       0x20 zephyr/subsys/bluetooth/host/libsubsys__bluetooth__host.a(adv.c.obj)
                0x00000000000078a4                bt_le_ext_adv_foreach
 .text.bt_le_adv_delete_legacy
                0x00000000000078c4       0x1c zephyr/subsys/bluetooth/host/libsubsys__bluetooth__host.a(adv.c.obj)
                0x00000000000078c4                bt_le_adv_delete_legacy
 .text.bt_le_adv_resume
                0x00000000000078e0       0xe0 zephyr/subsys/bluetooth/host/libsubsys__bluetooth__host.a(adv.c.obj)
                0x00000000000078e0                bt_le_adv_resume
 .text.bt_le_ext_adv_create
                0x00000000000079c0       0x60 zephyr/subsys/bluetooth/host/libsubsys__bluetooth__host.a(adv.c.obj)
                0x00000000000079c0                bt_le_ext_adv_create
 .text.bt_le_ext_adv_start
                0x0000000000007a20       0xd8 zephyr/subsys/bluetooth/host/libsubsys__bluetooth__host.a(adv.c.obj)
                0x0000000000007a20                bt_le_ext_adv_start
 .text.bt_le_ext_adv_delete
                0x0000000000007af8       0x6c zephyr/subsys/bluetooth/host/libsubsys__bluetooth__host.a(adv.c.obj)
                0x0000000000007af8                bt_le_ext_adv_delete
 .text.bt_hci_le_adv_set_terminated
                0x0000000000007b64      0x108 zephyr/subsys/bluetooth/host/libsubsys__bluetooth__host.a(adv.c.obj)
                0x0000000000007b64                bt_hci_le_adv_set_terminated
 .text.bt_hci_le_scan_req_received
                0x0000000000007c6c       0x7c zephyr/subsys/bluetooth/host/libsubsys__bluetooth__host.a(adv.c.obj)
                0x0000000000007c6c                bt_hci_le_scan_req_received
 .text.reset_reassembling_advertiser
                0x0000000000007ce8       0x18 zephyr/subsys/bluetooth/host/libsubsys__bluetooth__host.a(scan.c.obj)
 .text.set_le_ext_scan_enable
                0x0000000000007d00       0x6c zephyr/subsys/bluetooth/host/libsubsys__bluetooth__host.a(scan.c.obj)
 .text.create_ext_adv_info
                0x0000000000007d6c       0x50 zephyr/subsys/bluetooth/host/libsubsys__bluetooth__host.a(scan.c.obj)
 .text.per_adv_sync_terminated
                0x0000000000007dbc       0x38 zephyr/subsys/bluetooth/host/libsubsys__bluetooth__host.a(scan.c.obj)
 .text.per_adv_sync_new
                0x0000000000007df4       0x30 zephyr/subsys/bluetooth/host/libsubsys__bluetooth__host.a(scan.c.obj)
 .text.get_pending_per_adv_sync
                0x0000000000007e24       0x1c zephyr/subsys/bluetooth/host/libsubsys__bluetooth__host.a(scan.c.obj)
 .text.start_le_scan_ext
                0x0000000000007e40       0xec zephyr/subsys/bluetooth/host/libsubsys__bluetooth__host.a(scan.c.obj)
 .text.le_adv_recv
                0x0000000000007f2c       0xec zephyr/subsys/bluetooth/host/libsubsys__bluetooth__host.a(scan.c.obj)
 .text.bt_scan_reset
                0x0000000000008018       0x10 zephyr/subsys/bluetooth/host/libsubsys__bluetooth__host.a(scan.c.obj)
                0x0000000000008018                bt_scan_reset
 .text.bt_le_scan_update
                0x0000000000008028       0x64 zephyr/subsys/bluetooth/host/libsubsys__bluetooth__host.a(scan.c.obj)
                0x0000000000008028                bt_le_scan_update
 .text.bt_hci_le_scan_timeout
                0x000000000000808c       0x6c zephyr/subsys/bluetooth/host/libsubsys__bluetooth__host.a(scan.c.obj)
                0x000000000000808c                bt_hci_le_scan_timeout
 .text.bt_hci_le_adv_ext_report
                0x00000000000080f8      0x124 zephyr/subsys/bluetooth/host/libsubsys__bluetooth__host.a(scan.c.obj)
                0x00000000000080f8                bt_hci_le_adv_ext_report
 .text.bt_hci_get_per_adv_sync
                0x000000000000821c       0x24 zephyr/subsys/bluetooth/host/libsubsys__bluetooth__host.a(scan.c.obj)
                0x000000000000821c                bt_hci_get_per_adv_sync
 .text.bt_hci_le_per_adv_report_recv
                0x0000000000008240       0x4c zephyr/subsys/bluetooth/host/libsubsys__bluetooth__host.a(scan.c.obj)
                0x0000000000008240                bt_hci_le_per_adv_report_recv
 .text.bt_hci_le_per_adv_report
                0x000000000000828c       0xa4 zephyr/subsys/bluetooth/host/libsubsys__bluetooth__host.a(scan.c.obj)
                0x000000000000828c                bt_hci_le_per_adv_report
 .text.bt_hci_le_per_adv_sync_established
                0x0000000000008330      0x194 zephyr/subsys/bluetooth/host/libsubsys__bluetooth__host.a(scan.c.obj)
                0x0000000000008330                bt_hci_le_per_adv_sync_established
 .text.bt_hci_le_per_adv_sync_lost
                0x00000000000084c4       0x30 zephyr/subsys/bluetooth/host/libsubsys__bluetooth__host.a(scan.c.obj)
                0x00000000000084c4                bt_hci_le_per_adv_sync_lost
 .text.bt_hci_le_past_received
                0x00000000000084f4       0xe4 zephyr/subsys/bluetooth/host/libsubsys__bluetooth__host.a(scan.c.obj)
                0x00000000000084f4                bt_hci_le_past_received
 .text.bt_hci_le_biginfo_adv_report
                0x00000000000085d8       0xb4 zephyr/subsys/bluetooth/host/libsubsys__bluetooth__host.a(scan.c.obj)
                0x00000000000085d8                bt_hci_le_biginfo_adv_report
 .text.bt_hci_le_adv_report
                0x000000000000868c       0xac zephyr/subsys/bluetooth/host/libsubsys__bluetooth__host.a(scan.c.obj)
                0x000000000000868c                bt_hci_le_adv_report
 .text.bt_le_scan_start
                0x0000000000008738      0x100 zephyr/subsys/bluetooth/host/libsubsys__bluetooth__host.a(scan.c.obj)
                0x0000000000008738                bt_le_scan_start
 .text.bt_le_scan_stop
                0x0000000000008838       0x44 zephyr/subsys/bluetooth/host/libsubsys__bluetooth__host.a(scan.c.obj)
                0x0000000000008838                bt_le_scan_stop
 .text.bt_le_scan_cb_register
                0x000000000000887c       0x20 zephyr/subsys/bluetooth/host/libsubsys__bluetooth__host.a(scan.c.obj)
                0x000000000000887c                bt_le_scan_cb_register
 .text.bt_le_per_adv_sync_delete
                0x000000000000889c       0x84 zephyr/subsys/bluetooth/host/libsubsys__bluetooth__host.a(scan.c.obj)
                0x000000000000889c                bt_le_per_adv_sync_delete
 .text.bt_le_per_adv_sync_create
                0x0000000000008920      0x188 zephyr/subsys/bluetooth/host/libsubsys__bluetooth__host.a(scan.c.obj)
                0x0000000000008920                bt_le_per_adv_sync_create
 .text.bt_le_per_adv_sync_cb_register
                0x0000000000008aa8       0x20 zephyr/subsys/bluetooth/host/libsubsys__bluetooth__host.a(scan.c.obj)
                0x0000000000008aa8                bt_le_per_adv_sync_cb_register
 .text.bt_le_per_adv_sync_transfer_subscribe
                0x0000000000008ac8       0x94 zephyr/subsys/bluetooth/host/libsubsys__bluetooth__host.a(scan.c.obj)
                0x0000000000008ac8                bt_le_per_adv_sync_transfer_subscribe
 .text.prng_reseed.constprop.0
                0x0000000000008b5c       0x60 zephyr/subsys/bluetooth/host/libsubsys__bluetooth__host.a(crypto.c.obj)
 .text.prng_init
                0x0000000000008bbc       0x40 zephyr/subsys/bluetooth/host/libsubsys__bluetooth__host.a(crypto.c.obj)
                0x0000000000008bbc                prng_init
 .text.bt_rand  0x0000000000008bfc       0x3c zephyr/subsys/bluetooth/host/libsubsys__bluetooth__host.a(crypto.c.obj)
                0x0000000000008bfc                bt_rand
 .text.bt_pub_key_is_debug
                0x0000000000008c38       0x18 zephyr/subsys/bluetooth/host/libsubsys__bluetooth__host.a(ecc.c.obj)
                0x0000000000008c38                bt_pub_key_is_debug
 .text.bt_pub_key_gen
                0x0000000000008c50       0xec zephyr/subsys/bluetooth/host/libsubsys__bluetooth__host.a(ecc.c.obj)
                0x0000000000008c50                bt_pub_key_gen
 .text.bt_pub_key_get
                0x0000000000008d3c       0x1c zephyr/subsys/bluetooth/host/libsubsys__bluetooth__host.a(ecc.c.obj)
                0x0000000000008d3c                bt_pub_key_get
 .text.bt_dh_key_gen
                0x0000000000008d58       0x98 zephyr/subsys/bluetooth/host/libsubsys__bluetooth__host.a(ecc.c.obj)
                0x0000000000008d58                bt_dh_key_gen
 .text.bt_hci_evt_le_pkey_complete
                0x0000000000008df0       0x74 zephyr/subsys/bluetooth/host/libsubsys__bluetooth__host.a(ecc.c.obj)
                0x0000000000008df0                bt_hci_evt_le_pkey_complete
 .text.bt_hci_evt_le_dhkey_complete
                0x0000000000008e64       0x1c zephyr/subsys/bluetooth/host/libsubsys__bluetooth__host.a(ecc.c.obj)
                0x0000000000008e64                bt_hci_evt_le_dhkey_complete
 .text.notify_connected
                0x0000000000008e80       0x3c zephyr/subsys/bluetooth/host/libsubsys__bluetooth__host.a(conn.c.obj)
 .text.tx_notify
                0x0000000000008ebc       0x60 zephyr/subsys/bluetooth/host/libsubsys__bluetooth__host.a(conn.c.obj)
 .text.conn_tx_destroy
                0x0000000000008f1c       0x2c zephyr/subsys/bluetooth/host/libsubsys__bluetooth__host.a(conn.c.obj)
 .text.bt_conn_create_pdu_timeout.part.0
                0x0000000000008f48       0x18 zephyr/subsys/bluetooth/host/libsubsys__bluetooth__host.a(conn.c.obj)
 .text.bt_conn_iso_init
                0x0000000000008f60       0x18 zephyr/subsys/bluetooth/host/libsubsys__bluetooth__host.a(conn.c.obj)
                0x0000000000008f60                bt_conn_iso_init
 .text.bt_conn_get_pkts
                0x0000000000008f78       0x2c zephyr/subsys/bluetooth/host/libsubsys__bluetooth__host.a(conn.c.obj)
                0x0000000000008f78                bt_conn_get_pkts
 .text.send_frag
                0x0000000000008fa4      0x1a8 zephyr/subsys/bluetooth/host/libsubsys__bluetooth__host.a(conn.c.obj)
 .text.bt_conn_new
                0x000000000000914c       0x5c zephyr/subsys/bluetooth/host/libsubsys__bluetooth__host.a(conn.c.obj)
                0x000000000000914c                bt_conn_new
 .text.bt_conn_recv
                0x00000000000091a8      0x108 zephyr/subsys/bluetooth/host/libsubsys__bluetooth__host.a(conn.c.obj)
                0x00000000000091a8                bt_conn_recv
 .text.bt_conn_send_cb
                0x00000000000092b0       0xcc zephyr/subsys/bluetooth/host/libsubsys__bluetooth__host.a(conn.c.obj)
                0x00000000000092b0                bt_conn_send_cb
 .text.bt_conn_prepare_events
                0x000000000000937c       0x5c zephyr/subsys/bluetooth/host/libsubsys__bluetooth__host.a(conn.c.obj)
                0x000000000000937c                bt_conn_prepare_events
 .text.bt_conn_set_state
                0x00000000000093d8      0x208 zephyr/subsys/bluetooth/host/libsubsys__bluetooth__host.a(conn.c.obj)
                0x00000000000093d8                bt_conn_set_state
 .text.bt_conn_lookup_handle
                0x00000000000095e0       0x54 zephyr/subsys/bluetooth/host/libsubsys__bluetooth__host.a(conn.c.obj)
                0x00000000000095e0                bt_conn_lookup_handle
 .text.bt_conn_foreach
                0x0000000000009634       0x64 zephyr/subsys/bluetooth/host/libsubsys__bluetooth__host.a(conn.c.obj)
                0x0000000000009634                bt_conn_foreach
 .text.bt_conn_index
                0x0000000000009698       0x24 zephyr/subsys/bluetooth/host/libsubsys__bluetooth__host.a(conn.c.obj)
                0x0000000000009698                bt_conn_index
 .text.bt_conn_create_pdu_timeout
                0x00000000000096bc       0x2c zephyr/subsys/bluetooth/host/libsubsys__bluetooth__host.a(conn.c.obj)
                0x00000000000096bc                bt_conn_create_pdu_timeout
 .text.notify_le_param_updated
                0x00000000000096e8       0x80 zephyr/subsys/bluetooth/host/libsubsys__bluetooth__host.a(conn.c.obj)
                0x00000000000096e8                notify_le_param_updated
 .text.le_param_req
                0x0000000000009768       0x74 zephyr/subsys/bluetooth/host/libsubsys__bluetooth__host.a(conn.c.obj)
                0x0000000000009768                le_param_req
 .text.bt_conn_identity_resolved
                0x00000000000097dc       0x5c zephyr/subsys/bluetooth/host/libsubsys__bluetooth__host.a(conn.c.obj)
                0x00000000000097dc                bt_conn_identity_resolved
 .text.bt_conn_security_changed
                0x0000000000009838       0x4c zephyr/subsys/bluetooth/host/libsubsys__bluetooth__host.a(conn.c.obj)
                0x0000000000009838                bt_conn_security_changed
 .text.bt_conn_cb_register
                0x0000000000009884       0x10 zephyr/subsys/bluetooth/host/libsubsys__bluetooth__host.a(conn.c.obj)
                0x0000000000009884                bt_conn_cb_register
 .text.bt_conn_add_le
                0x0000000000009894       0x3c zephyr/subsys/bluetooth/host/libsubsys__bluetooth__host.a(conn.c.obj)
                0x0000000000009894                bt_conn_add_le
 .text.bt_conn_lookup_addr_le
                0x00000000000098d0       0x34 zephyr/subsys/bluetooth/host/libsubsys__bluetooth__host.a(conn.c.obj)
                0x00000000000098d0                bt_conn_lookup_addr_le
 .text.bt_conn_exists_le
                0x0000000000009904       0x70 zephyr/subsys/bluetooth/host/libsubsys__bluetooth__host.a(conn.c.obj)
                0x0000000000009904                bt_conn_exists_le
 .text.bt_conn_lookup_state_le
                0x0000000000009974       0x44 zephyr/subsys/bluetooth/host/libsubsys__bluetooth__host.a(conn.c.obj)
                0x0000000000009974                bt_conn_lookup_state_le
 .text.bt_conn_get_info
                0x00000000000099b8       0xbc zephyr/subsys/bluetooth/host/libsubsys__bluetooth__host.a(conn.c.obj)
                0x00000000000099b8                bt_conn_get_info
 .text.send_conn_le_param_update
                0x0000000000009a74       0x68 zephyr/subsys/bluetooth/host/libsubsys__bluetooth__host.a(conn.c.obj)
 .text.deferred_work
                0x0000000000009adc       0xf0 zephyr/subsys/bluetooth/host/libsubsys__bluetooth__host.a(conn.c.obj)
 .text.bt_conn_create_frag_timeout
                0x0000000000009bcc        0xc zephyr/subsys/bluetooth/host/libsubsys__bluetooth__host.a(conn.c.obj)
                0x0000000000009bcc                bt_conn_create_frag_timeout
 .text.bt_conn_process_tx
                0x0000000000009bd8      0x140 zephyr/subsys/bluetooth/host/libsubsys__bluetooth__host.a(conn.c.obj)
                0x0000000000009bd8                bt_conn_process_tx
 .text.bt_conn_auth_info_cb_register
                0x0000000000009d18       0x28 zephyr/subsys/bluetooth/host/libsubsys__bluetooth__host.a(conn.c.obj)
                0x0000000000009d18                bt_conn_auth_info_cb_register
 .text.bt_conn_lookup_index
                0x0000000000009d40       0x10 zephyr/subsys/bluetooth/host/libsubsys__bluetooth__host.a(conn.c.obj)
                0x0000000000009d40                bt_conn_lookup_index
 .text.bt_conn_init
                0x0000000000009d50       0x44 zephyr/subsys/bluetooth/host/libsubsys__bluetooth__host.a(conn.c.obj)
                0x0000000000009d50                bt_conn_init
 .text.l2cap_create_le_sig_pdu.part.0
                0x0000000000009d94       0x1c zephyr/subsys/bluetooth/host/libsubsys__bluetooth__host.a(l2cap.c.obj)
 .text.l2cap_accept.part.0
                0x0000000000009db0       0x30 zephyr/subsys/bluetooth/host/libsubsys__bluetooth__host.a(l2cap.c.obj)
 .text.l2cap_accept
                0x0000000000009de0       0x1c zephyr/subsys/bluetooth/host/libsubsys__bluetooth__host.a(l2cap.c.obj)
 .text.bt_l2cap_connected
                0x0000000000009dfc       0x8c zephyr/subsys/bluetooth/host/libsubsys__bluetooth__host.a(l2cap.c.obj)
                0x0000000000009dfc                bt_l2cap_connected
 .text.l2cap_recv.part.0
                0x0000000000009e88       0xac zephyr/subsys/bluetooth/host/libsubsys__bluetooth__host.a(l2cap.c.obj)
 .text.l2cap_recv
                0x0000000000009f34       0x24 zephyr/subsys/bluetooth/host/libsubsys__bluetooth__host.a(l2cap.c.obj)
 .text.bt_l2cap_recv
                0x0000000000009f58       0x58 zephyr/subsys/bluetooth/host/libsubsys__bluetooth__host.a(l2cap.c.obj)
                0x0000000000009f58                bt_l2cap_recv
 .text.bt_l2cap_update_conn_param
                0x0000000000009fb0       0x64 zephyr/subsys/bluetooth/host/libsubsys__bluetooth__host.a(l2cap.c.obj)
                0x0000000000009fb0                bt_l2cap_update_conn_param
 .text.att_op_get_type
                0x000000000000a014       0x74 zephyr/subsys/bluetooth/host/libsubsys__bluetooth__host.a(att.c.obj)
 .text.att_get  0x000000000000a088       0x4c zephyr/subsys/bluetooth/host/libsubsys__bluetooth__host.a(att.c.obj)
 .text.bt_att_released
                0x000000000000a0d4        0xc zephyr/subsys/bluetooth/host/libsubsys__bluetooth__host.a(att.c.obj)
 .text.tx_meta_data_free
                0x000000000000a0e0       0x1c zephyr/subsys/bluetooth/host/libsubsys__bluetooth__host.a(att.c.obj)
 .text.bt_att_connected
                0x000000000000a0fc       0x38 zephyr/subsys/bluetooth/host/libsubsys__bluetooth__host.a(att.c.obj)
 .text.read_group_cb
                0x000000000000a134       0xb8 zephyr/subsys/bluetooth/host/libsubsys__bluetooth__host.a(att.c.obj)
 .text.tx_meta_data_alloc
                0x000000000000a1ec       0x30 zephyr/subsys/bluetooth/host/libsubsys__bluetooth__host.a(att.c.obj)
 .text.bt_att_chan_create_pdu
                0x000000000000a21c       0xac zephyr/subsys/bluetooth/host/libsubsys__bluetooth__host.a(att.c.obj)
 .text.read_type_cb
                0x000000000000a2c8       0xac zephyr/subsys/bluetooth/host/libsubsys__bluetooth__host.a(att.c.obj)
 .text.find_type_cb
                0x000000000000a374      0x164 zephyr/subsys/bluetooth/host/libsubsys__bluetooth__host.a(att.c.obj)
 .text.bt_att_accept
                0x000000000000a4d8      0x120 zephyr/subsys/bluetooth/host/libsubsys__bluetooth__host.a(att.c.obj)
 .text.chan_send
                0x000000000000a5f8       0xd8 zephyr/subsys/bluetooth/host/libsubsys__bluetooth__host.a(att.c.obj)
 .text.bt_att_recv
                0x000000000000a6d0      0x110 zephyr/subsys/bluetooth/host/libsubsys__bluetooth__host.a(att.c.obj)
 .text.att_write_rsp.constprop.0
                0x000000000000a7e0       0xc8 zephyr/subsys/bluetooth/host/libsubsys__bluetooth__host.a(att.c.obj)
 .text.bt_att_create_pdu
                0x000000000000a8a8       0x64 zephyr/subsys/bluetooth/host/libsubsys__bluetooth__host.a(att.c.obj)
                0x000000000000a8a8                bt_att_create_pdu
 .text.bt_att_create_rsp_pdu
                0x000000000000a90c       0x70 zephyr/subsys/bluetooth/host/libsubsys__bluetooth__host.a(att.c.obj)
                0x000000000000a90c                bt_att_create_rsp_pdu
 .text.att_read_group_req
                0x000000000000a97c       0xfc zephyr/subsys/bluetooth/host/libsubsys__bluetooth__host.a(att.c.obj)
 .text.att_read_mult_vl_req
                0x000000000000aa78       0xa8 zephyr/subsys/bluetooth/host/libsubsys__bluetooth__host.a(att.c.obj)
 .text.att_read_mult_req
                0x000000000000ab20       0xa8 zephyr/subsys/bluetooth/host/libsubsys__bluetooth__host.a(att.c.obj)
 .text.att_read_rsp
                0x000000000000abc8       0x9c zephyr/subsys/bluetooth/host/libsubsys__bluetooth__host.a(att.c.obj)
 .text.att_read_type_req
                0x000000000000ac64       0xc8 zephyr/subsys/bluetooth/host/libsubsys__bluetooth__host.a(att.c.obj)
 .text.att_find_type_req
                0x000000000000ad2c       0xcc zephyr/subsys/bluetooth/host/libsubsys__bluetooth__host.a(att.c.obj)
 .text.att_find_info_req
                0x000000000000adf8       0x74 zephyr/subsys/bluetooth/host/libsubsys__bluetooth__host.a(att.c.obj)
 .text.bt_att_init
                0x000000000000ae6c       0x38 zephyr/subsys/bluetooth/host/libsubsys__bluetooth__host.a(att.c.obj)
                0x000000000000ae6c                bt_att_init
 .text.bt_att_req_alloc
                0x000000000000aea4       0x50 zephyr/subsys/bluetooth/host/libsubsys__bluetooth__host.a(att.c.obj)
                0x000000000000aea4                bt_att_req_alloc
 .text.bt_att_req_free
                0x000000000000aef4       0x28 zephyr/subsys/bluetooth/host/libsubsys__bluetooth__host.a(att.c.obj)
                0x000000000000aef4                bt_att_req_free
 .text.att_handle_rsp
                0x000000000000af1c       0x80 zephyr/subsys/bluetooth/host/libsubsys__bluetooth__host.a(att.c.obj)
 .text.bt_att_disconnected
                0x000000000000af9c       0xcc zephyr/subsys/bluetooth/host/libsubsys__bluetooth__host.a(att.c.obj)
 .text.att_timeout
                0x000000000000b068       0xc8 zephyr/subsys/bluetooth/host/libsubsys__bluetooth__host.a(att.c.obj)
 .text.find_cf_cfg
                0x000000000000b130       0x5c zephyr/subsys/bluetooth/host/libsubsys__bluetooth__host.a(gatt.c.obj)
 .text.find_sc_cfg
                0x000000000000b18c       0x40 zephyr/subsys/bluetooth/host/libsubsys__bluetooth__host.a(gatt.c.obj)
 .text.find_ccc_cfg
                0x000000000000b1cc       0x48 zephyr/subsys/bluetooth/host/libsubsys__bluetooth__host.a(gatt.c.obj)
 .text.bt_gatt_attr_write_ccc
                0x000000000000b214       0xbc zephyr/subsys/bluetooth/host/libsubsys__bluetooth__host.a(gatt.c.obj)
                0x000000000000b214                bt_gatt_attr_write_ccc
 .text.read_ppcp
                0x000000000000b2d0       0x28 zephyr/subsys/bluetooth/host/libsubsys__bluetooth__host.a(gatt.c.obj)
 .text.clear_cf_cfg
                0x000000000000b2f8       0x28 zephyr/subsys/bluetooth/host/libsubsys__bluetooth__host.a(gatt.c.obj)
 .text.sc_save  0x000000000000b320       0x60 zephyr/subsys/bluetooth/host/libsubsys__bluetooth__host.a(gatt.c.obj)
 .text.disconnected_cb
                0x000000000000b380       0xb4 zephyr/subsys/bluetooth/host/libsubsys__bluetooth__host.a(gatt.c.obj)
 .text.cf_write
                0x000000000000b434       0x98 zephyr/subsys/bluetooth/host/libsubsys__bluetooth__host.a(gatt.c.obj)
 .text.sc_indicate_rsp
                0x000000000000b4cc       0x4c zephyr/subsys/bluetooth/host/libsubsys__bluetooth__host.a(gatt.c.obj)
 .text.bt_gatt_init
                0x000000000000b518       0x78 zephyr/subsys/bluetooth/host/libsubsys__bluetooth__host.a(gatt.c.obj)
                0x000000000000b518                bt_gatt_init
 .text.bt_gatt_attr_get_handle
                0x000000000000b590       0x60 zephyr/subsys/bluetooth/host/libsubsys__bluetooth__host.a(gatt.c.obj)
                0x000000000000b590                bt_gatt_attr_get_handle
 .text.bt_gatt_foreach_attr_type
                0x000000000000b5f0       0xb4 zephyr/subsys/bluetooth/host/libsubsys__bluetooth__host.a(gatt.c.obj)
                0x000000000000b5f0                bt_gatt_foreach_attr_type
 .text.db_hash_gen
                0x000000000000b6a4       0x80 zephyr/subsys/bluetooth/host/libsubsys__bluetooth__host.a(gatt.c.obj)
 .text.db_hash_read
                0x000000000000b724       0x64 zephyr/subsys/bluetooth/host/libsubsys__bluetooth__host.a(gatt.c.obj)
 .text.db_hash_process
                0x000000000000b788       0x14 zephyr/subsys/bluetooth/host/libsubsys__bluetooth__host.a(gatt.c.obj)
 .text.bt_gatt_attr_next
                0x000000000000b79c       0x24 zephyr/subsys/bluetooth/host/libsubsys__bluetooth__host.a(gatt.c.obj)
                0x000000000000b79c                bt_gatt_attr_next
 .text.gatt_indicate
                0x000000000000b7c0       0xe4 zephyr/subsys/bluetooth/host/libsubsys__bluetooth__host.a(gatt.c.obj)
 .text.bt_gatt_indicate
                0x000000000000b8a4       0xf0 zephyr/subsys/bluetooth/host/libsubsys__bluetooth__host.a(gatt.c.obj)
                0x000000000000b8a4                bt_gatt_indicate
 .text.sc_process
                0x000000000000b994       0x60 zephyr/subsys/bluetooth/host/libsubsys__bluetooth__host.a(gatt.c.obj)
 .text.update_ccc
                0x000000000000b9f4      0x12c zephyr/subsys/bluetooth/host/libsubsys__bluetooth__host.a(gatt.c.obj)
 .text.gatt_notify
                0x000000000000bb20       0xb0 zephyr/subsys/bluetooth/host/libsubsys__bluetooth__host.a(gatt.c.obj)
 .text.bt_gatt_notify_cb
                0x000000000000bbd0       0xe8 zephyr/subsys/bluetooth/host/libsubsys__bluetooth__host.a(gatt.c.obj)
                0x000000000000bbd0                bt_gatt_notify_cb
 .text.notify_cb
                0x000000000000bcb8      0x13c zephyr/subsys/bluetooth/host/libsubsys__bluetooth__host.a(gatt.c.obj)
 .text.bt_gatt_connected
                0x000000000000bdf4       0x4c zephyr/subsys/bluetooth/host/libsubsys__bluetooth__host.a(gatt.c.obj)
                0x000000000000bdf4                bt_gatt_connected
 .text.bt_gatt_att_max_mtu_changed
                0x000000000000be40       0x28 zephyr/subsys/bluetooth/host/libsubsys__bluetooth__host.a(gatt.c.obj)
                0x000000000000be40                bt_gatt_att_max_mtu_changed
 .text.bt_gatt_encrypt_change
                0x000000000000be68       0x28 zephyr/subsys/bluetooth/host/libsubsys__bluetooth__host.a(gatt.c.obj)
                0x000000000000be68                bt_gatt_encrypt_change
 .text.bt_gatt_disconnected
                0x000000000000be90       0x48 zephyr/subsys/bluetooth/host/libsubsys__bluetooth__host.a(gatt.c.obj)
                0x000000000000be90                bt_gatt_disconnected
 .text.smp_find
                0x000000000000bed8       0x1c zephyr/subsys/bluetooth/host/libsubsys__bluetooth__host.a(smp.c.obj)
 .text.latch_auth_cb
                0x000000000000bef4       0x2c zephyr/subsys/bluetooth/host/libsubsys__bluetooth__host.a(smp.c.obj)
 .text.get_io_capa
                0x000000000000bf20       0x4c zephyr/subsys/bluetooth/host/libsubsys__bluetooth__host.a(smp.c.obj)
 .text.smp_chan_get.part.0
                0x000000000000bf6c       0x18 zephyr/subsys/bluetooth/host/libsubsys__bluetooth__host.a(smp.c.obj)
 .text.bt_smp_pkey_ready.part.0
                0x000000000000bf84       0x14 zephyr/subsys/bluetooth/host/libsubsys__bluetooth__host.a(smp.c.obj)
 .text.smp_send.constprop.0
                0x000000000000bf98       0x48 zephyr/subsys/bluetooth/host/libsubsys__bluetooth__host.a(smp.c.obj)
 .text.smp_init
                0x000000000000bfe0       0x38 zephyr/subsys/bluetooth/host/libsubsys__bluetooth__host.a(smp.c.obj)
 .text.smp_dhkey_generate
                0x000000000000c018       0x3c zephyr/subsys/bluetooth/host/libsubsys__bluetooth__host.a(smp.c.obj)
 .text.smp_send_pairing_confirm
                0x000000000000c054       0x90 zephyr/subsys/bluetooth/host/libsubsys__bluetooth__host.a(smp.c.obj)
 .text.smp_public_key_periph
                0x000000000000c0e4      0x15c zephyr/subsys/bluetooth/host/libsubsys__bluetooth__host.a(smp.c.obj)
 .text.smp_public_key
                0x000000000000c240       0xac zephyr/subsys/bluetooth/host/libsubsys__bluetooth__host.a(smp.c.obj)
 .text.compute_and_check_and_send_periph_dhcheck
                0x000000000000c2ec      0x184 zephyr/subsys/bluetooth/host/libsubsys__bluetooth__host.a(smp.c.obj)
 .text.bt_smp_connected
                0x000000000000c470       0x44 zephyr/subsys/bluetooth/host/libsubsys__bluetooth__host.a(smp.c.obj)
 .text.bt_smp_accept.part.0
                0x000000000000c4b4       0x30 zephyr/subsys/bluetooth/host/libsubsys__bluetooth__host.a(smp.c.obj)
 .text.bt_smp_accept
                0x000000000000c4e4       0x20 zephyr/subsys/bluetooth/host/libsubsys__bluetooth__host.a(smp.c.obj)
 .text.smp_ident_info
                0x000000000000c504       0x8c zephyr/subsys/bluetooth/host/libsubsys__bluetooth__host.a(smp.c.obj)
 .text.smp_encrypt_info
                0x000000000000c590       0x8c zephyr/subsys/bluetooth/host/libsubsys__bluetooth__host.a(smp.c.obj)
 .text.smp_pairing_confirm
                0x000000000000c61c       0x84 zephyr/subsys/bluetooth/host/libsubsys__bluetooth__host.a(smp.c.obj)
 .text.smp_pairing_random
                0x000000000000c6a0      0x214 zephyr/subsys/bluetooth/host/libsubsys__bluetooth__host.a(smp.c.obj)
 .text.get_auth
                0x000000000000c8b4       0x58 zephyr/subsys/bluetooth/host/libsubsys__bluetooth__host.a(smp.c.obj)
 .text.smp_pairing_req
                0x000000000000c90c      0x378 zephyr/subsys/bluetooth/host/libsubsys__bluetooth__host.a(smp.c.obj)
 .text.bt_smp_start_security
                0x000000000000cc84      0x18c zephyr/subsys/bluetooth/host/libsubsys__bluetooth__host.a(smp.c.obj)
                0x000000000000cc84                bt_smp_start_security
 .text.smp_pairing_complete
                0x000000000000ce10      0x120 zephyr/subsys/bluetooth/host/libsubsys__bluetooth__host.a(smp.c.obj)
 .text.smp_error
                0x000000000000cf30       0xa8 zephyr/subsys/bluetooth/host/libsubsys__bluetooth__host.a(smp.c.obj)
 .text.bt_smp_recv
                0x000000000000cfd8       0xe4 zephyr/subsys/bluetooth/host/libsubsys__bluetooth__host.a(smp.c.obj)
 .text.bt_smp_pkey_ready
                0x000000000000d0bc       0x40 zephyr/subsys/bluetooth/host/libsubsys__bluetooth__host.a(smp.c.obj)
 .text.smp_ident_addr_info
                0x000000000000d0fc      0x1bc zephyr/subsys/bluetooth/host/libsubsys__bluetooth__host.a(smp.c.obj)
 .text.smp_central_ident
                0x000000000000d2b8       0xb0 zephyr/subsys/bluetooth/host/libsubsys__bluetooth__host.a(smp.c.obj)
 .text.smp_pairing_failed
                0x000000000000d368       0x60 zephyr/subsys/bluetooth/host/libsubsys__bluetooth__host.a(smp.c.obj)
 .text.bt_smp_encrypt_change
                0x000000000000d3c8      0x22c zephyr/subsys/bluetooth/host/libsubsys__bluetooth__host.a(smp.c.obj)
 .text.smp_timeout
                0x000000000000d5f4       0x30 zephyr/subsys/bluetooth/host/libsubsys__bluetooth__host.a(smp.c.obj)
 .text.bt_smp_update_keys
                0x000000000000d624      0x140 zephyr/subsys/bluetooth/host/libsubsys__bluetooth__host.a(smp.c.obj)
                0x000000000000d624                bt_smp_update_keys
 .text.bt_smp_init
                0x000000000000d764       0x2c zephyr/subsys/bluetooth/host/libsubsys__bluetooth__host.a(smp.c.obj)
                0x000000000000d764                bt_smp_init
 .text.bt_keys_get_addr
                0x000000000000d790       0x4c zephyr/subsys/bluetooth/host/libsubsys__bluetooth__host.a(keys.c.obj)
                0x000000000000d790                bt_keys_get_addr
 .text.bt_foreach_bond
                0x000000000000d7dc       0x44 zephyr/subsys/bluetooth/host/libsubsys__bluetooth__host.a(keys.c.obj)
                0x000000000000d7dc                bt_foreach_bond
 .text.bt_keys_foreach_type
                0x000000000000d820       0x20 zephyr/subsys/bluetooth/host/libsubsys__bluetooth__host.a(keys.c.obj)
                0x000000000000d820                bt_keys_foreach_type
 .text.bt_keys_find
                0x000000000000d840       0x38 zephyr/subsys/bluetooth/host/libsubsys__bluetooth__host.a(keys.c.obj)
                0x000000000000d840                bt_keys_find
 .text.bt_keys_find_irk
                0x000000000000d878       0x80 zephyr/subsys/bluetooth/host/libsubsys__bluetooth__host.a(keys.c.obj)
                0x000000000000d878                bt_keys_find_irk
 .text.bt_keys_find_addr
                0x000000000000d8f8       0x24 zephyr/subsys/bluetooth/host/libsubsys__bluetooth__host.a(keys.c.obj)
                0x000000000000d8f8                bt_keys_find_addr
 .text.bt_iso_disconnected.part.0
                0x000000000000d91c       0x14 zephyr/subsys/bluetooth/host/libsubsys__bluetooth__host.a(iso.c.obj)
 .text.hci_iso  0x000000000000d930       0x8c zephyr/subsys/bluetooth/host/libsubsys__bluetooth__host.a(iso.c.obj)
                0x000000000000d930                hci_iso
 .text.bt_iso_create_frag_timeout
                0x000000000000d9bc        0xc zephyr/subsys/bluetooth/host/libsubsys__bluetooth__host.a(iso.c.obj)
                0x000000000000d9bc                bt_iso_create_frag_timeout
 .text.bt_iso_get_rx
                0x000000000000d9c8       0x24 zephyr/subsys/bluetooth/host/libsubsys__bluetooth__host.a(iso.c.obj)
                0x000000000000d9c8                bt_iso_get_rx
 .text.bt_iso_recv
                0x000000000000d9ec      0x234 zephyr/subsys/bluetooth/host/libsubsys__bluetooth__host.a(iso.c.obj)
                0x000000000000d9ec                bt_iso_recv
 .text.bt_iso_connected
                0x000000000000dc20      0x14c zephyr/subsys/bluetooth/host/libsubsys__bluetooth__host.a(iso.c.obj)
                0x000000000000dc20                bt_iso_connected
 .text.hci_le_big_sync_established
                0x000000000000dd6c       0xfc zephyr/subsys/bluetooth/host/libsubsys__bluetooth__host.a(iso.c.obj)
                0x000000000000dd6c                hci_le_big_sync_established
 .text.hci_le_big_sync_lost
                0x000000000000de68       0x34 zephyr/subsys/bluetooth/host/libsubsys__bluetooth__host.a(iso.c.obj)
                0x000000000000de68                hci_le_big_sync_lost
 .text.bt_iso_big_sync
                0x000000000000de9c      0x214 zephyr/subsys/bluetooth/host/libsubsys__bluetooth__host.a(iso.c.obj)
                0x000000000000de9c                bt_iso_big_sync
 .text.bt_bap_decode_base
                0x000000000000e0b0      0x180 zephyr/subsys/bluetooth/audio/libsubsys__bluetooth__audio.a(audio.c.obj)
                0x000000000000e0b0                bt_bap_decode_base
 .text.supported_context_read
                0x000000000000e230       0x2c zephyr/subsys/bluetooth/audio/libsubsys__bluetooth__audio.a(pacs.c.obj)
 .text.available_contexts_read
                0x000000000000e25c       0x2c zephyr/subsys/bluetooth/audio/libsubsys__bluetooth__audio.a(pacs.c.obj)
 .text.snk_loc_read
                0x000000000000e288       0x24 zephyr/subsys/bluetooth/audio/libsubsys__bluetooth__audio.a(pacs.c.obj)
 .text.deferred_nfy_work_handler
                0x000000000000e2ac       0x10 zephyr/subsys/bluetooth/audio/libsubsys__bluetooth__audio.a(pacs.c.obj)
 .text.foreach_cap.constprop.0
                0x000000000000e2bc       0x20 zephyr/subsys/bluetooth/audio/libsubsys__bluetooth__audio.a(pacs.c.obj)
 .text.snk_read
                0x000000000000e2dc       0x78 zephyr/subsys/bluetooth/audio/libsubsys__bluetooth__audio.a(pacs.c.obj)
 .text.pacs_security_changed
                0x000000000000e354       0x40 zephyr/subsys/bluetooth/audio/libsubsys__bluetooth__audio.a(pacs.c.obj)
 .text.pacs_bond_deleted
                0x000000000000e394       0x50 zephyr/subsys/bluetooth/audio/libsubsys__bluetooth__audio.a(pacs.c.obj)
 .text.pacs_gatt_notify_complete_cb
                0x000000000000e3e4       0x20 zephyr/subsys/bluetooth/audio/libsubsys__bluetooth__audio.a(pacs.c.obj)
                0x000000000000e3e4                pacs_gatt_notify_complete_cb
 .text.notify_cb
                0x000000000000e404       0xf8 zephyr/subsys/bluetooth/audio/libsubsys__bluetooth__audio.a(pacs.c.obj)
 .text.add_bonded_addr_to_client_list
                0x000000000000e4fc       0xac zephyr/subsys/bluetooth/audio/libsubsys__bluetooth__audio.a(pacs.c.obj)
 .text.pacs_auth_pairing_complete
                0x000000000000e5a8       0x74 zephyr/subsys/bluetooth/audio/libsubsys__bluetooth__audio.a(pacs.c.obj)
 .text.bt_pacs_cap_foreach
                0x000000000000e61c       0x24 zephyr/subsys/bluetooth/audio/libsubsys__bluetooth__audio.a(pacs.c.obj)
                0x000000000000e61c                bt_pacs_cap_foreach
 .text.bt_pacs_cap_register
                0x000000000000e640       0x64 zephyr/subsys/bluetooth/audio/libsubsys__bluetooth__audio.a(pacs.c.obj)
                0x000000000000e640                bt_pacs_cap_register
 .text.bt_audio_codec_cfg_freq_to_freq_hz
                0x000000000000e6a4       0x18 zephyr/subsys/bluetooth/audio/libsubsys__bluetooth__audio.a(codec.c.obj)
                0x000000000000e6a4                bt_audio_codec_cfg_freq_to_freq_hz
 .text.bt_audio_codec_cfg_get_val
                0x000000000000e6bc       0x44 zephyr/subsys/bluetooth/audio/libsubsys__bluetooth__audio.a(codec.c.obj)
                0x000000000000e6bc                bt_audio_codec_cfg_get_val
 .text.bt_bap_iso_new
                0x000000000000e700       0x58 zephyr/subsys/bluetooth/audio/libsubsys__bluetooth__audio.a(bap_iso.c.obj)
                0x000000000000e700                bt_bap_iso_new
 .text.broadcast_sink_lookup_iso_chan
                0x000000000000e758       0x28 zephyr/subsys/bluetooth/audio/libsubsys__bluetooth__audio.a(bap_broadcast_sink.c.obj)
 .text.pa_term_cb
                0x000000000000e780       0x18 zephyr/subsys/bluetooth/audio/libsubsys__bluetooth__audio.a(bap_broadcast_sink.c.obj)
 .text.broadcast_sink_init
                0x000000000000e798       0x10 zephyr/subsys/bluetooth/audio/libsubsys__bluetooth__audio.a(bap_broadcast_sink.c.obj)
 .text.update_recv_state_big_cleared.constprop.0
                0x000000000000e7a8       0x78 zephyr/subsys/bluetooth/audio/libsubsys__bluetooth__audio.a(bap_broadcast_sink.c.obj)
 .text.broadcast_sink_set_ep_state
                0x000000000000e820       0x88 zephyr/subsys/bluetooth/audio/libsubsys__bluetooth__audio.a(bap_broadcast_sink.c.obj)
 .text.pa_decode_base
                0x000000000000e8a8      0x180 zephyr/subsys/bluetooth/audio/libsubsys__bluetooth__audio.a(bap_broadcast_sink.c.obj)
 .text.broadcast_sink_iso_recv
                0x000000000000ea28       0x64 zephyr/subsys/bluetooth/audio/libsubsys__bluetooth__audio.a(bap_broadcast_sink.c.obj)
 .text.broadcast_sink_iso_disconnected
                0x000000000000ea8c      0x104 zephyr/subsys/bluetooth/audio/libsubsys__bluetooth__audio.a(bap_broadcast_sink.c.obj)
 .text.broadcast_sink_iso_connected
                0x000000000000eb90      0x18c zephyr/subsys/bluetooth/audio/libsubsys__bluetooth__audio.a(bap_broadcast_sink.c.obj)
 .text.pa_recv  0x000000000000ed1c       0x28 zephyr/subsys/bluetooth/audio/libsubsys__bluetooth__audio.a(bap_broadcast_sink.c.obj)
 .text.biginfo_recv
                0x000000000000ed44      0x150 zephyr/subsys/bluetooth/audio/libsubsys__bluetooth__audio.a(bap_broadcast_sink.c.obj)
 .text.bt_bap_broadcast_sink_register_cb
                0x000000000000ee94       0x28 zephyr/subsys/bluetooth/audio/libsubsys__bluetooth__audio.a(bap_broadcast_sink.c.obj)
                0x000000000000ee94                bt_bap_broadcast_sink_register_cb
 .text.bt_bap_broadcast_sink_create
                0x000000000000eebc       0xe8 zephyr/subsys/bluetooth/audio/libsubsys__bluetooth__audio.a(bap_broadcast_sink.c.obj)
                0x000000000000eebc                bt_bap_broadcast_sink_create
 .text.bt_bap_broadcast_sink_sync
                0x000000000000efa4      0x2a4 zephyr/subsys/bluetooth/audio/libsubsys__bluetooth__audio.a(bap_broadcast_sink.c.obj)
                0x000000000000efa4                bt_bap_broadcast_sink_sync
 .text.bis_sync_request_updated
                0x000000000000f248       0x18 zephyr/subsys/bluetooth/audio/libsubsys__bluetooth__audio.a(bap_scan_delegator.c.obj)
 .text.next_src_id
                0x000000000000f260       0x24 zephyr/subsys/bluetooth/audio/libsubsys__bluetooth__audio.a(bap_scan_delegator.c.obj)
 .text.bass_lookup_src_id
                0x000000000000f284       0x1c zephyr/subsys/bluetooth/audio/libsubsys__bluetooth__audio.a(bap_scan_delegator.c.obj)
 .text.pa_sync_request
                0x000000000000f2a0       0x44 zephyr/subsys/bluetooth/audio/libsubsys__bluetooth__audio.a(bap_scan_delegator.c.obj)
 .text.pa_sync_term_request
                0x000000000000f2e4       0x18 zephyr/subsys/bluetooth/audio/libsubsys__bluetooth__audio.a(bap_scan_delegator.c.obj)
 .text.bt_bap_scan_delegator_init
                0x000000000000f2fc       0x24 zephyr/subsys/bluetooth/audio/libsubsys__bluetooth__audio.a(bap_scan_delegator.c.obj)
 .text.net_buf_put_recv_state
                0x000000000000f320       0xa8 zephyr/subsys/bluetooth/audio/libsubsys__bluetooth__audio.a(bap_scan_delegator.c.obj)
 .text.read_recv_state
                0x000000000000f3c8       0x6c zephyr/subsys/bluetooth/audio/libsubsys__bluetooth__audio.a(bap_scan_delegator.c.obj)
 .text.scan_delegator_disconnected
                0x000000000000f434       0x14 zephyr/subsys/bluetooth/audio/libsubsys__bluetooth__audio.a(bap_scan_delegator.c.obj)
 .text.receive_state_updated
                0x000000000000f448       0x74 zephyr/subsys/bluetooth/audio/libsubsys__bluetooth__audio.a(bap_scan_delegator.c.obj)
 .text.pa_terminated
                0x000000000000f4bc       0x24 zephyr/subsys/bluetooth/audio/libsubsys__bluetooth__audio.a(bap_scan_delegator.c.obj)
 .text.pa_synced
                0x000000000000f4e0       0x38 zephyr/subsys/bluetooth/audio/libsubsys__bluetooth__audio.a(bap_scan_delegator.c.obj)
 .text.scan_delegator_security_changed.part.0
                0x000000000000f518       0x70 zephyr/subsys/bluetooth/audio/libsubsys__bluetooth__audio.a(bap_scan_delegator.c.obj)
 .text.write_control_point
                0x000000000000f588      0x4b0 zephyr/subsys/bluetooth/audio/libsubsys__bluetooth__audio.a(bap_scan_delegator.c.obj)
 .text.bt_bap_scan_delegator_register_cb
                0x000000000000fa38        0xc zephyr/subsys/bluetooth/audio/libsubsys__bluetooth__audio.a(bap_scan_delegator.c.obj)
                0x000000000000fa38                bt_bap_scan_delegator_register_cb
 .text.bt_bap_scan_delegator_add_src
                0x000000000000fa44       0xe8 zephyr/subsys/bluetooth/audio/libsubsys__bluetooth__audio.a(bap_scan_delegator.c.obj)
                0x000000000000fa44                bt_bap_scan_delegator_add_src
 .text.bt_bap_scan_delegator_mod_src
                0x000000000000fb2c      0x164 zephyr/subsys/bluetooth/audio/libsubsys__bluetooth__audio.a(bap_scan_delegator.c.obj)
                0x000000000000fb2c                bt_bap_scan_delegator_mod_src
 .text.bt_bap_scan_delegator_foreach_state
                0x000000000000fc90       0x14 zephyr/subsys/bluetooth/audio/libsubsys__bluetooth__audio.a(bap_scan_delegator.c.obj)
                0x000000000000fc90                bt_bap_scan_delegator_foreach_state
 .text.bt_bap_scan_delegator_find_state
                0x000000000000fca4       0x20 zephyr/subsys/bluetooth/audio/libsubsys__bluetooth__audio.a(bap_scan_delegator.c.obj)
                0x000000000000fca4                bt_bap_scan_delegator_find_state
 .text.bt_crypto_f5
                0x000000000000fcc4       0xd0 zephyr/subsys/bluetooth/crypto/libsubsys__bluetooth__crypto.a(bt_crypto.c.obj)
                0x000000000000fcc4                bt_crypto_f5
 .text.bt_crypto_g2
                0x000000000000fd94       0x5c zephyr/subsys/bluetooth/crypto/libsubsys__bluetooth__crypto.a(bt_crypto.c.obj)
                0x000000000000fd94                bt_crypto_g2
 .text.net_buf_destroy
                0x000000000000fdf0       0x38 zephyr/subsys/net/libsubsys__net.a(buf.c.obj)
 .text.net_buf_pool_get
                0x000000000000fe28       0x10 zephyr/subsys/net/libsubsys__net.a(buf.c.obj)
                0x000000000000fe28                net_buf_pool_get
 .text.net_buf_id
                0x000000000000fe38       0x20 zephyr/subsys/net/libsubsys__net.a(buf.c.obj)
                0x000000000000fe38                net_buf_id
 .text.fixed_data_alloc
                0x000000000000fe58       0x30 zephyr/subsys/net/libsubsys__net.a(buf.c.obj)
 .text.net_buf_alloc_len
                0x000000000000fe88       0xf4 zephyr/subsys/net/libsubsys__net.a(buf.c.obj)
                0x000000000000fe88                net_buf_alloc_len
 .text.net_buf_unref
                0x000000000000ff7c       0x38 zephyr/subsys/net/libsubsys__net.a(buf.c.obj)
                0x000000000000ff7c                net_buf_unref
 .text.bt_ipc_send
                0x000000000000ffb4       0x54 zephyr/drivers/bluetooth/libdrivers__bluetooth.a(ipc.c.obj)
 .text.bt_ipc_init
                0x0000000000010008       0x28 zephyr/drivers/bluetooth/libdrivers__bluetooth.a(ipc.c.obj)
 .text.hci_ept_bound
                0x0000000000010030        0xc zephyr/drivers/bluetooth/libdrivers__bluetooth.a(ipc.c.obj)
 .text.bt_ipc_open.part.0
                0x000000000001003c       0x6c zephyr/drivers/bluetooth/libdrivers__bluetooth.a(ipc.c.obj)
 .text.hci_ept_recv
                0x00000000000100a8      0x1d4 zephyr/drivers/bluetooth/libdrivers__bluetooth.a(ipc.c.obj)
 .text.bt_ipc_open
                0x000000000001027c       0x2c zephyr/drivers/bluetooth/libdrivers__bluetooth.a(ipc.c.obj)
 .text.bt_ipc_close.part.0
                0x00000000000102a8       0x54 zephyr/drivers/bluetooth/libdrivers__bluetooth.a(ipc.c.obj)
 .text.bt_ipc_close
                0x00000000000102fc       0x30 zephyr/drivers/bluetooth/libdrivers__bluetooth.a(ipc.c.obj)
 .text.bt_hci_transport_setup
                0x000000000001032c       0x18 zephyr/drivers/bluetooth/libdrivers__bluetooth.a(nrf53_support.c.obj)
                0x000000000001032c                bt_hci_transport_setup
 .text.onoff_stop
                0x0000000000010344       0x30 zephyr/drivers/clock_control/libdrivers__clock_control.a(clock_control_nrf.c.obj)
 .text.onoff_start
                0x0000000000010374       0x44 zephyr/drivers/clock_control/libdrivers__clock_control.a(clock_control_nrf.c.obj)
 .text.clk_init
                0x00000000000103b8       0x64 zephyr/drivers/clock_control/libdrivers__clock_control.a(clock_control_nrf.c.obj)
 .text.clkstarted_handle.constprop.0
                0x000000000001041c       0x34 zephyr/drivers/clock_control/libdrivers__clock_control.a(clock_control_nrf.c.obj)
 .text.clock_event_handler
                0x0000000000010450       0x30 zephyr/drivers/clock_control/libdrivers__clock_control.a(clock_control_nrf.c.obj)
 .text.generic_hfclk_start
                0x0000000000010480       0x64 zephyr/drivers/clock_control/libdrivers__clock_control.a(clock_control_nrf.c.obj)
 .text.api_blocking_start
                0x00000000000104e4       0x3c zephyr/drivers/clock_control/libdrivers__clock_control.a(clock_control_nrf.c.obj)
 .text.generic_hfclk_stop
                0x0000000000010520       0x34 zephyr/drivers/clock_control/libdrivers__clock_control.a(clock_control_nrf.c.obj)
 .text.z_nrf_clock_control_lf_on
                0x0000000000010554       0xfc zephyr/drivers/clock_control/libdrivers__clock_control.a(clock_control_nrf.c.obj)
                0x0000000000010554                z_nrf_clock_control_lf_on
 .text.uart_console_init
                0x0000000000010650       0x28 zephyr/drivers/console/libdrivers__console.a(uart_console.c.obj)
 .text.console_out
                0x0000000000010678       0x28 zephyr/drivers/console/libdrivers__console.a(uart_console.c.obj)
 .text.gpio_nrfx_pin_interrupt_configure
                0x00000000000106a0      0x100 zephyr/drivers/gpio/libdrivers__gpio.a(gpio_nrfx.c.obj)
 .text.gpio_nrfx_init
                0x00000000000107a0       0x48 zephyr/drivers/gpio/libdrivers__gpio.a(gpio_nrfx.c.obj)
 .text.nrfx_gpio_handler
                0x00000000000107e8       0x4c zephyr/drivers/gpio/libdrivers__gpio.a(gpio_nrfx.c.obj)
 .text.gpio_nrfx_pin_configure
                0x0000000000010834      0x18c zephyr/drivers/gpio/libdrivers__gpio.a(gpio_nrfx.c.obj)
 .text.mbox_nrf_init
                0x00000000000109c0       0x9c zephyr/drivers/mbox/libdrivers__mbox.a(mbox_nrfx_ipc.c.obj)
 .text.mbox_nrf_set_enabled
                0x0000000000010a5c       0x94 zephyr/drivers/mbox/libdrivers__mbox.a(mbox_nrfx_ipc.c.obj)
 .text.mbox_nrf_send
                0x0000000000010af0       0x44 zephyr/drivers/mbox/libdrivers__mbox.a(mbox_nrfx_ipc.c.obj)
 .text.mbox_dispatcher
                0x0000000000010b34       0x60 zephyr/drivers/mbox/libdrivers__mbox.a(mbox_nrfx_ipc.c.obj)
 .text.nrf_gpio_pin_port_decode
                0x0000000000010b94       0x24 zephyr/drivers/pinctrl/libdrivers__pinctrl.a(pinctrl_nrf.c.obj)
 .text.pinctrl_configure_pins
                0x0000000000010bb8      0x1a8 zephyr/drivers/pinctrl/libdrivers__pinctrl.a(pinctrl_nrf.c.obj)
                0x0000000000010bb8                pinctrl_configure_pins
 .text.uarte_0_init
                0x0000000000010d60      0x27c zephyr/drivers/serial/libdrivers__serial.a(uart_nrfx_uarte.c.obj)
 .text.uarte_nrfx_poll_out
                0x0000000000010fdc       0xcc zephyr/drivers/serial/libdrivers__serial.a(uart_nrfx_uarte.c.obj)
 .text.compare_int_lock
                0x00000000000110a8       0x40 zephyr/drivers/timer/libdrivers__timer.a(nrf_rtc_timer.c.obj)
 .text.sys_clock_timeout_handler
                0x00000000000110e8       0x48 zephyr/drivers/timer/libdrivers__timer.a(nrf_rtc_timer.c.obj)
 .text.compare_int_unlock
                0x0000000000011130       0x4c zephyr/drivers/timer/libdrivers__timer.a(nrf_rtc_timer.c.obj)
 .text.z_nrf_rtc_timer_compare_evt_address_get
                0x000000000001117c       0x10 zephyr/drivers/timer/libdrivers__timer.a(nrf_rtc_timer.c.obj)